Archive member included to satisfy reference by file (symbol)

/home/slonegd/code/gcc-arm-none-eabi-7-2018-q2-update/bin/../lib/gcc/arm-none-eabi/7.3.1/../../../../arm-none-eabi/lib/thumb/v7-m/libm.a(lib_a-s_ceil.o)
                              build/lora/sx1276.o (ceil)
/home/slonegd/code/gcc-arm-none-eabi-7-2018-q2-update/bin/../lib/gcc/arm-none-eabi/7.3.1/../../../../arm-none-eabi/lib/thumb/v7-m/libm.a(lib_a-s_floor.o)
                              build/lora/sx1276.o (floor)
/home/slonegd/code/gcc-arm-none-eabi-7-2018-q2-update/bin/../lib/gcc/arm-none-eabi/7.3.1/../../../../arm-none-eabi/lib/thumb/v7-m/libm.a(lib_a-s_round.o)
                              build/lora/sx1276.o (round)
/home/slonegd/code/gcc-arm-none-eabi-7-2018-q2-update/bin/../lib/gcc/arm-none-eabi/7.3.1/thumb/v7-m/libgcc.a(_arm_addsubdf3.o)
                              build/lora/sx1276.o (__aeabi_dadd)
/home/slonegd/code/gcc-arm-none-eabi-7-2018-q2-update/bin/../lib/gcc/arm-none-eabi/7.3.1/thumb/v7-m/libgcc.a(_arm_muldivdf3.o)
                              build/lora/sx1276.o (__aeabi_dmul)
/home/slonegd/code/gcc-arm-none-eabi-7-2018-q2-update/bin/../lib/gcc/arm-none-eabi/7.3.1/thumb/v7-m/libgcc.a(_arm_cmpdf2.o)
                              build/lora/sx1276.o (__aeabi_dcmpge)
/home/slonegd/code/gcc-arm-none-eabi-7-2018-q2-update/bin/../lib/gcc/arm-none-eabi/7.3.1/thumb/v7-m/libgcc.a(_arm_fixdfsi.o)
                              build/lora/sx1276.o (__aeabi_d2iz)
/home/slonegd/code/gcc-arm-none-eabi-7-2018-q2-update/bin/../lib/gcc/arm-none-eabi/7.3.1/thumb/v7-m/libgcc.a(_arm_fixunsdfsi.o)
                              build/lora/sx1276.o (__aeabi_d2uiz)
/home/slonegd/code/gcc-arm-none-eabi-7-2018-q2-update/bin/../lib/gcc/arm-none-eabi/7.3.1/thumb/v7-m/libgcc.a(_arm_truncdfsf2.o)
                              build/lora/rtc-board.o (__aeabi_d2f)
/home/slonegd/code/gcc-arm-none-eabi-7-2018-q2-update/bin/../lib/gcc/arm-none-eabi/7.3.1/thumb/v7-m/libgcc.a(_arm_addsubsf3.o)
                              build/lora/rtc-board.o (__aeabi_fsub)
/home/slonegd/code/gcc-arm-none-eabi-7-2018-q2-update/bin/../lib/gcc/arm-none-eabi/7.3.1/thumb/v7-m/libgcc.a(_arm_muldivsf3.o)
                              build/lora/delay.o (__aeabi_fmul)
/home/slonegd/code/gcc-arm-none-eabi-7-2018-q2-update/bin/../lib/gcc/arm-none-eabi/7.3.1/thumb/v7-m/libgcc.a(_arm_cmpsf2.o)
                              build/lora/rtc-board.o (__aeabi_fcmplt)
/home/slonegd/code/gcc-arm-none-eabi-7-2018-q2-update/bin/../lib/gcc/arm-none-eabi/7.3.1/thumb/v7-m/libgcc.a(_arm_fixunssfsi.o)
                              build/lora/delay.o (__aeabi_f2uiz)
/home/slonegd/code/gcc-arm-none-eabi-7-2018-q2-update/bin/../lib/gcc/arm-none-eabi/7.3.1/thumb/v7-m/libgcc.a(_aeabi_uldivmod.o)
                              build/lora/rtc-board.o (__aeabi_uldivmod)
/home/slonegd/code/gcc-arm-none-eabi-7-2018-q2-update/bin/../lib/gcc/arm-none-eabi/7.3.1/thumb/v7-m/libgcc.a(_udivmoddi4.o)
                              /home/slonegd/code/gcc-arm-none-eabi-7-2018-q2-update/bin/../lib/gcc/arm-none-eabi/7.3.1/thumb/v7-m/libgcc.a(_aeabi_uldivmod.o) (__udivmoddi4)
/home/slonegd/code/gcc-arm-none-eabi-7-2018-q2-update/bin/../lib/gcc/arm-none-eabi/7.3.1/thumb/v7-m/libgcc.a(_dvmd_tls.o)
                              /home/slonegd/code/gcc-arm-none-eabi-7-2018-q2-update/bin/../lib/gcc/arm-none-eabi/7.3.1/thumb/v7-m/libgcc.a(_aeabi_uldivmod.o) (__aeabi_ldiv0)
/home/slonegd/code/gcc-arm-none-eabi-7-2018-q2-update/bin/../lib/gcc/arm-none-eabi/7.3.1/../../../../arm-none-eabi/lib/thumb/v7-m/libg_nano.a(lib_a-exit.o)
                              /home/slonegd/code/gcc-arm-none-eabi-7-2018-q2-update/bin/../lib/gcc/arm-none-eabi/7.3.1/../../../../arm-none-eabi/lib/thumb/v7-m/crt0.o (exit)
/home/slonegd/code/gcc-arm-none-eabi-7-2018-q2-update/bin/../lib/gcc/arm-none-eabi/7.3.1/../../../../arm-none-eabi/lib/thumb/v7-m/libg_nano.a(lib_a-impure.o)
                              /home/slonegd/code/gcc-arm-none-eabi-7-2018-q2-update/bin/../lib/gcc/arm-none-eabi/7.3.1/../../../../arm-none-eabi/lib/thumb/v7-m/libg_nano.a(lib_a-exit.o) (_global_impure_ptr)
/home/slonegd/code/gcc-arm-none-eabi-7-2018-q2-update/bin/../lib/gcc/arm-none-eabi/7.3.1/../../../../arm-none-eabi/lib/thumb/v7-m/libg_nano.a(lib_a-init.o)
                              /home/slonegd/code/gcc-arm-none-eabi-7-2018-q2-update/bin/../lib/gcc/arm-none-eabi/7.3.1/../../../../arm-none-eabi/lib/thumb/v7-m/crt0.o (__libc_init_array)
/home/slonegd/code/gcc-arm-none-eabi-7-2018-q2-update/bin/../lib/gcc/arm-none-eabi/7.3.1/../../../../arm-none-eabi/lib/thumb/v7-m/libg_nano.a(lib_a-memcpy-stub.o)
                              build/main.o (memcpy)
/home/slonegd/code/gcc-arm-none-eabi-7-2018-q2-update/bin/../lib/gcc/arm-none-eabi/7.3.1/../../../../arm-none-eabi/lib/thumb/v7-m/libg_nano.a(lib_a-memset.o)
[...]
Memory Configuration

Name             Origin             Length             Attributes
FLASH            0x0000000008000000 0x0000000000080000 xr
RAM              0x0000000020000000 0x0000000000014000 xrw
*default*        0x0000000000000000 0xffffffffffffffff

Linker script and memory map

LOAD /home/slonegd/code/gcc-arm-none-eabi-7-2018-q2-update/bin/../lib/gcc/arm-none-eabi/7.3.1/thumb/v7-m/crti.o
LOAD /home/slonegd/code/gcc-arm-none-eabi-7-2018-q2-update/bin/../lib/gcc/arm-none-eabi/7.3.1/thumb/v7-m/crtbegin.o
LOAD /home/slonegd/code/gcc-arm-none-eabi-7-2018-q2-update/bin/../lib/gcc/arm-none-eabi/7.3.1/../../../../arm-none-eabi/lib/thumb/v7-m/crt0.o
LOAD build/main.o
LOAD build/startup_stm32l152xe.o
LOAD build/lora/sx1276.o
LOAD build/lora/gpio.o
LOAD build/lora/delay.o
LOAD build/lora/timer.o
LOAD build/lora/fifo.o
LOAD build/lora/uart.o
LOAD build/lora/utilities.o
LOAD build/lora/sx1276mb1las-board.o
LOAD build/lora/system_stm32l1xx.o
LOAD build/lora/spi-board.o
LOAD build/lora/gpio-board.o
LOAD build/lora/delay-board.o
LOAD build/lora/uart-board.o
LOAD build/lora/rtc-board.o
LOAD build/lora/lpm-board.o
LOAD build/lora/sysIrqHandlers.o
LOAD build/lora/stm32l1xx_hal_gpio.o
LOAD build/lora/stm32l1xx_hal_uart.o
LOAD build/lora/stm32l1xx_hal_pwr.o
LOAD build/lora/stm32l1xx_hal_pwr_ex.o
LOAD build/lora/stm32l1xx_hal.o
LOAD build/lora/stm32l1xx_hal_rcc.o
LOAD build/lora/stm32l1xx_hal_rcc_ex.o
LOAD build/lora/stm32l1xx_hal_cortex.o
LOAD build/lora/stm32l1xx_hal_spi.o
LOAD build/lora/stm32l1xx_hal_spi_ex.o
LOAD build/lora/stm32l1xx_hal_rtc.o
LOAD build/lora/stm32l1xx_hal_rtc_ex.o
LOAD /home/slonegd/code/gcc-arm-none-eabi-7-2018-q2-update/bin/../lib/gcc/arm-none-eabi/7.3.1/../../../../arm-none-eabi/lib/thumb/v7-m/libm.a
START GROUP
LOAD /home/slonegd/code/gcc-arm-none-eabi-7-2018-q2-update/bin/../lib/gcc/arm-none-eabi/7.3.1/thumb/v7-m/libgcc.a
LOAD /home/slonegd/code/gcc-arm-none-eabi-7-2018-q2-update/bin/../lib/gcc/arm-none-eabi/7.3.1/../../../../arm-none-eabi/lib/thumb/v7-m/libg_nano.a
LOAD /home/slonegd/code/gcc-arm-none-eabi-7-2018-q2-update/bin/../lib/gcc/arm-none-eabi/7.3.1/../../../../arm-none-eabi/lib/thumb/v7-m/libc_nano.a
END GROUP
START GROUP
LOAD /home/slonegd/code/gcc-arm-none-eabi-7-2018-q2-update/bin/../lib/gcc/arm-none-eabi/7.3.1/thumb/v7-m/libgcc.a
LOAD /home/slonegd/code/gcc-arm-none-eabi-7-2018-q2-update/bin/../lib/gcc/arm-none-eabi/7.3.1/../../../../arm-none-eabi/lib/thumb/v7-m/libc_nano.a
LOAD /home/slonegd/code/gcc-arm-none-eabi-7-2018-q2-update/bin/../lib/gcc/arm-none-eabi/7.3.1/../../../../arm-none-eabi/lib/thumb/v7-m/libnosys.a
END GROUP
START GROUP
LOAD /home/slonegd/code/gcc-arm-none-eabi-7-2018-q2-update/bin/../lib/gcc/arm-none-eabi/7.3.1/thumb/v7-m/libgcc.a
LOAD /home/slonegd/code/gcc-arm-none-eabi-7-2018-q2-update/bin/../lib/gcc/arm-none-eabi/7.3.1/../../../../arm-none-eabi/lib/thumb/v7-m/libc_nano.a
LOAD /home/slonegd/code/gcc-arm-none-eabi-7-2018-q2-update/bin/../lib/gcc/arm-none-eabi/7.3.1/../../../../arm-none-eabi/lib/thumb/v7-m/libnosys.a
END GROUP
LOAD /home/slonegd/code/gcc-arm-none-eabi-7-2018-q2-update/bin/../lib/gcc/arm-none-eabi/7.3.1/thumb/v7-m/crtend.o
LOAD /home/slonegd/code/gcc-arm-none-eabi-7-2018-q2-update/bin/../lib/gcc/arm-none-eabi/7.3.1/thumb/v7-m/crtn.o
                0x0000000020014000                _estack = 0x20014000

.text           0x0000000008000000     0x8260
 *(.isr_vector)
 .isr_vector    0x0000000008000000      0x13c build/startup_stm32l152xe.o
                0x0000000008000000                g_pfnVectors
 *(.text*)
 .text          0x000000000800013c       0x40 /home/slonegd/code/gcc-arm-none-eabi-7-2018-q2-update/bin/../lib/gcc/arm-none-eabi/7.3.1/thumb/v7-m/crtbegin.o
 .text.OnTxDone_
                0x000000000800017c       0x14 build/main.o
                0x000000000800017c                OnTxDone_
 .text.OnRxDone_
                0x0000000008000190       0x24 build/main.o
                0x0000000008000190                OnRxDone_
 .text.OnTxTimeout_
                0x00000000080001b4       0x14 build/main.o
                0x00000000080001b4                OnTxTimeout_
 .text.OnRxTimeout_
                0x00000000080001c8       0x14 build/main.o
                0x00000000080001c8                OnRxTimeout_
 .text.OnRxError_
                0x00000000080001dc       0x18 build/main.o
                0x00000000080001dc                OnRxError_
 .text._ZN8FunctionIFvvEE15Function_holderIZ4mainEUlvE3_E4callEv
                0x00000000080001f4       0x18 build/main.o
 .text._ZN8FunctionIFvvEE15Function_holderIZ4mainEUlvE2_E4callEv
                0x000000000800020c       0x18 build/main.o
 .text._ZN8FunctionIFvvEE15Function_holderIZ4mainEUlvE1_E4callEv
                0x0000000008000224       0x18 build/main.o
 .text._ZN8FunctionIFvvEE15Function_holderIZ4mainEUlvE_E4callEv
                0x000000000800023c       0x18 build/main.o
 .text.BoardUnusedIoInit
                0x0000000008000254       0x10 build/main.o
 .text.SystemClockReConfig
                0x0000000008000264       0xe8 build/main.o
 .text.CalibrateSystemWakeupTime
                0x000000000800034c       0x3c build/main.o
 .text.OnCalibrateSystemWakeupTimeTimerEvent
                0x0000000008000388       0x14 build/main.o
 .text._ZN8FunctionIFvPhtsaEE15Function_holderIZ4mainEUlS0_tsaE0_E4callES0_tsa
                0x000000000800039c       0x48 build/main.o
 .text.BoardCriticalSectionBegin
                0x00000000080003e4        0xa build/main.o
                0x00000000080003e4                BoardCriticalSectionBegin
 .text.BoardCriticalSectionEnd
                0x00000000080003ee        0x8 build/main.o
                0x00000000080003ee                BoardCriticalSectionEnd
 *fill*         0x00000000080003f6        0x2 
 .text.BoardDeInitMcu
                0x00000000080003f8       0x14 build/main.o
                0x00000000080003f8                BoardDeInitMcu
 .text.SysTick_Handler
                0x000000000800040c        0xc build/main.o
                0x000000000800040c                SysTick_Handler
 .text.GetBoardPowerSource
                0x0000000008000418       0x14 build/main.o
                0x0000000008000418                GetBoardPowerSource
 .text.LpmEnterStopMode
                0x000000000800042c       0x3c build/main.o
                0x000000000800042c                LpmEnterStopMode
 .text.LpmEnterSleepMode
                0x0000000008000468        0xc build/main.o
                0x0000000008000468                LpmEnterSleepMode
 .text.BoardLowPowerHandler
                0x0000000008000474        0xc build/main.o
                0x0000000008000474                BoardLowPowerHandler
 .text._write   0x0000000008000480       0x1c build/main.o
                0x0000000008000480                _write
 .text._read    0x000000000800049c       0x38 build/main.o
                0x000000000800049c                _read
 .text.assert_failed
                0x00000000080004d4       0x14 build/main.o
                0x00000000080004d4                assert_failed
 .text.SystemClockConfig
                0x00000000080004e8       0xd0 build/main.o
 .text.BoardInitMcu
                0x00000000080005b8       0xb8 build/main.o
                0x00000000080005b8                BoardInitMcu
 .text.LpmExitStopMode
                0x0000000008000670       0x1a build/main.o
                0x0000000008000670                LpmExitStopMode
 *fill*         0x000000000800068a        0x2 
 .text.set_callbacks
                0x000000000800068c       0x3c build/main.o
                0x000000000800068c                set_callbacks
 .text.main     0x00000000080006c8      0x3d4 build/main.o
                0x00000000080006c8                main
 .text.Reset_Handler
                0x0000000008000a9c       0x48 build/startup_stm32l152xe.o
                0x0000000008000a9c                Reset_Handler
 .text.Default_Handler
                0x0000000008000ae4        0x2 build/startup_stm32l152xe.o
                0x0000000008000ae4                COMP_ACQ_IRQHandler
                0x0000000008000ae4                HardFault_Handler
                0x0000000008000ae4                TIM10_IRQHandler
                0x0000000008000ae4                USB_HP_IRQHandler
                0x0000000008000ae4                TIM6_IRQHandler
                0x0000000008000ae4                PVD_IRQHandler
                0x0000000008000ae4                PendSV_Handler
                0x0000000008000ae4                I2C2_EV_IRQHandler
                0x0000000008000ae4                SPI1_IRQHandler
                0x0000000008000ae4                USB_FS_WKUP_IRQHandler
                0x0000000008000ae4                DMA2_Channel2_IRQHandler
                0x0000000008000ae4                DMA1_Channel4_IRQHandler
                0x0000000008000ae4                ADC1_IRQHandler
                0x0000000008000ae4                USART3_IRQHandler
                0x0000000008000ae4                DMA1_Channel7_IRQHandler
                0x0000000008000ae4                LCD_IRQHandler
                0x0000000008000ae4                UART5_IRQHandler
                0x0000000008000ae4                TIM4_IRQHandler
                0x0000000008000ae4                DMA2_Channel1_IRQHandler
                0x0000000008000ae4                I2C1_EV_IRQHandler
                0x0000000008000ae4                DMA1_Channel6_IRQHandler
                0x0000000008000ae4                UART4_IRQHandler
                0x0000000008000ae4                DMA2_Channel4_IRQHandler
                0x0000000008000ae4                TIM3_IRQHandler
                0x0000000008000ae4                RCC_IRQHandler
                0x0000000008000ae4                DMA1_Channel1_IRQHandler
                0x0000000008000ae4                Default_Handler
                0x0000000008000ae4                TIM7_IRQHandler
                0x0000000008000ae4                TIM5_IRQHandler
                0x0000000008000ae4                TIM9_IRQHandler
                0x0000000008000ae4                TAMPER_STAMP_IRQHandler
                0x0000000008000ae4                RTC_WKUP_IRQHandler
                0x0000000008000ae4                SPI2_IRQHandler
                0x0000000008000ae4                SVC_Handler
                0x0000000008000ae4                DMA2_Channel5_IRQHandler
                0x0000000008000ae4                DMA1_Channel5_IRQHandler
                0x0000000008000ae4                USB_LP_IRQHandler
                0x0000000008000ae4                DMA1_Channel3_IRQHandler
                0x0000000008000ae4                COMP_IRQHandler
                0x0000000008000ae4                WWDG_IRQHandler
                0x0000000008000ae4                TIM2_IRQHandler
                0x0000000008000ae4                DAC_IRQHandler
                0x0000000008000ae4                TIM11_IRQHandler
                0x0000000008000ae4                I2C2_ER_IRQHandler
                0x0000000008000ae4                DMA1_Channel2_IRQHandler
                0x0000000008000ae4                FLASH_IRQHandler
                0x0000000008000ae4                USART1_IRQHandler
                0x0000000008000ae4                SPI3_IRQHandler
                0x0000000008000ae4                I2C1_ER_IRQHandler
                0x0000000008000ae4                DMA2_Channel3_IRQHandler
 *fill*         0x0000000008000ae6        0x2 
 .text.GetFskBandwidthRegValue
                0x0000000008000ae8       0x50 build/lora/sx1276.o
 .text.SX1276OnDio4Irq
                0x0000000008000b38       0x20 build/lora/sx1276.o
                0x0000000008000b38                SX1276OnDio4Irq
 .text.SX1276GetStatus
                0x0000000008000b58        0xc build/lora/sx1276.o
                0x0000000008000b58                SX1276GetStatus
 .text.SX1276WriteBuffer
                0x0000000008000b64       0x44 build/lora/sx1276.o
                0x0000000008000b64                SX1276WriteBuffer
 .text.SX1276Write
                0x0000000008000ba8       0x18 build/lora/sx1276.o
                0x0000000008000ba8                SX1276Write
 .text.SX1276SetChannel
                0x0000000008000bc0       0x4c build/lora/sx1276.o
                0x0000000008000bc0                SX1276SetChannel
 .text.SX1276ReadBuffer
                0x0000000008000c0c       0x48 build/lora/sx1276.o
                0x0000000008000c0c                SX1276ReadBuffer
 .text.SX1276Read
                0x0000000008000c54       0x18 build/lora/sx1276.o
                0x0000000008000c54                SX1276Read
 *fill*         0x0000000008000c6c        0x4 
 .text.RxChainCalibration
                0x0000000008000c70       0xa4 build/lora/sx1276.o
 *fill*         0x0000000008000d14        0x4 
 .text.SX1276GetTimeOnAir
                0x0000000008000d18      0x244 build/lora/sx1276.o
                0x0000000008000d18                SX1276GetTimeOnAir
 .text.SX1276ReadRssi
                0x0000000008000f5c       0x50 build/lora/sx1276.o
                0x0000000008000f5c                SX1276ReadRssi
 .text.SX1276SetOpMode
                0x0000000008000fac       0x32 build/lora/sx1276.o
                0x0000000008000fac                SX1276SetOpMode
 *fill*         0x0000000008000fde        0x2 
 .text.SX1276SetSleep
                0x0000000008000fe0       0x2c build/lora/sx1276.o
                0x0000000008000fe0                SX1276SetSleep
 .text.SX1276SetStby
                0x000000000800100c       0x2c build/lora/sx1276.o
                0x000000000800100c                SX1276SetStby
 .text.SX1276SetRx
                0x0000000008001038      0x288 build/lora/sx1276.o
                0x0000000008001038                SX1276SetRx
 .text.SX1276SetTx
                0x00000000080012c0       0xb0 build/lora/sx1276.o
                0x00000000080012c0                SX1276SetTx
 .text.SX1276StartCad
                0x0000000008001370       0x38 build/lora/sx1276.o
                0x0000000008001370                SX1276StartCad
 .text.SX1276SetModem
                0x00000000080013a8       0x88 build/lora/sx1276.o
                0x00000000080013a8                SX1276SetModem
 .text.SX1276Init
                0x0000000008001430       0x88 build/lora/sx1276.o
                0x0000000008001430                SX1276Init
 .text.SX1276IsChannelFree
                0x00000000080014b8       0x48 build/lora/sx1276.o
                0x00000000080014b8                SX1276IsChannelFree
 .text.SX1276Random
                0x0000000008001500       0x40 build/lora/sx1276.o
                0x0000000008001500                SX1276Random
 .text.SX1276SetRxConfig
                0x0000000008001540      0x310 build/lora/sx1276.o
                0x0000000008001540                SX1276SetRxConfig
 .text.SX1276SetTxConfig
                0x0000000008001850      0x26c build/lora/sx1276.o
                0x0000000008001850                SX1276SetTxConfig
 .text.SX1276SetTxContinuousWave
                0x0000000008001abc       0x80 build/lora/sx1276.o
                0x0000000008001abc                SX1276SetTxContinuousWave
 *fill*         0x0000000008001b3c        0x4 
 .text.SX1276OnDio2Irq
                0x0000000008001b40      0x104 build/lora/sx1276.o
                0x0000000008001b40                SX1276OnDio2Irq
 .text.SX1276OnDio3Irq
                0x0000000008001c44       0x50 build/lora/sx1276.o
                0x0000000008001c44                SX1276OnDio3Irq
 .text.SX1276WriteFifo
                0x0000000008001c94        0xe build/lora/sx1276.o
                0x0000000008001c94                SX1276WriteFifo
 *fill*         0x0000000008001ca2        0x2 
 .text.SX1276Send
                0x0000000008001ca4      0x124 build/lora/sx1276.o
                0x0000000008001ca4                SX1276Send
 .text.SX1276ReadFifo
                0x0000000008001dc8        0xe build/lora/sx1276.o
                0x0000000008001dc8                SX1276ReadFifo
 *fill*         0x0000000008001dd6        0x2 
 .text.SX1276OnDio0Irq
                0x0000000008001dd8      0x2fc build/lora/sx1276.o
                0x0000000008001dd8                SX1276OnDio0Irq
 .text.SX1276OnDio1Irq
                0x00000000080020d4      0x124 build/lora/sx1276.o
                0x00000000080020d4                SX1276OnDio1Irq
 .text.SX1276SetMaxPayloadLength
                0x00000000080021f8       0x34 build/lora/sx1276.o
                0x00000000080021f8                SX1276SetMaxPayloadLength
 .text.SX1276SetPublicNetwork
                0x000000000800222c       0x2c build/lora/sx1276.o
                0x000000000800222c                SX1276SetPublicNetwork
 .text.SX1276OnTimeoutIrq
                0x0000000008002258       0xe8 build/lora/sx1276.o
                0x0000000008002258                SX1276OnTimeoutIrq
 .text.SX1276GetWakeupTime
                0x0000000008002340        0xa build/lora/sx1276.o
                0x0000000008002340                SX1276GetWakeupTime
 .text.GpioInit
                0x000000000800234a       0x16 build/lora/gpio.o
                0x000000000800234a                GpioInit
 .text.GpioSetInterrupt
                0x0000000008002360        0x8 build/lora/gpio.o
                0x0000000008002360                GpioSetInterrupt
 .text.GpioWrite
                0x0000000008002368        0x8 build/lora/gpio.o
                0x0000000008002368                GpioWrite
 .text.GpioToggle
                0x0000000008002370        0x8 build/lora/gpio.o
                0x0000000008002370                GpioToggle
 .text.DelayMs  0x0000000008002378        0x8 build/lora/delay.o
                0x0000000008002378                DelayMs
 .text.TimerInsertTimer
                0x0000000008002380       0x3c build/lora/timer.o
 .text.TimerExists
                0x00000000080023bc       0x1c build/lora/timer.o
 .text.TimerSetTimeout
                0x00000000080023d8       0x2c build/lora/timer.o
 .text.TimerInsertNewHeadTimer
                0x0000000008002404       0x1c build/lora/timer.o
 .text.TimerInit
                0x0000000008002420       0x12 build/lora/timer.o
                0x0000000008002420                TimerInit
 *fill*         0x0000000008002432        0x2 
 .text.TimerStart
                0x0000000008002434       0x6c build/lora/timer.o
                0x0000000008002434                TimerStart
 .text.TimerIrqHandler
                0x00000000080024a0       0x80 build/lora/timer.o
                0x00000000080024a0                TimerIrqHandler
 .text.TimerStop
                0x0000000008002520       0x80 build/lora/timer.o
                0x0000000008002520                TimerStop
 .text.TimerSetValue
                0x00000000080025a0       0x24 build/lora/timer.o
                0x00000000080025a0                TimerSetValue
 .text.TimerGetCurrentTime
                0x00000000080025c4        0xc build/lora/timer.o
                0x00000000080025c4                TimerGetCurrentTime
 .text.TimerGetElapsedTime
                0x00000000080025d0       0x20 build/lora/timer.o
                0x00000000080025d0                TimerGetElapsedTime
 .text.FifoNext
                0x00000000080025f0       0x10 build/lora/fifo.o
 .text.FifoPush
                0x0000000008002600       0x14 build/lora/fifo.o
                0x0000000008002600                FifoPush
 .text.FifoPop  0x0000000008002614       0x14 build/lora/fifo.o
                0x0000000008002614                FifoPop
 .text.IsFifoEmpty
                0x0000000008002628        0xe build/lora/fifo.o
                0x0000000008002628                IsFifoEmpty
 .text.IsFifoFull
                0x0000000008002636       0x16 build/lora/fifo.o
                0x0000000008002636                IsFifoFull
 .text.UartPutChar
                0x000000000800264c        0x8 build/lora/uart.o
                0x000000000800264c                UartPutChar
 .text.UartGetChar
                0x0000000008002654        0x8 build/lora/uart.o
                0x0000000008002654                UartGetChar
 .text.UartPutBuffer
                0x000000000800265c        0x8 build/lora/uart.o
                0x000000000800265c                UartPutBuffer
 .text.UartGetBuffer
                0x0000000008002664        0x8 build/lora/uart.o
                0x0000000008002664                UartGetBuffer
 .text.memcpy1  0x000000000800266c       0x16 build/lora/utilities.o
                0x000000000800266c                memcpy1
 *fill*         0x0000000008002682        0x2 
 .text.SX1276GetPaSelect
                0x0000000008002684       0x14 build/lora/sx1276mb1las-board.o
 .text.SX1276CheckRfFrequency
                0x0000000008002698        0x4 build/lora/sx1276mb1las-board.o
                0x0000000008002698                SX1276CheckRfFrequency
 .text.SX1276IoInit
                0x000000000800269c       0x90 build/lora/sx1276mb1las-board.o
                0x000000000800269c                SX1276IoInit
 .text.SX1276IoIrqInit
                0x000000000800272c       0x60 build/lora/sx1276mb1las-board.o
                0x000000000800272c                SX1276IoIrqInit
 .text.SX1276IoDeInit
                0x000000000800278c       0x8c build/lora/sx1276mb1las-board.o
                0x000000000800278c                SX1276IoDeInit
 .text.SX1276GetBoardTcxoWakeupTime
                0x0000000008002818        0x4 build/lora/sx1276mb1las-board.o
                0x0000000008002818                SX1276GetBoardTcxoWakeupTime
 .text.SX1276Reset
                0x000000000800281c       0x40 build/lora/sx1276mb1las-board.o
                0x000000000800281c                SX1276Reset
 .text.SX1276SetRfTxPower
                0x000000000800285c       0xc8 build/lora/sx1276mb1las-board.o
                0x000000000800285c                SX1276SetRfTxPower
 .text.SX1276AntSwInit
                0x0000000008002924       0x20 build/lora/sx1276mb1las-board.o
                0x0000000008002924                SX1276AntSwInit
 .text.SX1276AntSwDeInit
                0x0000000008002944       0x20 build/lora/sx1276mb1las-board.o
                0x0000000008002944                SX1276AntSwDeInit
 .text.SX1276SetAntSwLowPower
                0x0000000008002964       0x20 build/lora/sx1276mb1las-board.o
                0x0000000008002964                SX1276SetAntSwLowPower
 .text.SX1276SetAntSw
                0x0000000008002984       0x20 build/lora/sx1276mb1las-board.o
                0x0000000008002984                SX1276SetAntSw
 .text.SystemInit
                0x00000000080029a4       0x48 build/lora/system_stm32l1xx.o
                0x00000000080029a4                SystemInit
 .text.SpiDeInit
                0x00000000080029ec       0x68 build/lora/spi-board.o
                0x00000000080029ec                SpiDeInit
 .text.SpiFormat
                0x0000000008002a54       0x94 build/lora/spi-board.o
                0x0000000008002a54                SpiFormat
 .text.SpiFrequency
                0x0000000008002ae8       0x50 build/lora/spi-board.o
                0x0000000008002ae8                SpiFrequency
 .text.SpiInit  0x0000000008002b38      0x198 build/lora/spi-board.o
                0x0000000008002b38                SpiInit
 .text.SpiInOut
                0x0000000008002cd0       0x84 build/lora/spi-board.o
                0x0000000008002cd0                SpiInOut
 .text.GpioMcuSetInterrupt
                0x0000000008002d54       0xfc build/lora/gpio-board.o
                0x0000000008002d54                GpioMcuSetInterrupt
 .text.GpioMcuWrite
                0x0000000008002e50       0x38 build/lora/gpio-board.o
                0x0000000008002e50                GpioMcuWrite
 .text.GpioMcuInit
                0x0000000008002e88      0x130 build/lora/gpio-board.o
                0x0000000008002e88                GpioMcuInit
 .text.GpioMcuToggle
                0x0000000008002fb8       0x34 build/lora/gpio-board.o
                0x0000000008002fb8                GpioMcuToggle
 .text.EXTI0_IRQHandler
                0x0000000008002fec        0xa build/lora/gpio-board.o
                0x0000000008002fec                EXTI0_IRQHandler
 .text.EXTI1_IRQHandler
                0x0000000008002ff6        0xa build/lora/gpio-board.o
                0x0000000008002ff6                EXTI1_IRQHandler
 .text.EXTI2_IRQHandler
                0x0000000008003000        0xa build/lora/gpio-board.o
                0x0000000008003000                EXTI2_IRQHandler
 .text.EXTI3_IRQHandler
                0x000000000800300a        0xa build/lora/gpio-board.o
                0x000000000800300a                EXTI3_IRQHandler
 .text.EXTI4_IRQHandler
                0x0000000008003014        0xa build/lora/gpio-board.o
                0x0000000008003014                EXTI4_IRQHandler
 .text.EXTI9_5_IRQHandler
                0x000000000800301e       0x26 build/lora/gpio-board.o
                0x000000000800301e                EXTI9_5_IRQHandler
 .text.EXTI15_10_IRQHandler
                0x0000000008003044       0x34 build/lora/gpio-board.o
                0x0000000008003044                EXTI15_10_IRQHandler
 .text.HAL_GPIO_EXTI_Callback
                0x0000000008003078       0x30 build/lora/gpio-board.o
                0x0000000008003078                HAL_GPIO_EXTI_Callback
 .text.DelayMsMcu
                0x00000000080030a8        0x8 build/lora/delay-board.o
                0x00000000080030a8                DelayMsMcu
 .text.UartMcuPutChar
                0x00000000080030b0       0x5c build/lora/uart-board.o
                0x00000000080030b0                UartMcuPutChar
 .text.UartMcuGetChar
                0x000000000800310c       0x40 build/lora/uart-board.o
                0x000000000800310c                UartMcuGetChar
 .text.UartMcuPutBuffer
                0x000000000800314c       0x3e build/lora/uart-board.o
                0x000000000800314c                UartMcuPutBuffer
 .text.UartMcuGetBuffer
                0x000000000800318a       0x32 build/lora/uart-board.o
                0x000000000800318a                UartMcuGetBuffer
 .text.HAL_UART_TxCpltCallback
                0x00000000080031bc       0x3c build/lora/uart-board.o
                0x00000000080031bc                HAL_UART_TxCpltCallback
 .text.HAL_UART_RxCpltCallback
                0x00000000080031f8       0x3c build/lora/uart-board.o
                0x00000000080031f8                HAL_UART_RxCpltCallback
 .text.HAL_UART_ErrorCallback
                0x0000000008003234       0x18 build/lora/uart-board.o
                0x0000000008003234                HAL_UART_ErrorCallback
 .text.USART2_IRQHandler
                0x000000000800324c       0x44 build/lora/uart-board.o
                0x000000000800324c                USART2_IRQHandler
 .text.RtcGetCalendarValue
                0x0000000008003290       0xac build/lora/rtc-board.o
 .text.RtcSetTimerContext
                0x000000000800333c       0x18 build/lora/rtc-board.o
                0x000000000800333c                RtcSetTimerContext
 .text.RtcInit  0x0000000008003354       0xb8 build/lora/rtc-board.o
                0x0000000008003354                RtcInit
 .text.RtcGetTimerContext
                0x000000000800340c        0xc build/lora/rtc-board.o
                0x000000000800340c                RtcGetTimerContext
 .text.RtcGetMinimumTimeout
                0x0000000008003418        0x4 build/lora/rtc-board.o
                0x0000000008003418                RtcGetMinimumTimeout
 .text.RtcMs2Tick
                0x000000000800341c       0x12 build/lora/rtc-board.o
                0x000000000800341c                RtcMs2Tick
 .text.RtcTick2Ms
                0x000000000800342e       0x16 build/lora/rtc-board.o
                0x000000000800342e                RtcTick2Ms
 .text.RtcStopAlarm
                0x0000000008003444       0x2c build/lora/rtc-board.o
                0x0000000008003444                RtcStopAlarm
 .text.RtcStartAlarm
                0x0000000008003470      0x144 build/lora/rtc-board.o
                0x0000000008003470                RtcStartAlarm
 .text.RtcGetTimerValue
                0x00000000080035b4       0x12 build/lora/rtc-board.o
                0x00000000080035b4                RtcGetTimerValue
 *fill*         0x00000000080035c6        0x2 
 .text.RtcGetTimerElapsedTime
                0x00000000080035c8       0x1c build/lora/rtc-board.o
                0x00000000080035c8                RtcGetTimerElapsedTime
 .text.RtcSetAlarm
                0x00000000080035e4       0x50 build/lora/rtc-board.o
                0x00000000080035e4                RtcSetAlarm
 .text.RtcSetMcuWakeUpTime
                0x0000000008003634       0x84 build/lora/rtc-board.o
                0x0000000008003634                RtcSetMcuWakeUpTime
 .text.HAL_RTC_AlarmAEventCallback
                0x00000000080036b8        0x8 build/lora/rtc-board.o
                0x00000000080036b8                HAL_RTC_AlarmAEventCallback
 .text.RTC_Alarm_IRQHandler
                0x00000000080036c0       0x44 build/lora/rtc-board.o
                0x00000000080036c0                RTC_Alarm_IRQHandler
 .text.LpmSetOffMode
                0x0000000008003704       0x38 build/lora/lpm-board.o
                0x0000000008003704                LpmSetOffMode
 .text.LpmSetStopMode
                0x000000000800373c       0x38 build/lora/lpm-board.o
                0x000000000800373c                LpmSetStopMode
 .text.LpmGetMode
                0x0000000008003774       0x34 build/lora/lpm-board.o
                0x0000000008003774                LpmGetMode
 .text.LpmExitSleepMode
                0x00000000080037a8        0x2 build/lora/lpm-board.o
                0x00000000080037a8                LpmExitSleepMode
 .text.LpmEnterOffMode
                0x00000000080037aa        0x2 build/lora/lpm-board.o
                0x00000000080037aa                LpmEnterOffMode
 .text.LpmExitOffMode
                0x00000000080037ac        0x2 build/lora/lpm-board.o
                0x00000000080037ac                LpmExitOffMode
 *fill*         0x00000000080037ae        0x2 
 .text.LpmEnterLowPower
                0x00000000080037b0       0x34 build/lora/lpm-board.o
                0x00000000080037b0                LpmEnterLowPower
 .text.NMI_Handler
                0x00000000080037e4        0x2 build/lora/sysIrqHandlers.o
                0x00000000080037e4                NMI_Handler
 .text.MemManage_Handler
                0x00000000080037e6        0x2 build/lora/sysIrqHandlers.o
                0x00000000080037e6                MemManage_Handler
 .text.BusFault_Handler
                0x00000000080037e8        0x2 build/lora/sysIrqHandlers.o
                0x00000000080037e8                BusFault_Handler
 .text.UsageFault_Handler
                0x00000000080037ea        0x2 build/lora/sysIrqHandlers.o
                0x00000000080037ea                UsageFault_Handler
 .text.DebugMon_Handler
                0x00000000080037ec        0x2 build/lora/sysIrqHandlers.o
                0x00000000080037ec                DebugMon_Handler
 *fill*         0x00000000080037ee        0x2 
 .text.HAL_GPIO_Init
                0x00000000080037f0      0x2f0 build/lora/stm32l1xx_hal_gpio.o
                0x00000000080037f0                HAL_GPIO_Init
 .text.HAL_GPIO_WritePin
                0x0000000008003ae0       0x38 build/lora/stm32l1xx_hal_gpio.o
                0x0000000008003ae0                HAL_GPIO_WritePin
 .text.HAL_GPIO_TogglePin
                0x0000000008003b18       0x20 build/lora/stm32l1xx_hal_gpio.o
                0x0000000008003b18                HAL_GPIO_TogglePin
 .text.HAL_GPIO_EXTI_IRQHandler
                0x0000000008003b38       0x1c build/lora/stm32l1xx_hal_gpio.o
                0x0000000008003b38                HAL_GPIO_EXTI_IRQHandler
 .text.UART_Transmit_IT
                0x0000000008003b54       0x6c build/lora/stm32l1xx_hal_uart.o
 .text.HAL_UART_Transmit_IT
                0x0000000008003bc0       0x66 build/lora/stm32l1xx_hal_uart.o
                0x0000000008003bc0                HAL_UART_Transmit_IT
 .text.HAL_UART_Receive_IT
                0x0000000008003c26       0x7e build/lora/stm32l1xx_hal_uart.o
                0x0000000008003c26                HAL_UART_Receive_IT
 .text.UART_EndTransmit_IT
                0x0000000008003ca4       0x2c build/lora/stm32l1xx_hal_uart.o
 .text.UART_Receive_IT
                0x0000000008003cd0       0xb6 build/lora/stm32l1xx_hal_uart.o
 .text.HAL_UART_IRQHandler
                0x0000000008003d86       0xca build/lora/stm32l1xx_hal_uart.o
                0x0000000008003d86                HAL_UART_IRQHandler
 .text.HAL_PWR_DisablePVD
                0x0000000008003e50       0x1a build/lora/stm32l1xx_hal_pwr.o
                0x0000000008003e50                HAL_PWR_DisablePVD
 *fill*         0x0000000008003e6a        0x2 
 .text.HAL_PWR_EnterSLEEPMode
                0x0000000008003e6c       0x5c build/lora/stm32l1xx_hal_pwr.o
                0x0000000008003e6c                HAL_PWR_EnterSLEEPMode
 .text.HAL_PWR_EnterSTOPMode
                0x0000000008003ec8       0x68 build/lora/stm32l1xx_hal_pwr.o
                0x0000000008003ec8                HAL_PWR_EnterSTOPMode
 .text.HAL_PWREx_EnableFastWakeUp
                0x0000000008003f30       0x1c build/lora/stm32l1xx_hal_pwr_ex.o
                0x0000000008003f30                HAL_PWREx_EnableFastWakeUp
 .text.HAL_PWREx_EnableUltraLowPower
                0x0000000008003f4c       0x1c build/lora/stm32l1xx_hal_pwr_ex.o
                0x0000000008003f4c                HAL_PWREx_EnableUltraLowPower
 .text.HAL_MspInit
                0x0000000008003f68        0x2 build/lora/stm32l1xx_hal.o
                0x0000000008003f68                HAL_MspInit
 *fill*         0x0000000008003f6a        0x2 
 .text.HAL_InitTick
                0x0000000008003f6c       0x2c build/lora/stm32l1xx_hal.o
                0x0000000008003f6c                HAL_InitTick
 .text.HAL_Init
                0x0000000008003f98       0x16 build/lora/stm32l1xx_hal.o
                0x0000000008003f98                HAL_Init
 *fill*         0x0000000008003fae        0x2 
 .text.HAL_IncTick
                0x0000000008003fb0       0x10 build/lora/stm32l1xx_hal.o
                0x0000000008003fb0                HAL_IncTick
 .text.HAL_GetTick
                0x0000000008003fc0        0xc build/lora/stm32l1xx_hal.o
                0x0000000008003fc0                HAL_GetTick
 .text.HAL_Delay
                0x0000000008003fcc       0x1c build/lora/stm32l1xx_hal.o
                0x0000000008003fcc                HAL_Delay
 .text.HAL_DBGMCU_EnableDBGSleepMode
                0x0000000008003fe8       0x10 build/lora/stm32l1xx_hal.o
                0x0000000008003fe8                HAL_DBGMCU_EnableDBGSleepMode
 .text.HAL_DBGMCU_EnableDBGStopMode
                0x0000000008003ff8       0x10 build/lora/stm32l1xx_hal.o
                0x0000000008003ff8                HAL_DBGMCU_EnableDBGStopMode
 .text.HAL_DBGMCU_EnableDBGStandbyMode
                0x0000000008004008       0x10 build/lora/stm32l1xx_hal.o
                0x0000000008004008                HAL_DBGMCU_EnableDBGStandbyMode
 .text.RCC_SetFlashLatencyFromMSIRange
                0x0000000008004018       0x94 build/lora/stm32l1xx_hal_rcc.o
 .text.HAL_RCC_OscConfig
                0x00000000080040ac      0x95c build/lora/stm32l1xx_hal_rcc.o
                0x00000000080040ac                HAL_RCC_OscConfig
 .text.HAL_RCC_GetSysClockFreq
                0x0000000008004a08       0x94 build/lora/stm32l1xx_hal_rcc.o
                0x0000000008004a08                HAL_RCC_GetSysClockFreq
 .text.HAL_RCC_ClockConfig
                0x0000000008004a9c      0x314 build/lora/stm32l1xx_hal_rcc.o
                0x0000000008004a9c                HAL_RCC_ClockConfig
 .text.HAL_RCC_GetHCLKFreq
                0x0000000008004db0        0xc build/lora/stm32l1xx_hal_rcc.o
                0x0000000008004db0                HAL_RCC_GetHCLKFreq
 .text.HAL_RCCEx_PeriphCLKConfig
                0x0000000008004dbc      0x228 build/lora/stm32l1xx_hal_rcc_ex.o
                0x0000000008004dbc                HAL_RCCEx_PeriphCLKConfig
 .text.HAL_NVIC_SetPriorityGrouping
                0x0000000008004fe4       0x3c build/lora/stm32l1xx_hal_cortex.o
                0x0000000008004fe4                HAL_NVIC_SetPriorityGrouping
 .text.HAL_NVIC_SetPriority
                0x0000000008005020       0x8c build/lora/stm32l1xx_hal_cortex.o
                0x0000000008005020                HAL_NVIC_SetPriority
 .text.HAL_NVIC_EnableIRQ
                0x00000000080050ac       0x2c build/lora/stm32l1xx_hal_cortex.o
                0x00000000080050ac                HAL_NVIC_EnableIRQ
 .text.HAL_SYSTICK_Config
                0x00000000080050d8       0x2c build/lora/stm32l1xx_hal_cortex.o
                0x00000000080050d8                HAL_SYSTICK_Config
 .text.HAL_NVIC_GetPendingIRQ
                0x0000000008005104       0x1c build/lora/stm32l1xx_hal_cortex.o
                0x0000000008005104                HAL_NVIC_GetPendingIRQ
 .text.HAL_SYSTICK_CLKSourceConfig
                0x0000000008005120       0x3c build/lora/stm32l1xx_hal_cortex.o
                0x0000000008005120                HAL_SYSTICK_CLKSourceConfig
 .text.HAL_SYSTICK_Callback
                0x000000000800515c        0x2 build/lora/stm32l1xx_hal_cortex.o
                0x000000000800515c                HAL_SYSTICK_Callback
 .text.HAL_SYSTICK_IRQHandler
                0x000000000800515e        0x8 build/lora/stm32l1xx_hal_cortex.o
                0x000000000800515e                HAL_SYSTICK_IRQHandler
 .text.HAL_SPI_MspInit
                0x0000000008005166        0x2 build/lora/stm32l1xx_hal_spi.o
                0x0000000008005166                HAL_SPI_MspInit
 .text.HAL_SPI_MspDeInit
                0x0000000008005168        0x2 build/lora/stm32l1xx_hal_spi.o
                0x0000000008005168                HAL_SPI_MspDeInit
 .text.HAL_SPI_DeInit
                0x000000000800516a       0x26 build/lora/stm32l1xx_hal_spi.o
                0x000000000800516a                HAL_SPI_DeInit
 .text.HAL_SPI_Init
                0x0000000008005190      0x1a8 build/lora/stm32l1xx_hal_spi_ex.o
                0x0000000008005190                HAL_SPI_Init
 .text.HAL_RTC_MspInit
                0x0000000008005338        0x2 build/lora/stm32l1xx_hal_rtc.o
                0x0000000008005338                HAL_RTC_MspInit
 *fill*         0x000000000800533a        0x2 
 .text.HAL_RTC_DeactivateAlarm
                0x000000000800533c       0xd8 build/lora/stm32l1xx_hal_rtc.o
                0x000000000800533c                HAL_RTC_DeactivateAlarm
 .text.RTC_EnterInitMode
                0x0000000008005414       0x3c build/lora/stm32l1xx_hal_rtc.o
                0x0000000008005414                RTC_EnterInitMode
 .text.HAL_RTC_Init
                0x0000000008005450      0x140 build/lora/stm32l1xx_hal_rtc.o
                0x0000000008005450                HAL_RTC_Init
 .text.RTC_ByteToBcd2
                0x0000000008005590       0x16 build/lora/stm32l1xx_hal_rtc.o
                0x0000000008005590                RTC_ByteToBcd2
 .text.RTC_Bcd2ToByte
                0x00000000080055a6       0x12 build/lora/stm32l1xx_hal_rtc.o
                0x00000000080055a6                RTC_Bcd2ToByte
 .text.HAL_RTC_SetTime
                0x00000000080055b8      0x20c build/lora/stm32l1xx_hal_rtc.o
                0x00000000080055b8                HAL_RTC_SetTime
 .text.HAL_RTC_SetDate
                0x00000000080057c4      0x184 build/lora/stm32l1xx_hal_rtc.o
                0x00000000080057c4                HAL_RTC_SetDate
 .text.HAL_RTC_GetDate
                0x0000000008005948       0x5c build/lora/stm32l1xx_hal_rtc.o
                0x0000000008005948                HAL_RTC_GetDate
 .text.HAL_RTC_GetTime
                0x00000000080059a4       0x70 build/lora/stm32l1xx_hal_rtc_ex.o
                0x00000000080059a4                HAL_RTC_GetTime
 .text.HAL_RTC_SetAlarm_IT
                0x0000000008005a14      0x3a8 build/lora/stm32l1xx_hal_rtc_ex.o
                0x0000000008005a14                HAL_RTC_SetAlarm_IT
 .text.HAL_RTC_GetAlarm
                0x0000000008005dbc       0xbc build/lora/stm32l1xx_hal_rtc_ex.o
                0x0000000008005dbc                HAL_RTC_GetAlarm
 .text.HAL_RTC_WaitForSynchro
                0x0000000008005e78       0x3e build/lora/stm32l1xx_hal_rtc_ex.o
                0x0000000008005e78                HAL_RTC_WaitForSynchro
 .text.HAL_RTCEx_EnableBypassShadow
                0x0000000008005eb6       0x38 build/lora/stm32l1xx_hal_rtc_ex.o
                0x0000000008005eb6                HAL_RTCEx_EnableBypassShadow
 *fill*         0x0000000008005eee        0x2 
 .text.ceil     0x0000000008005ef0      0x110 /home/slonegd/code/gcc-arm-none-eabi-7-2018-q2-update/bin/../lib/gcc/arm-none-eabi/7.3.1/../../../../arm-none-eabi/lib/thumb/v7-m/libm.a(lib_a-s_ceil.o)
                0x0000000008005ef0                ceil
 .text.floor    0x0000000008006000      0x108 /home/slonegd/code/gcc-arm-none-eabi-7-2018-q2-update/bin/../lib/gcc/arm-none-eabi/7.3.1/../../../../arm-none-eabi/lib/thumb/v7-m/libm.a(lib_a-s_floor.o)
                0x0000000008006000                floor
 .text.round    0x0000000008006108       0x9c /home/slonegd/code/gcc-arm-none-eabi-7-2018-q2-update/bin/../lib/gcc/arm-none-eabi/7.3.1/../../../../arm-none-eabi/lib/thumb/v7-m/libm.a(lib_a-s_round.o)
                0x0000000008006108                round
 .text          0x00000000080061a4      0x378 /home/slonegd/code/gcc-arm-none-eabi-7-2018-q2-update/bin/../lib/gcc/arm-none-eabi/7.3.1/thumb/v7-m/libgcc.a(_arm_addsubdf3.o)
                0x00000000080061a4                __aeabi_drsub
                0x00000000080061ac                __aeabi_dsub
                0x00000000080061ac                __subdf3
                0x00000000080061b0                __adddf3
                0x00000000080061b0                __aeabi_dadd
                0x0000000008006428                __aeabi_ui2d
                0x0000000008006428                __floatunsidf
                0x0000000008006448                __floatsidf
                0x0000000008006448                __aeabi_i2d
                0x000000000800646c                __extendsfdf2
                0x000000000800646c                __aeabi_f2d
                0x00000000080064b0                __aeabi_ul2d
                0x00000000080064b0                __floatundidf
                0x00000000080064c0                __floatdidf
                0x00000000080064c0                __aeabi_l2d
 .text          0x000000000800651c      0x424 /home/slonegd/code/gcc-arm-none-eabi-7-2018-q2-update/bin/../lib/gcc/arm-none-eabi/7.3.1/thumb/v7-m/libgcc.a(_arm_muldivdf3.o)
                0x000000000800651c                __aeabi_dmul
                0x000000000800651c                __muldf3
                0x0000000008006770                __aeabi_ddiv
                0x0000000008006770                __divdf3
 .text          0x0000000008006940      0x110 /home/slonegd/code/gcc-arm-none-eabi-7-2018-q2-update/bin/../lib/gcc/arm-none-eabi/7.3.1/thumb/v7-m/libgcc.a(_arm_cmpdf2.o)
                0x0000000008006940                __gtdf2
                0x0000000008006940                __gedf2
                0x0000000008006948                __ltdf2
                0x0000000008006948                __ledf2
                0x0000000008006950                __cmpdf2
                0x0000000008006950                __eqdf2
                0x0000000008006950                __nedf2
                0x00000000080069cc                __aeabi_cdrcmple
                0x00000000080069dc                __aeabi_cdcmple
                0x00000000080069dc                __aeabi_cdcmpeq
                0x00000000080069ec                __aeabi_dcmpeq
                0x0000000008006a00                __aeabi_dcmplt
                0x0000000008006a14                __aeabi_dcmple
                0x0000000008006a28                __aeabi_dcmpge
                0x0000000008006a3c                __aeabi_dcmpgt
 .text          0x0000000008006a50       0x50 /home/slonegd/code/gcc-arm-none-eabi-7-2018-q2-update/bin/../lib/gcc/arm-none-eabi/7.3.1/thumb/v7-m/libgcc.a(_arm_fixdfsi.o)
                0x0000000008006a50                __fixdfsi
                0x0000000008006a50                __aeabi_d2iz
 .text          0x0000000008006aa0       0x40 /home/slonegd/code/gcc-arm-none-eabi-7-2018-q2-update/bin/../lib/gcc/arm-none-eabi/7.3.1/thumb/v7-m/libgcc.a(_arm_fixunsdfsi.o)
                0x0000000008006aa0                __fixunsdfsi
                0x0000000008006aa0                __aeabi_d2uiz
 .text          0x0000000008006ae0       0x30 /home/slonegd/code/gcc-arm-none-eabi-7-2018-q2-update/bin/../lib/gcc/arm-none-eabi/7.3.1/thumb/v7-m/libgcc.a(_aeabi_uldivmod.o)
                0x0000000008006ae0                __aeabi_uldivmod
 .text          0x0000000008006b10      0x2d0 /home/slonegd/code/gcc-arm-none-eabi-7-2018-q2-update/bin/../lib/gcc/arm-none-eabi/7.3.1/thumb/v7-m/libgcc.a(_udivmoddi4.o)
                0x0000000008006b10                __udivmoddi4
 .text          0x0000000008006de0        0x4 /home/slonegd/code/gcc-arm-none-eabi-7-2018-q2-update/bin/../lib/gcc/arm-none-eabi/7.3.1/thumb/v7-m/libgcc.a(_dvmd_tls.o)
                0x0000000008006de0                __aeabi_ldiv0
                0x0000000008006de0                __aeabi_idiv0
 .text.__libc_init_array
                0x0000000008006de4       0x48 /home/slonegd/code/gcc-arm-none-eabi-7-2018-q2-update/bin/../lib/gcc/arm-none-eabi/7.3.1/../../../../arm-none-eabi/lib/thumb/v7-m/libg_nano.a(lib_a-init.o)
                0x0000000008006de4                __libc_init_array
 .text.memcpy   0x0000000008006e2c       0x16 /home/slonegd/code/gcc-arm-none-eabi-7-2018-q2-update/bin/../lib/gcc/arm-none-eabi/7.3.1/../../../../arm-none-eabi/lib/thumb/v7-m/libg_nano.a(lib_a-memcpy-stub.o)
                0x0000000008006e2c                memcpy
 .text.memset   0x0000000008006e42       0x10 /home/slonegd/code/gcc-arm-none-eabi-7-2018-q2-update/bin/../lib/gcc/arm-none-eabi/7.3.1/../../../../arm-none-eabi/lib/thumb/v7-m/libg_nano.a(lib_a-memset.o)
                0x0000000008006e42                memset
 *fill*         0x0000000008006e52        0x2 
 .text.printf   0x0000000008006e54       0x30 /home/slonegd/code/gcc-arm-none-eabi-7-2018-q2-update/bin/../lib/gcc/arm-none-eabi/7.3.1/../../../../arm-none-eabi/lib/thumb/v7-m/libg_nano.a(lib_a-printf.o)
                0x0000000008006e54                printf
                0x0000000008006e54                iprintf
 .text.strncmp  0x0000000008006e84       0x24 /home/slonegd/code/gcc-arm-none-eabi-7-2018-q2-update/bin/../lib/gcc/arm-none-eabi/7.3.1/../../../../arm-none-eabi/lib/thumb/v7-m/libg_nano.a(lib_a-strncmp.o)
                0x0000000008006e84                strncmp
 .text.std      0x0000000008006ea8       0x48 /home/slonegd/code/gcc-arm-none-eabi-7-2018-q2-update/bin/../lib/gcc/arm-none-eabi/7.3.1/../../../../arm-none-eabi/lib/thumb/v7-m/libg_nano.a(lib_a-findfp.o)
 .text._cleanup_r
                0x0000000008006ef0        0xc /home/slonegd/code/gcc-arm-none-eabi-7-2018-q2-update/bin/../lib/gcc/arm-none-eabi/7.3.1/../../../../arm-none-eabi/lib/thumb/v7-m/libg_nano.a(lib_a-findfp.o)
                0x0000000008006ef0                _cleanup_r
 .text.__sfmoreglue
                0x0000000008006efc       0x2c /home/slonegd/code/gcc-arm-none-eabi-7-2018-q2-update/bin/../lib/gcc/arm-none-eabi/7.3.1/../../../../arm-none-eabi/lib/thumb/v7-m/libg_nano.a(lib_a-findfp.o)
                0x0000000008006efc                __sfmoreglue
 .text.__sinit  0x0000000008006f28       0x60 /home/slonegd/code/gcc-arm-none-eabi-7-2018-q2-update/bin/../lib/gcc/arm-none-eabi/7.3.1/../../../../arm-none-eabi/lib/thumb/v7-m/libg_nano.a(lib_a-findfp.o)
                0x0000000008006f28                __sinit
 .text.__sfp    0x0000000008006f88       0x78 /home/slonegd/code/gcc-arm-none-eabi-7-2018-q2-update/bin/../lib/gcc/arm-none-eabi/7.3.1/../../../../arm-none-eabi/lib/thumb/v7-m/libg_nano.a(lib_a-findfp.o)
                0x0000000008006f88                __sfp
 .text._fwalk_reent
                0x0000000008007000       0x3c /home/slonegd/code/gcc-arm-none-eabi-7-2018-q2-update/bin/../lib/gcc/arm-none-eabi/7.3.1/../../../../arm-none-eabi/lib/thumb/v7-m/libg_nano.a(lib_a-fwalk.o)
                0x0000000008007000                _fwalk_reent
 .text._malloc_r
                0x000000000800703c       0xb4 /home/slonegd/code/gcc-arm-none-eabi-7-2018-q2-update/bin/../lib/gcc/arm-none-eabi/7.3.1/../../../../arm-none-eabi/lib/thumb/v7-m/libg_nano.a(lib_a-nano-mallocr.o)
                0x000000000800703c                _malloc_r
 .text.__sfputc_r
                0x00000000080070f0       0x2a /home/slonegd/code/gcc-arm-none-eabi-7-2018-q2-update/bin/../lib/gcc/arm-none-eabi/7.3.1/../../../../arm-none-eabi/lib/thumb/v7-m/libg_nano.a(lib_a-nano-vfprintf.o)
 .text.__sfputs_r
                0x000000000800711a       0x24 /home/slonegd/code/gcc-arm-none-eabi-7-2018-q2-update/bin/../lib/gcc/arm-none-eabi/7.3.1/../../../../arm-none-eabi/lib/thumb/v7-m/libg_nano.a(lib_a-nano-vfprintf.o)
                0x000000000800711a                __sfputs_r
 *fill*         0x000000000800713e        0x2 
 .text._vfprintf_r
                0x0000000008007140      0x22c /home/slonegd/code/gcc-arm-none-eabi-7-2018-q2-update/bin/../lib/gcc/arm-none-eabi/7.3.1/../../../../arm-none-eabi/lib/thumb/v7-m/libg_nano.a(lib_a-nano-vfprintf.o)
                0x0000000008007140                _vfiprintf_r
                0x0000000008007140                _vfprintf_r
 .text._printf_common
                0x000000000800736c       0xec /home/slonegd/code/gcc-arm-none-eabi-7-2018-q2-update/bin/../lib/gcc/arm-none-eabi/7.3.1/../../../../arm-none-eabi/lib/thumb/v7-m/libg_nano.a(lib_a-nano-vfprintf_i.o)
                0x000000000800736c                _printf_common
 .text._printf_i
                0x0000000008007458      0x224 /home/slonegd/code/gcc-arm-none-eabi-7-2018-q2-update/bin/../lib/gcc/arm-none-eabi/7.3.1/../../../../arm-none-eabi/lib/thumb/v7-m/libg_nano.a(lib_a-nano-vfprintf_i.o)
                0x0000000008007458                _printf_i
 .text._sbrk_r  0x000000000800767c       0x20 /home/slonegd/code/gcc-arm-none-eabi-7-2018-q2-update/bin/../lib/gcc/arm-none-eabi/7.3.1/../../../../arm-none-eabi/lib/thumb/v7-m/libg_nano.a(lib_a-sbrkr.o)
                0x000000000800767c                _sbrk_r
 .text.__sread  0x000000000800769c       0x22 /home/slonegd/code/gcc-arm-none-eabi-7-2018-q2-update/bin/../lib/gcc/arm-none-eabi/7.3.1/../../../../arm-none-eabi/lib/thumb/v7-m/libg_nano.a(lib_a-stdio.o)
                0x000000000800769c                __sread
 .text.__swrite
                0x00000000080076be       0x38 /home/slonegd/code/gcc-arm-none-eabi-7-2018-q2-update/bin/../lib/gcc/arm-none-eabi/7.3.1/../../../../arm-none-eabi/lib/thumb/v7-m/libg_nano.a(lib_a-stdio.o)
                0x00000000080076be                __swrite
 .text.__sseek  0x00000000080076f6       0x24 /home/slonegd/code/gcc-arm-none-eabi-7-2018-q2-update/bin/../lib/gcc/arm-none-eabi/7.3.1/../../../../arm-none-eabi/lib/thumb/v7-m/libg_nano.a(lib_a-stdio.o)
                0x00000000080076f6                __sseek
 .text.__sclose
                0x000000000800771a        0x8 /home/slonegd/code/gcc-arm-none-eabi-7-2018-q2-update/bin/../lib/gcc/arm-none-eabi/7.3.1/../../../../arm-none-eabi/lib/thumb/v7-m/libg_nano.a(lib_a-stdio.o)
                0x000000000800771a                __sclose
 *fill*         0x0000000008007722        0x2 
 .text.__swbuf_r
                0x0000000008007724       0xa4 /home/slonegd/code/gcc-arm-none-eabi-7-2018-q2-update/bin/../lib/gcc/arm-none-eabi/7.3.1/../../../../arm-none-eabi/lib/thumb/v7-m/libg_nano.a(lib_a-wbuf.o)
                0x0000000008007724                __swbuf_r
 .text._write_r
                0x00000000080077c8       0x24 /home/slonegd/code/gcc-arm-none-eabi-7-2018-q2-update/bin/../lib/gcc/arm-none-eabi/7.3.1/../../../../arm-none-eabi/lib/thumb/v7-m/libg_nano.a(lib_a-writer.o)
                0x00000000080077c8                _write_r
 .text.__swsetup_r
                0x00000000080077ec       0xdc /home/slonegd/code/gcc-arm-none-eabi-7-2018-q2-update/bin/../lib/gcc/arm-none-eabi/7.3.1/../../../../arm-none-eabi/lib/thumb/v7-m/libg_nano.a(lib_a-wsetup.o)
                0x00000000080077ec                __swsetup_r
 .text._close_r
                0x00000000080078c8       0x20 /home/slonegd/code/gcc-arm-none-eabi-7-2018-q2-update/bin/../lib/gcc/arm-none-eabi/7.3.1/../../../../arm-none-eabi/lib/thumb/v7-m/libg_nano.a(lib_a-closer.o)
                0x00000000080078c8                _close_r
 .text.__sflush_r
                0x00000000080078e8      0x10c /home/slonegd/code/gcc-arm-none-eabi-7-2018-q2-update/bin/../lib/gcc/arm-none-eabi/7.3.1/../../../../arm-none-eabi/lib/thumb/v7-m/libg_nano.a(lib_a-fflush.o)
                0x00000000080078e8                __sflush_r
 .text._fflush_r
                0x00000000080079f4       0x54 /home/slonegd/code/gcc-arm-none-eabi-7-2018-q2-update/bin/../lib/gcc/arm-none-eabi/7.3.1/../../../../arm-none-eabi/lib/thumb/v7-m/libg_nano.a(lib_a-fflush.o)
                0x00000000080079f4                _fflush_r
 .text._lseek_r
                0x0000000008007a48       0x24 /home/slonegd/code/gcc-arm-none-eabi-7-2018-q2-update/bin/../lib/gcc/arm-none-eabi/7.3.1/../../../../arm-none-eabi/lib/thumb/v7-m/libg_nano.a(lib_a-lseekr.o)
                0x0000000008007a48                _lseek_r
 .text.__swhatbuf_r
                0x0000000008007a6c       0x48 /home/slonegd/code/gcc-arm-none-eabi-7-2018-q2-update/bin/../lib/gcc/arm-none-eabi/7.3.1/../../../../arm-none-eabi/lib/thumb/v7-m/libg_nano.a(lib_a-makebuf.o)
                0x0000000008007a6c                __swhatbuf_r
 .text.__smakebuf_r
                0x0000000008007ab4       0x80 /home/slonegd/code/gcc-arm-none-eabi-7-2018-q2-update/bin/../lib/gcc/arm-none-eabi/7.3.1/../../../../arm-none-eabi/lib/thumb/v7-m/libg_nano.a(lib_a-makebuf.o)
                0x0000000008007ab4                __smakebuf_r
 .text.memchr   0x0000000008007b34       0x1c /home/slonegd/code/gcc-arm-none-eabi-7-2018-q2-update/bin/../lib/gcc/arm-none-eabi/7.3.1/../../../../arm-none-eabi/lib/thumb/v7-m/libg_nano.a(lib_a-memchr-stub.o)
                0x0000000008007b34                memchr
 .text.__malloc_lock
                0x0000000008007b50        0x2 /home/slonegd/code/gcc-arm-none-eabi-7-2018-q2-update/bin/../lib/gcc/arm-none-eabi/7.3.1/../../../../arm-none-eabi/lib/thumb/v7-m/libg_nano.a(lib_a-mlock.o)
                0x0000000008007b50                __malloc_lock
 .text.__malloc_unlock
                0x0000000008007b52        0x2 /home/slonegd/code/gcc-arm-none-eabi-7-2018-q2-update/bin/../lib/gcc/arm-none-eabi/7.3.1/../../../../arm-none-eabi/lib/thumb/v7-m/libg_nano.a(lib_a-mlock.o)
                0x0000000008007b52                __malloc_unlock
 .text._free_r  0x0000000008007b54       0x98 /home/slonegd/code/gcc-arm-none-eabi-7-2018-q2-update/bin/../lib/gcc/arm-none-eabi/7.3.1/../../../../arm-none-eabi/lib/thumb/v7-m/libg_nano.a(lib_a-nano-freer.o)
                0x0000000008007b54                _free_r
 .text._read_r  0x0000000008007bec       0x24 /home/slonegd/code/gcc-arm-none-eabi-7-2018-q2-update/bin/../lib/gcc/arm-none-eabi/7.3.1/../../../../arm-none-eabi/lib/thumb/v7-m/libg_nano.a(lib_a-readr.o)
                0x0000000008007bec                _read_r
 .text._fstat_r
                0x0000000008007c10       0x24 /home/slonegd/code/gcc-arm-none-eabi-7-2018-q2-update/bin/../lib/gcc/arm-none-eabi/7.3.1/../../../../arm-none-eabi/lib/thumb/v7-m/libg_nano.a(lib_a-fstatr.o)
                0x0000000008007c10                _fstat_r
 .text._isatty_r
                0x0000000008007c34       0x20 /home/slonegd/code/gcc-arm-none-eabi-7-2018-q2-update/bin/../lib/gcc/arm-none-eabi/7.3.1/../../../../arm-none-eabi/lib/thumb/v7-m/libg_nano.a(lib_a-isattyr.o)
                0x0000000008007c34                _isatty_r
 .text._close   0x0000000008007c54       0x10 /home/slonegd/code/gcc-arm-none-eabi-7-2018-q2-update/bin/../lib/gcc/arm-none-eabi/7.3.1/../../../../arm-none-eabi/lib/thumb/v7-m/libnosys.a(close.o)
                0x0000000008007c54                _close
 .text._fstat   0x0000000008007c64       0x10 /home/slonegd/code/gcc-arm-none-eabi-7-2018-q2-update/bin/../lib/gcc/arm-none-eabi/7.3.1/../../../../arm-none-eabi/lib/thumb/v7-m/libnosys.a(fstat.o)
                0x0000000008007c64                _fstat
 .text._isatty  0x0000000008007c74       0x10 /home/slonegd/code/gcc-arm-none-eabi-7-2018-q2-update/bin/../lib/gcc/arm-none-eabi/7.3.1/../../../../arm-none-eabi/lib/thumb/v7-m/libnosys.a(isatty.o)
                0x0000000008007c74                _isatty
 .text._lseek   0x0000000008007c84       0x10 /home/slonegd/code/gcc-arm-none-eabi-7-2018-q2-update/bin/../lib/gcc/arm-none-eabi/7.3.1/../../../../arm-none-eabi/lib/thumb/v7-m/libnosys.a(lseek.o)
                0x0000000008007c84                _lseek
 .text._sbrk    0x0000000008007c94       0x1c /home/slonegd/code/gcc-arm-none-eabi-7-2018-q2-update/bin/../lib/gcc/arm-none-eabi/7.3.1/../../../../arm-none-eabi/lib/thumb/v7-m/libnosys.a(sbrk.o)
                0x0000000008007c94                _sbrk
 *(.init)
 .init          0x0000000008007cb0        0x4 /home/slonegd/code/gcc-arm-none-eabi-7-2018-q2-update/bin/../lib/gcc/arm-none-eabi/7.3.1/thumb/v7-m/crti.o
                0x0000000008007cb0                _init
 .init          0x0000000008007cb4        0x8 /home/slonegd/code/gcc-arm-none-eabi-7-2018-q2-update/bin/../lib/gcc/arm-none-eabi/7.3.1/thumb/v7-m/crtn.o
 *(.fini)
 .fini          0x0000000008007cbc        0x4 /home/slonegd/code/gcc-arm-none-eabi-7-2018-q2-update/bin/../lib/gcc/arm-none-eabi/7.3.1/thumb/v7-m/crti.o
                0x0000000008007cbc                _fini
 .fini          0x0000000008007cc0        0x8 /home/slonegd/code/gcc-arm-none-eabi-7-2018-q2-update/bin/../lib/gcc/arm-none-eabi/7.3.1/thumb/v7-m/crtn.o
 *crtbegin.o(.ctors)
 *crtbegin?.o(.ctors)
 *(EXCLUDE_FILE(*crtend.o *crtend?.o) .ctors)
 *(SORT_BY_NAME(.ctors.*))
 *(.ctors)
 *crtbegin.o(.dtors)
 *crtbegin?.o(.dtors)
 *(EXCLUDE_FILE(*crtend.o *crtend?.o) .dtors)
 *(SORT_BY_NAME(.dtors.*))
 *(.dtors)
 *(.rodata*)
 .rodata.SystemClockConfig.str1.4
                0x0000000008007cc8       0x10 build/main.o
 .rodata._ZL7PingMsg
                0x0000000008007cd8        0x5 build/main.o
 *fill*         0x0000000008007cdd        0x3 
 .rodata._ZL7PongMsg
                0x0000000008007ce0        0x5 build/main.o
 *fill*         0x0000000008007ce5        0x3 
 .rodata._ZTVN8FunctionIFvPhtsaEE15Function_holderIZ4mainEUlS0_tsaE0_EE
                0x0000000008007ce8        0xc build/main.o
 .rodata._ZTVN8FunctionIFvvEE15Function_holderIZ4mainEUlvE1_EE
                0x0000000008007cf4        0xc build/main.o
 .rodata._ZTVN8FunctionIFvvEE15Function_holderIZ4mainEUlvE2_EE
                0x0000000008007d00        0xc build/main.o
 .rodata._ZTVN8FunctionIFvvEE15Function_holderIZ4mainEUlvE3_EE
                0x0000000008007d0c        0xc build/main.o
 .rodata._ZTVN8FunctionIFvvEE15Function_holderIZ4mainEUlvE_EE
                0x0000000008007d18        0xc build/main.o
 .rodata.assert_failed.str1.4
                0x0000000008007d24       0x2e build/main.o
 *fill*         0x0000000008007d52        0x2 
 .rodata.FskBandwidths
                0x0000000008007d54       0xb0 build/lora/sx1276.o
                0x0000000008007d54                FskBandwidths
 .rodata.RadioRegsInit
                0x0000000008007e04       0x30 build/lora/sx1276.o
                0x0000000008007e04                RadioRegsInit
 .rodata.Radio  0x0000000008007e34       0x6c build/lora/sx1276mb1las-board.o
                0x0000000008007e34                Radio
 .rodata.AHBPrescTable
                0x0000000008007ea0       0x10 build/lora/system_stm32l1xx.o
                0x0000000008007ea0                AHBPrescTable
 .rodata.PLLMulTable
                0x0000000008007eb0        0x9 build/lora/system_stm32l1xx.o
                0x0000000008007eb0                PLLMulTable
 *fill*         0x0000000008007eb9        0x3 
 .rodata.SpiInOut.str1.4
                0x0000000008007ebc       0x2f build/lora/spi-board.o
 *fill*         0x0000000008007eeb        0x1 
 .rodata.GpioMcuWrite.str1.4
                0x0000000008007eec       0x30 build/lora/gpio-board.o
 .rodata.DaysInMonth
                0x0000000008007f1c        0xc build/lora/rtc-board.o
 .rodata.DaysInMonthLeapYear
                0x0000000008007f28        0xc build/lora/rtc-board.o
 .rodata.HAL_GPIO_Init.str1.4
                0x0000000008007f34       0x50 build/lora/stm32l1xx_hal_gpio.o
 .rodata.HAL_PWR_ConfigPVD.str1.4
                0x0000000008007f84       0x4f build/lora/stm32l1xx_hal_pwr.o
 *fill*         0x0000000008007fd3        0x1 
 .rodata.HAL_RCC_OscConfig.str1.4
                0x0000000008007fd4       0x4f build/lora/stm32l1xx_hal_rcc.o
 *fill*         0x0000000008008023        0x1 
 .rodata.HAL_RCCEx_PeriphCLKConfig.str1.4
                0x0000000008008024       0x52 build/lora/stm32l1xx_hal_rcc_ex.o
 *fill*         0x0000000008008076        0x2 
 .rodata.HAL_NVIC_SetPriorityGrouping.str1.4
                0x0000000008008078       0x52 build/lora/stm32l1xx_hal_cortex.o
 *fill*         0x00000000080080ca        0x2 
 .rodata.HAL_SPI_Init.str1.4
                0x00000000080080cc       0x52 build/lora/stm32l1xx_hal_spi_ex.o
 *fill*         0x000000000800811e        0x2 
 .rodata.HAL_RTC_DeactivateAlarm.str1.4
                0x0000000008008120       0x4f build/lora/stm32l1xx_hal_rtc.o
 *fill*         0x000000000800816f        0x1 
 .rodata.HAL_RTC_GetTime.str1.4
                0x0000000008008170       0x54 build/lora/stm32l1xx_hal_rtc_ex.o
                                         0x52 (size before relaxing)
 .rodata._global_impure_ptr
                0x00000000080081c4        0x4 /home/slonegd/code/gcc-arm-none-eabi-7-2018-q2-update/bin/../lib/gcc/arm-none-eabi/7.3.1/../../../../arm-none-eabi/lib/thumb/v7-m/libg_nano.a(lib_a-impure.o)
                0x00000000080081c4                _global_impure_ptr
 .rodata.__sf_fake_stderr
                0x00000000080081c8       0x20 /home/slonegd/code/gcc-arm-none-eabi-7-2018-q2-update/bin/../lib/gcc/arm-none-eabi/7.3.1/../../../../arm-none-eabi/lib/thumb/v7-m/libg_nano.a(lib_a-findfp.o)
                0x00000000080081c8                __sf_fake_stderr
 .rodata.__sf_fake_stdin
                0x00000000080081e8       0x20 /home/slonegd/code/gcc-arm-none-eabi-7-2018-q2-update/bin/../lib/gcc/arm-none-eabi/7.3.1/../../../../arm-none-eabi/lib/thumb/v7-m/libg_nano.a(lib_a-findfp.o)
                0x00000000080081e8                __sf_fake_stdin
 .rodata.__sf_fake_stdout
                0x0000000008008208       0x20 /home/slonegd/code/gcc-arm-none-eabi-7-2018-q2-update/bin/../lib/gcc/arm-none-eabi/7.3.1/../../../../arm-none-eabi/lib/thumb/v7-m/libg_nano.a(lib_a-findfp.o)
                0x0000000008008208                __sf_fake_stdout
 .rodata._vfprintf_r.str1.1
                0x0000000008008228       0x11 /home/slonegd/code/gcc-arm-none-eabi-7-2018-q2-update/bin/../lib/gcc/arm-none-eabi/7.3.1/../../../../arm-none-eabi/lib/thumb/v7-m/libg_nano.a(lib_a-nano-vfprintf.o)
 .rodata._printf_i.str1.1
                0x0000000008008239       0x22 /home/slonegd/code/gcc-arm-none-eabi-7-2018-q2-update/bin/../lib/gcc/arm-none-eabi/7.3.1/../../../../arm-none-eabi/lib/thumb/v7-m/libg_nano.a(lib_a-nano-vfprintf_i.o)
 *(.eh_frame*)
 *fill*         0x000000000800825b        0x1 
 .eh_frame      0x000000000800825c        0x0 /home/slonegd/code/gcc-arm-none-eabi-7-2018-q2-update/bin/../lib/gcc/arm-none-eabi/7.3.1/thumb/v7-m/crtbegin.o
 .eh_frame      0x000000000800825c        0x4 /home/slonegd/code/gcc-arm-none-eabi-7-2018-q2-update/bin/../lib/gcc/arm-none-eabi/7.3.1/thumb/v7-m/crtend.o

.glue_7         0x0000000008008260        0x0
 .glue_7        0x0000000008008260        0x0 linker stubs

.glue_7t        0x0000000008008260        0x0
 .glue_7t       0x0000000008008260        0x0 linker stubs

.vfp11_veneer   0x0000000008008260        0x0
 .vfp11_veneer  0x0000000008008260        0x0 linker stubs

.v4_bx          0x0000000008008260        0x0
 .v4_bx         0x0000000008008260        0x0 linker stubs

.iplt           0x0000000008008260        0x0
 .iplt          0x0000000008008260        0x0 /home/slonegd/code/gcc-arm-none-eabi-7-2018-q2-update/bin/../lib/gcc/arm-none-eabi/7.3.1/thumb/v7-m/crtbegin.o

.ARM.extab
 *(.ARM.extab* .gnu.linkonce.armextab.*)
                0x0000000008008260                __exidx_start = .

.ARM.exidx      0x0000000008008260        0x8
 *(.ARM.exidx* .gnu.linkonce.armexidx.*)
 .ARM.exidx     0x0000000008008260        0x8 /home/slonegd/code/gcc-arm-none-eabi-7-2018-q2-update/bin/../lib/gcc/arm-none-eabi/7.3.1/thumb/v7-m/libgcc.a(_udivmoddi4.o)
                0x0000000008008268                __exidx_end = .
                0x0000000008008268                __etext = .
                0x0000000008008268                _sidata = __etext

.rel.dyn        0x0000000008008268        0x0
 .rel.iplt      0x0000000008008268        0x0 /home/slonegd/code/gcc-arm-none-eabi-7-2018-q2-update/bin/../lib/gcc/arm-none-eabi/7.3.1/thumb/v7-m/crtbegin.o

.data           0x0000000020000000       0x8c load address 0x0000000008008268
                0x0000000020000000                __data_start__ = .
                0x0000000020000000                _sdata = .
 *(vtable)
 *(.data*)
 .data.BufferSize
                0x0000000020000000        0x2 build/main.o
                0x0000000020000000                BufferSize
 *fill*         0x0000000020000002        0x2 
 .data.DioIrq   0x0000000020000004       0x18 build/lora/sx1276.o
                0x0000000020000004                DioIrq
 .data.SystemCoreClock
                0x000000002000001c        0x4 build/lora/system_stm32l1xx.o
                0x000000002000001c                SystemCoreClock
 .data._impure_ptr
                0x0000000020000020        0x4 /home/slonegd/code/gcc-arm-none-eabi-7-2018-q2-update/bin/../lib/gcc/arm-none-eabi/7.3.1/../../../../arm-none-eabi/lib/thumb/v7-m/libg_nano.a(lib_a-impure.o)
                0x0000000020000020                _impure_ptr
 .data.impure_data
                0x0000000020000024       0x60 /home/slonegd/code/gcc-arm-none-eabi-7-2018-q2-update/bin/../lib/gcc/arm-none-eabi/7.3.1/../../../../arm-none-eabi/lib/thumb/v7-m/libg_nano.a(lib_a-impure.o)
                0x0000000020000084                . = ALIGN (0x4)
                0x0000000020000084                PROVIDE (__preinit_array_start = .)
 *(.preinit_array)
                0x0000000020000084                PROVIDE (__preinit_array_end = .)
                0x0000000020000084                . = ALIGN (0x4)
                0x0000000020000084                PROVIDE (__init_array_start = .)
 *(SORT_BY_NAME(.init_array.*))
 *(.init_array)
 .init_array    0x0000000020000084        0x4 /home/slonegd/code/gcc-arm-none-eabi-7-2018-q2-update/bin/../lib/gcc/arm-none-eabi/7.3.1/thumb/v7-m/crtbegin.o
                0x0000000020000088                PROVIDE (__init_array_end = .)
                0x0000000020000088                . = ALIGN (0x4)
                [!provide]                        PROVIDE (__fini_array_start = .)
 *(SORT_BY_NAME(.fini_array.*))
 *(.fini_array)
 .fini_array    0x0000000020000088        0x4 /home/slonegd/code/gcc-arm-none-eabi-7-2018-q2-update/bin/../lib/gcc/arm-none-eabi/7.3.1/thumb/v7-m/crtbegin.o
                [!provide]                        PROVIDE (__fini_array_end = .)
 *(.jcr*)
                0x000000002000008c                . = ALIGN (0x4)
                0x000000002000008c                __data_end__ = .
                0x000000002000008c                _edata = .

.igot.plt       0x000000002000008c        0x0 load address 0x00000000080082f4
 .igot.plt      0x000000002000008c        0x0 /home/slonegd/code/gcc-arm-none-eabi-7-2018-q2-update/bin/../lib/gcc/arm-none-eabi/7.3.1/thumb/v7-m/crtbegin.o

.bss            0x000000002000008c      0x5b0 load address 0x00000000080082f4
                0x000000002000008c                . = ALIGN (0x4)
                0x000000002000008c                __bss_start__ = .
                0x000000002000008c                _sbss = .
 *(.bss*)
 .bss           0x000000002000008c       0x1c /home/slonegd/code/gcc-arm-none-eabi-7-2018-q2-update/bin/../lib/gcc/arm-none-eabi/7.3.1/thumb/v7-m/crtbegin.o
 .bss.Buffer    0x00000000200000a8       0x40 build/main.o
                0x00000000200000a8                Buffer
 .bss.Led1      0x00000000200000e8       0x14 build/main.o
                0x00000000200000e8                Led1
 .bss.Led2      0x00000000200000fc       0x14 build/main.o
                0x00000000200000fc                Led2
 .bss.RadioEvents
                0x0000000020000110       0x1c build/main.o
                0x0000000020000110                RadioEvents
 .bss.RssiValue
                0x000000002000012c        0x1 build/main.o
                0x000000002000012c                RssiValue
 .bss.SnrValue  0x000000002000012d        0x1 build/main.o
                0x000000002000012d                SnrValue
 .bss.State     0x000000002000012e        0x1 build/main.o
                0x000000002000012e                State
 *fill*         0x000000002000012f        0x1 
 .bss.Uart2     0x0000000020000130       0x48 build/main.o
                0x0000000020000130                Uart2
 .bss._ZGVZN8FunctionIFvPhtsaEEC4IZ4mainEUlS0_tsaE0_EET_E6holder
                0x0000000020000178        0x4 build/main.o
 .bss._ZGVZN8FunctionIFvvEEC4IZ4mainEUlvE1_EET_E6holder
                0x000000002000017c        0x4 build/main.o
 .bss._ZGVZN8FunctionIFvvEEC4IZ4mainEUlvE2_EET_E6holder
                0x0000000020000180        0x4 build/main.o
 .bss._ZGVZN8FunctionIFvvEEC4IZ4mainEUlvE3_EET_E6holder
                0x0000000020000184        0x4 build/main.o
 .bss._ZGVZN8FunctionIFvvEEC4IZ4mainEUlvE_EET_E6holder
                0x0000000020000188        0x4 build/main.o
 .bss._ZL14McuInitialized
                0x000000002000018c        0x1 build/main.o
 .bss._ZL14UsbIsConnected
                0x000000002000018d        0x1 build/main.o
 .bss._ZL26SystemWakeupTimeCalibrated
                0x000000002000018e        0x1 build/main.o
 *fill*         0x000000002000018f        0x1 
 .bss._ZL30CalibrateSystemWakeupTimeTimer
                0x0000000020000190       0x18 build/main.o
 .bss._ZN3lmn9c_wrapperE
                0x00000000200001a8        0x4 build/main.o
                0x00000000200001a8                lmn::c_wrapper
 .bss._ZZN8FunctionIFvPhtsaEEC4IZ4mainEUlS0_tsaE0_EET_E6holder
                0x00000000200001ac        0x8 build/main.o
 .bss._ZZN8FunctionIFvvEEC4IZ4mainEUlvE1_EET_E6holder
                0x00000000200001b4        0x8 build/main.o
 .bss._ZZN8FunctionIFvvEEC4IZ4mainEUlvE2_EET_E6holder
                0x00000000200001bc        0x8 build/main.o
 .bss._ZZN8FunctionIFvvEEC4IZ4mainEUlvE3_EET_E6holder
                0x00000000200001c4        0x8 build/main.o
 .bss._ZZN8FunctionIFvvEEC4IZ4mainEUlvE_EET_E6holder
                0x00000000200001cc        0x8 build/main.o
 .bss.RadioEvents
                0x00000000200001d4        0x4 build/lora/sx1276.o
 .bss.RxTxBuffer
                0x00000000200001d8      0x100 build/lora/sx1276.o
 .bss.TimerListHead
                0x00000000200002d8        0x4 build/lora/timer.o
 .bss.RadioIsActive
                0x00000000200002dc        0x1 build/lora/sx1276mb1las-board.o
 *fill*         0x00000000200002dd        0x3 
 .bss.SpiHandle
                0x00000000200002e0       0xb0 build/lora/spi-board.o
 .bss.GpioIrq   0x0000000020000390       0x40 build/lora/gpio-board.o
 .bss.RxData    0x00000000200003d0        0x1 build/lora/uart-board.o
                0x00000000200003d0                RxData
 .bss.TxData    0x00000000200003d1        0x1 build/lora/uart-board.o
                0x00000000200003d1                TxData
 *fill*         0x00000000200003d2        0x2 
 .bss.UartHandle
                0x00000000200003d4       0x40 build/lora/uart-board.o
 .bss.McuWakeUpTimeCal
                0x0000000020000414        0x2 build/lora/rtc-board.o
 .bss.McuWakeUpTimeInitialized
                0x0000000020000416        0x1 build/lora/rtc-board.o
 *fill*         0x0000000020000417        0x1 
 .bss.RtcAlarm  0x0000000020000418       0x28 build/lora/rtc-board.o
 .bss.RtcHandle
                0x0000000020000440       0x20 build/lora/rtc-board.o
 .bss.RtcInitialized
                0x0000000020000460        0x1 build/lora/rtc-board.o
 *fill*         0x0000000020000461        0x3 
 .bss.RtcTimerContext
                0x0000000020000464       0x1c build/lora/rtc-board.o
 .bss.OffModeDisable
                0x0000000020000480        0x4 build/lora/lpm-board.o
 .bss.StopModeDisable
                0x0000000020000484        0x4 build/lora/lpm-board.o
 .bss.__malloc_free_list
                0x0000000020000488        0x4 /home/slonegd/code/gcc-arm-none-eabi-7-2018-q2-update/bin/../lib/gcc/arm-none-eabi/7.3.1/../../../../arm-none-eabi/lib/thumb/v7-m/libg_nano.a(lib_a-nano-mallocr.o)
                0x0000000020000488                __malloc_free_list
 .bss.__malloc_sbrk_start
                0x000000002000048c        0x4 /home/slonegd/code/gcc-arm-none-eabi-7-2018-q2-update/bin/../lib/gcc/arm-none-eabi/7.3.1/../../../../arm-none-eabi/lib/thumb/v7-m/libg_nano.a(lib_a-nano-mallocr.o)
                0x000000002000048c                __malloc_sbrk_start
 .bss.heap_end.4102
                0x0000000020000490        0x4 /home/slonegd/code/gcc-arm-none-eabi-7-2018-q2-update/bin/../lib/gcc/arm-none-eabi/7.3.1/../../../../arm-none-eabi/lib/thumb/v7-m/libnosys.a(sbrk.o)
 *(COMMON)
 COMMON         0x0000000020000494      0x18c build/lora/sx1276.o
                0x0000000020000494                TxTimeoutTimer
                0x00000000200004ac                RxTimeoutSyncWord
                0x00000000200004c4                SX1276
                0x0000000020000608                RxTimeoutTimer
 COMMON         0x0000000020000620       0x14 build/lora/sx1276mb1las-board.o
                0x0000000020000620                AntSwitch
 COMMON         0x0000000020000634        0x4 build/lora/stm32l1xx_hal.o
                0x0000000020000634                uwTick
 COMMON         0x0000000020000638        0x4 /home/slonegd/code/gcc-arm-none-eabi-7-2018-q2-update/bin/../lib/gcc/arm-none-eabi/7.3.1/../../../../arm-none-eabi/lib/thumb/v7-m/libg_nano.a(lib_a-reent.o)
                0x0000000020000638                errno
                0x000000002000063c                . = ALIGN (0x4)
                0x000000002000063c                __bss_end__ = .
                0x000000002000063c                _ebss = .

.heap           0x000000002000063c        0x0
                0x000000002000063c                __end__ = .
                [!provide]                        PROVIDE (_end = .)
                0x000000002000063c                PROVIDE (end = .)
 *(.heap*)
                0x000000002000063c                __HeapLimit = .

.stack_dummy    0x000000002000063c        0x0
 *(.stack*)
                0x0000000020014000                __StackTop = (ORIGIN (RAM) + LENGTH (RAM))
                0x0000000020014000                __StackLimit = (__StackTop - SIZEOF (.stack_dummy))
                0x0000000020014000                PROVIDE (__stack = __StackTop)
                0x0000000000000001                ASSERT ((__StackLimit >= __HeapLimit), region RAM overflowed with stack)
OUTPUT(build/main.elf elf32-littlearm)

.ARM.attributes
                0x0000000000000000       0x29
 .ARM.attributes
                0x0000000000000000       0x1d /home/slonegd/code/gcc-arm-none-eabi-7-2018-q2-update/bin/../lib/gcc/arm-none-eabi/7.3.1/thumb/v7-m/crti.o
 .ARM.attributes
                0x000000000000001d       0x2d /home/slonegd/code/gcc-arm-none-eabi-7-2018-q2-update/bin/../lib/gcc/arm-none-eabi/7.3.1/thumb/v7-m/crtbegin.o
 .ARM.attributes
                0x000000000000004a       0x2f build/main.o
 .ARM.attributes
                0x0000000000000079       0x21 build/startup_stm32l152xe.o
 .ARM.attributes
                0x000000000000009a       0x2f build/lora/sx1276.o
 .ARM.attributes
                0x00000000000000c9       0x2f build/lora/gpio.o
 .ARM.attributes
                0x00000000000000f8       0x2f build/lora/delay.o
 .ARM.attributes
                0x0000000000000127       0x2f build/lora/timer.o
 .ARM.attributes
                0x0000000000000156       0x2f build/lora/fifo.o
 .ARM.attributes
                0x0000000000000185       0x2f build/lora/uart.o
 .ARM.attributes
                0x00000000000001b4       0x2f build/lora/utilities.o
 .ARM.attributes
                0x00000000000001e3       0x2f build/lora/sx1276mb1las-board.o
 .ARM.attributes
                0x0000000000000212       0x2f build/lora/system_stm32l1xx.o
 .ARM.attributes
                0x0000000000000241       0x2f build/lora/spi-board.o
 .ARM.attributes
                0x0000000000000270       0x2f build/lora/gpio-board.o
 .ARM.attributes
                0x000000000000029f       0x2f build/lora/delay-board.o
 .ARM.attributes
                0x00000000000002ce       0x2f build/lora/uart-board.o
 .ARM.attributes
                0x00000000000002fd       0x2f build/lora/rtc-board.o
 .ARM.attributes
                0x000000000000032c       0x2f build/lora/lpm-board.o
 .ARM.attributes
                0x000000000000035b       0x2f build/lora/sysIrqHandlers.o
 .ARM.attributes
                0x000000000000038a       0x2f build/lora/stm32l1xx_hal_gpio.o
 .ARM.attributes
                0x00000000000003b9       0x2f build/lora/stm32l1xx_hal_uart.o
 .ARM.attributes
                0x00000000000003e8       0x2f build/lora/stm32l1xx_hal_pwr.o
 .ARM.attributes
                0x0000000000000417       0x2f build/lora/stm32l1xx_hal_pwr_ex.o
 .ARM.attributes
                0x0000000000000446       0x2f build/lora/stm32l1xx_hal.o
 .ARM.attributes
                0x0000000000000475       0x2f build/lora/stm32l1xx_hal_rcc.o
 .ARM.attributes
                0x00000000000004a4       0x2f build/lora/stm32l1xx_hal_rcc_ex.o
 .ARM.attributes
                0x00000000000004d3       0x2f build/lora/stm32l1xx_hal_cortex.o
 .ARM.attributes
                0x0000000000000502       0x2f build/lora/stm32l1xx_hal_spi.o
 .ARM.attributes
                0x0000000000000531       0x2f build/lora/stm32l1xx_hal_spi_ex.o
 .ARM.attributes
                0x0000000000000560       0x2f build/lora/stm32l1xx_hal_rtc.o
 .ARM.attributes
                0x000000000000058f       0x2f build/lora/stm32l1xx_hal_rtc_ex.o
 .ARM.attributes
                0x00000000000005be       0x2d /home/slonegd/code/gcc-arm-none-eabi-7-2018-q2-update/bin/../lib/gcc/arm-none-eabi/7.3.1/../../../../arm-none-eabi/lib/thumb/v7-m/libm.a(lib_a-s_ceil.o)
 .ARM.attributes
                0x00000000000005eb       0x2d /home/slonegd/code/gcc-arm-none-eabi-7-2018-q2-update/bin/../lib/gcc/arm-none-eabi/7.3.1/../../../../arm-none-eabi/lib/thumb/v7-m/libm.a(lib_a-s_floor.o)
 .ARM.attributes
                0x0000000000000618       0x2d /home/slonegd/code/gcc-arm-none-eabi-7-2018-q2-update/bin/../lib/gcc/arm-none-eabi/7.3.1/../../../../arm-none-eabi/lib/thumb/v7-m/libm.a(lib_a-s_round.o)
 .ARM.attributes
                0x0000000000000645       0x1d /home/slonegd/code/gcc-arm-none-eabi-7-2018-q2-update/bin/../lib/gcc/arm-none-eabi/7.3.1/thumb/v7-m/libgcc.a(_arm_addsubdf3.o)
 .ARM.attributes
                0x0000000000000662       0x1d /home/slonegd/code/gcc-arm-none-eabi-7-2018-q2-update/bin/../lib/gcc/arm-none-eabi/7.3.1/thumb/v7-m/libgcc.a(_arm_muldivdf3.o)
 .ARM.attributes
                0x000000000000067f       0x1d /home/slonegd/code/gcc-arm-none-eabi-7-2018-q2-update/bin/../lib/gcc/arm-none-eabi/7.3.1/thumb/v7-m/libgcc.a(_arm_cmpdf2.o)
 .ARM.attributes
                0x000000000000069c       0x1d /home/slonegd/code/gcc-arm-none-eabi-7-2018-q2-update/bin/../lib/gcc/arm-none-eabi/7.3.1/thumb/v7-m/libgcc.a(_arm_fixdfsi.o)
 .ARM.attributes
                0x00000000000006b9       0x1d /home/slonegd/code/gcc-arm-none-eabi-7-2018-q2-update/bin/../lib/gcc/arm-none-eabi/7.3.1/thumb/v7-m/libgcc.a(_arm_fixunsdfsi.o)
 .ARM.attributes
                0x00000000000006d6       0x1d /home/slonegd/code/gcc-arm-none-eabi-7-2018-q2-update/bin/../lib/gcc/arm-none-eabi/7.3.1/thumb/v7-m/libgcc.a(_aeabi_uldivmod.o)
 .ARM.attributes
                0x00000000000006f3       0x2d /home/slonegd/code/gcc-arm-none-eabi-7-2018-q2-update/bin/../lib/gcc/arm-none-eabi/7.3.1/thumb/v7-m/libgcc.a(_udivmoddi4.o)
 .ARM.attributes
                0x0000000000000720       0x1d /home/slonegd/code/gcc-arm-none-eabi-7-2018-q2-update/bin/../lib/gcc/arm-none-eabi/7.3.1/thumb/v7-m/libgcc.a(_dvmd_tls.o)
 .ARM.attributes
                0x000000000000073d       0x2d /home/slonegd/code/gcc-arm-none-eabi-7-2018-q2-update/bin/../lib/gcc/arm-none-eabi/7.3.1/../../../../arm-none-eabi/lib/thumb/v7-m/libg_nano.a(lib_a-impure.o)
 .ARM.attributes
                0x000000000000076a       0x2d /home/slonegd/code/gcc-arm-none-eabi-7-2018-q2-update/bin/../lib/gcc/arm-none-eabi/7.3.1/../../../../arm-none-eabi/lib/thumb/v7-m/libg_nano.a(lib_a-init.o)
 .ARM.attributes
                0x0000000000000797       0x2d /home/slonegd/code/gcc-arm-none-eabi-7-2018-q2-update/bin/../lib/gcc/arm-none-eabi/7.3.1/../../../../arm-none-eabi/lib/thumb/v7-m/libg_nano.a(lib_a-memcpy-stub.o)
 .ARM.attributes
                0x00000000000007c4       0x2d /home/slonegd/code/gcc-arm-none-eabi-7-2018-q2-update/bin/../lib/gcc/arm-none-eabi/7.3.1/../../../../arm-none-eabi/lib/thumb/v7-m/libg_nano.a(lib_a-memset.o)
 .ARM.attributes
                0x00000000000007f1       0x2d /home/slonegd/code/gcc-arm-none-eabi-7-2018-q2-update/bin/../lib/gcc/arm-none-eabi/7.3.1/../../../../arm-none-eabi/lib/thumb/v7-m/libg_nano.a(lib_a-printf.o)
 .ARM.attributes
                0x000000000000081e       0x2d /home/slonegd/code/gcc-arm-none-eabi-7-2018-q2-update/bin/../lib/gcc/arm-none-eabi/7.3.1/../../../../arm-none-eabi/lib/thumb/v7-m/libg_nano.a(lib_a-strncmp.o)
 .ARM.attributes
                0x000000000000084b       0x2d /home/slonegd/code/gcc-arm-none-eabi-7-2018-q2-update/bin/../lib/gcc/arm-none-eabi/7.3.1/../../../../arm-none-eabi/lib/thumb/v7-m/libg_nano.a(lib_a-findfp.o)
 .ARM.attributes
                0x0000000000000878       0x2d /home/slonegd/code/gcc-arm-none-eabi-7-2018-q2-update/bin/../lib/gcc/arm-none-eabi/7.3.1/../../../../arm-none-eabi/lib/thumb/v7-m/libg_nano.a(lib_a-fwalk.o)
 .ARM.attributes
                0x00000000000008a5       0x2d /home/slonegd/code/gcc-arm-none-eabi-7-2018-q2-update/bin/../lib/gcc/arm-none-eabi/7.3.1/../../../../arm-none-eabi/lib/thumb/v7-m/libg_nano.a(lib_a-nano-mallocr.o)
 .ARM.attributes
                0x00000000000008d2       0x2d /home/slonegd/code/gcc-arm-none-eabi-7-2018-q2-update/bin/../lib/gcc/arm-none-eabi/7.3.1/../../../../arm-none-eabi/lib/thumb/v7-m/libg_nano.a(lib_a-nano-vfprintf.o)
 .ARM.attributes
                0x00000000000008ff       0x2d /home/slonegd/code/gcc-arm-none-eabi-7-2018-q2-update/bin/../lib/gcc/arm-none-eabi/7.3.1/../../../../arm-none-eabi/lib/thumb/v7-m/libg_nano.a(lib_a-nano-vfprintf_i.o)
 .ARM.attributes
                0x000000000000092c       0x2d /home/slonegd/code/gcc-arm-none-eabi-7-2018-q2-update/bin/../lib/gcc/arm-none-eabi/7.3.1/../../../../arm-none-eabi/lib/thumb/v7-m/libg_nano.a(lib_a-sbrkr.o)
 .ARM.attributes
                0x0000000000000959       0x2d /home/slonegd/code/gcc-arm-none-eabi-7-2018-q2-update/bin/../lib/gcc/arm-none-eabi/7.3.1/../../../../arm-none-eabi/lib/thumb/v7-m/libg_nano.a(lib_a-stdio.o)
 .ARM.attributes
                0x0000000000000986       0x2d /home/slonegd/code/gcc-arm-none-eabi-7-2018-q2-update/bin/../lib/gcc/arm-none-eabi/7.3.1/../../../../arm-none-eabi/lib/thumb/v7-m/libg_nano.a(lib_a-wbuf.o)
 .ARM.attributes
                0x00000000000009b3       0x2d /home/slonegd/code/gcc-arm-none-eabi-7-2018-q2-update/bin/../lib/gcc/arm-none-eabi/7.3.1/../../../../arm-none-eabi/lib/thumb/v7-m/libg_nano.a(lib_a-writer.o)
 .ARM.attributes
                0x00000000000009e0       0x2d /home/slonegd/code/gcc-arm-none-eabi-7-2018-q2-update/bin/../lib/gcc/arm-none-eabi/7.3.1/../../../../arm-none-eabi/lib/thumb/v7-m/libg_nano.a(lib_a-wsetup.o)
 .ARM.attributes
                0x0000000000000a0d       0x2d /home/slonegd/code/gcc-arm-none-eabi-7-2018-q2-update/bin/../lib/gcc/arm-none-eabi/7.3.1/../../../../arm-none-eabi/lib/thumb/v7-m/libg_nano.a(lib_a-closer.o)
 .ARM.attributes
                0x0000000000000a3a       0x2d /home/slonegd/code/gcc-arm-none-eabi-7-2018-q2-update/bin/../lib/gcc/arm-none-eabi/7.3.1/../../../../arm-none-eabi/lib/thumb/v7-m/libg_nano.a(lib_a-fflush.o)
 .ARM.attributes
                0x0000000000000a67       0x2d /home/slonegd/code/gcc-arm-none-eabi-7-2018-q2-update/bin/../lib/gcc/arm-none-eabi/7.3.1/../../../../arm-none-eabi/lib/thumb/v7-m/libg_nano.a(lib_a-lseekr.o)
 .ARM.attributes
                0x0000000000000a94       0x2d /home/slonegd/code/gcc-arm-none-eabi-7-2018-q2-update/bin/../lib/gcc/arm-none-eabi/7.3.1/../../../../arm-none-eabi/lib/thumb/v7-m/libg_nano.a(lib_a-makebuf.o)
 .ARM.attributes
                0x0000000000000ac1       0x2d /home/slonegd/code/gcc-arm-none-eabi-7-2018-q2-update/bin/../lib/gcc/arm-none-eabi/7.3.1/../../../../arm-none-eabi/lib/thumb/v7-m/libg_nano.a(lib_a-memchr-stub.o)
 .ARM.attributes
                0x0000000000000aee       0x2d /home/slonegd/code/gcc-arm-none-eabi-7-2018-q2-update/bin/../lib/gcc/arm-none-eabi/7.3.1/../../../../arm-none-eabi/lib/thumb/v7-m/libg_nano.a(lib_a-mlock.o)
 .ARM.attributes
                0x0000000000000b1b       0x2d /home/slonegd/code/gcc-arm-none-eabi-7-2018-q2-update/bin/../lib/gcc/arm-none-eabi/7.3.1/../../../../arm-none-eabi/lib/thumb/v7-m/libg_nano.a(lib_a-nano-freer.o)
 .ARM.attributes
                0x0000000000000b48       0x2d /home/slonegd/code/gcc-arm-none-eabi-7-2018-q2-update/bin/../lib/gcc/arm-none-eabi/7.3.1/../../../../arm-none-eabi/lib/thumb/v7-m/libg_nano.a(lib_a-readr.o)
 .ARM.attributes
                0x0000000000000b75       0x2d /home/slonegd/code/gcc-arm-none-eabi-7-2018-q2-update/bin/../lib/gcc/arm-none-eabi/7.3.1/../../../../arm-none-eabi/lib/thumb/v7-m/libg_nano.a(lib_a-reent.o)
 .ARM.attributes
                0x0000000000000ba2       0x2d /home/slonegd/code/gcc-arm-none-eabi-7-2018-q2-update/bin/../lib/gcc/arm-none-eabi/7.3.1/../../../../arm-none-eabi/lib/thumb/v7-m/libg_nano.a(lib_a-fstatr.o)
 .ARM.attributes
                0x0000000000000bcf       0x2d /home/slonegd/code/gcc-arm-none-eabi-7-2018-q2-update/bin/../lib/gcc/arm-none-eabi/7.3.1/../../../../arm-none-eabi/lib/thumb/v7-m/libg_nano.a(lib_a-isattyr.o)
 .ARM.attributes
                0x0000000000000bfc       0x2d /home/slonegd/code/gcc-arm-none-eabi-7-2018-q2-update/bin/../lib/gcc/arm-none-eabi/7.3.1/../../../../arm-none-eabi/lib/thumb/v7-m/libnosys.a(close.o)
 .ARM.attributes
                0x0000000000000c29       0x2d /home/slonegd/code/gcc-arm-none-eabi-7-2018-q2-update/bin/../lib/gcc/arm-none-eabi/7.3.1/../../../../arm-none-eabi/lib/thumb/v7-m/libnosys.a(fstat.o)
 .ARM.attributes
                0x0000000000000c56       0x2d /home/slonegd/code/gcc-arm-none-eabi-7-2018-q2-update/bin/../lib/gcc/arm-none-eabi/7.3.1/../../../../arm-none-eabi/lib/thumb/v7-m/libnosys.a(isatty.o)
 .ARM.attributes
                0x0000000000000c83       0x2d /home/slonegd/code/gcc-arm-none-eabi-7-2018-q2-update/bin/../lib/gcc/arm-none-eabi/7.3.1/../../../../arm-none-eabi/lib/thumb/v7-m/libnosys.a(lseek.o)
 .ARM.attributes
                0x0000000000000cb0       0x2d /home/slonegd/code/gcc-arm-none-eabi-7-2018-q2-update/bin/../lib/gcc/arm-none-eabi/7.3.1/../../../../arm-none-eabi/lib/thumb/v7-m/libnosys.a(sbrk.o)
 .ARM.attributes
                0x0000000000000cdd       0x2d /home/slonegd/code/gcc-arm-none-eabi-7-2018-q2-update/bin/../lib/gcc/arm-none-eabi/7.3.1/thumb/v7-m/crtend.o
 .ARM.attributes
                0x0000000000000d0a       0x1d /home/slonegd/code/gcc-arm-none-eabi-7-2018-q2-update/bin/../lib/gcc/arm-none-eabi/7.3.1/thumb/v7-m/crtn.o

.comment        0x0000000000000000       0x7f
 .comment       0x0000000000000000       0x7f build/main.o
                                         0x80 (size before relaxing)
 .comment       0x000000000000007f       0x80 build/lora/sx1276.o
 .comment       0x000000000000007f       0x80 build/lora/gpio.o
 .comment       0x000000000000007f       0x80 build/lora/delay.o
 .comment       0x000000000000007f       0x80 build/lora/timer.o
 .comment       0x000000000000007f       0x80 build/lora/fifo.o
 .comment       0x000000000000007f       0x80 build/lora/uart.o
 .comment       0x000000000000007f       0x80 build/lora/utilities.o
 .comment       0x000000000000007f       0x80 build/lora/sx1276mb1las-board.o
 .comment       0x000000000000007f       0x80 build/lora/system_stm32l1xx.o
 .comment       0x000000000000007f       0x80 build/lora/spi-board.o
 .comment       0x000000000000007f       0x80 build/lora/gpio-board.o
 .comment       0x000000000000007f       0x80 build/lora/delay-board.o
 .comment       0x000000000000007f       0x80 build/lora/uart-board.o
 .comment       0x000000000000007f       0x80 build/lora/rtc-board.o
 .comment       0x000000000000007f       0x80 build/lora/lpm-board.o
 .comment       0x000000000000007f       0x80 build/lora/sysIrqHandlers.o
 .comment       0x000000000000007f       0x80 build/lora/stm32l1xx_hal_gpio.o
 .comment       0x000000000000007f       0x80 build/lora/stm32l1xx_hal_uart.o
 .comment       0x000000000000007f       0x80 build/lora/stm32l1xx_hal_pwr.o
 .comment       0x000000000000007f       0x80 build/lora/stm32l1xx_hal_pwr_ex.o
 .comment       0x000000000000007f       0x80 build/lora/stm32l1xx_hal.o
 .comment       0x000000000000007f       0x80 build/lora/stm32l1xx_hal_rcc.o
 .comment       0x000000000000007f       0x80 build/lora/stm32l1xx_hal_rcc_ex.o
 .comment       0x000000000000007f       0x80 build/lora/stm32l1xx_hal_cortex.o
 .comment       0x000000000000007f       0x80 build/lora/stm32l1xx_hal_spi.o
 .comment       0x000000000000007f       0x80 build/lora/stm32l1xx_hal_spi_ex.o
 .comment       0x000000000000007f       0x80 build/lora/stm32l1xx_hal_rtc.o
 .comment       0x000000000000007f       0x80 build/lora/stm32l1xx_hal_rtc_ex.o

.debug_info     0x0000000000000000    0x2929c
 .debug_info    0x0000000000000000     0x5028 build/main.o
 .debug_info    0x0000000000005028       0x22 build/startup_stm32l152xe.o
 .debug_info    0x000000000000504a     0x3e7c build/lora/sx1276.o
 .debug_info    0x0000000000008ec6      0x7f2 build/lora/gpio.o
 .debug_info    0x00000000000096b8      0x105 build/lora/delay.o
 .debug_info    0x00000000000097bd      0x7e7 build/lora/timer.o
 .debug_info    0x0000000000009fa4      0x29d build/lora/fifo.o
 .debug_info    0x000000000000a241      0x9db build/lora/uart.o
 .debug_info    0x000000000000ac1c      0xb93 build/lora/utilities.o
 .debug_info    0x000000000000b7af     0x1edb build/lora/sx1276mb1las-board.o
 .debug_info    0x000000000000d68a      0xda8 build/lora/system_stm32l1xx.o
 .debug_info    0x000000000000e432     0x1ab4 build/lora/spi-board.o
 .debug_info    0x000000000000fee6     0x190b build/lora/gpio-board.o
 .debug_info    0x00000000000117f1      0xa87 build/lora/delay-board.o
 .debug_info    0x0000000000012278     0x1f67 build/lora/uart-board.o
 .debug_info    0x00000000000141df     0x1ea8 build/lora/rtc-board.o
 .debug_info    0x0000000000016087      0xd0b build/lora/lpm-board.o
 .debug_info    0x0000000000016d92       0x93 build/lora/sysIrqHandlers.o
 .debug_info    0x0000000000016e25     0x11c4 build/lora/stm32l1xx_hal_gpio.o
 .debug_info    0x0000000000017fe9     0x1f19 build/lora/stm32l1xx_hal_uart.o
 .debug_info    0x0000000000019f02     0x12ee build/lora/stm32l1xx_hal_pwr.o
 .debug_info    0x000000000001b1f0      0xcea build/lora/stm32l1xx_hal_pwr_ex.o
 .debug_info    0x000000000001beda     0x103c build/lora/stm32l1xx_hal.o
 .debug_info    0x000000000001cf16     0x2403 build/lora/stm32l1xx_hal_rcc.o
 .debug_info    0x000000000001f319     0x1037 build/lora/stm32l1xx_hal_rcc_ex.o
 .debug_info    0x0000000000020350     0x1ac3 build/lora/stm32l1xx_hal_cortex.o
 .debug_info    0x0000000000021e13     0x20c7 build/lora/stm32l1xx_hal_spi.o
 .debug_info    0x0000000000023eda     0x112c build/lora/stm32l1xx_hal_spi_ex.o
 .debug_info    0x0000000000025006     0x1901 build/lora/stm32l1xx_hal_rtc.o
 .debug_info    0x0000000000026907     0x2995 build/lora/stm32l1xx_hal_rtc_ex.o

.debug_abbrev   0x0000000000000000     0x4ef5
 .debug_abbrev  0x0000000000000000      0x850 build/main.o
 .debug_abbrev  0x0000000000000850       0x12 build/startup_stm32l152xe.o
 .debug_abbrev  0x0000000000000862      0x403 build/lora/sx1276.o
 .debug_abbrev  0x0000000000000c65      0x133 build/lora/gpio.o
 .debug_abbrev  0x0000000000000d98       0xb0 build/lora/delay.o
 .debug_abbrev  0x0000000000000e48      0x247 build/lora/timer.o
 .debug_abbrev  0x000000000000108f      0x137 build/lora/fifo.o
 .debug_abbrev  0x00000000000011c6      0x142 build/lora/uart.o
 .debug_abbrev  0x0000000000001308      0x226 build/lora/utilities.o
 .debug_abbrev  0x000000000000152e      0x2fb build/lora/sx1276mb1las-board.o
 .debug_abbrev  0x0000000000001829      0x1e6 build/lora/system_stm32l1xx.o
 .debug_abbrev  0x0000000000001a0f      0x2ae build/lora/spi-board.o
 .debug_abbrev  0x0000000000001cbd      0x31c build/lora/gpio-board.o
 .debug_abbrev  0x0000000000001fd9      0x1cc build/lora/delay-board.o
 .debug_abbrev  0x00000000000021a5      0x323 build/lora/uart-board.o
 .debug_abbrev  0x00000000000024c8      0x42e build/lora/rtc-board.o
 .debug_abbrev  0x00000000000028f6      0x25f build/lora/lpm-board.o
 .debug_abbrev  0x0000000000002b55       0x2e build/lora/sysIrqHandlers.o
 .debug_abbrev  0x0000000000002b83      0x2da build/lora/stm32l1xx_hal_gpio.o
 .debug_abbrev  0x0000000000002e5d      0x32f build/lora/stm32l1xx_hal_uart.o
 .debug_abbrev  0x000000000000318c      0x30d build/lora/stm32l1xx_hal_pwr.o
 .debug_abbrev  0x0000000000003499      0x257 build/lora/stm32l1xx_hal_pwr_ex.o
 .debug_abbrev  0x00000000000036f0      0x2ab build/lora/stm32l1xx_hal.o
 .debug_abbrev  0x000000000000399b      0x35b build/lora/stm32l1xx_hal_rcc.o