Archive member included to satisfy reference by file (symbol)

/home/slonegd/code/gcc-arm-none-eabi-7-2018-q2-update/bin/../lib/gcc/arm-none-eabi/7.3.1/../../../../arm-none-eabi/lib/thumb/v7-m/libm.a(lib_a-s_ceil.o)
                              build/lora/sx1276.o (ceil)
/home/slonegd/code/gcc-arm-none-eabi-7-2018-q2-update/bin/../lib/gcc/arm-none-eabi/7.3.1/../../../../arm-none-eabi/lib/thumb/v7-m/libm.a(lib_a-s_floor.o)
                              build/lora/sx1276.o (floor)
/home/slonegd/code/gcc-arm-none-eabi-7-2018-q2-update/bin/../lib/gcc/arm-none-eabi/7.3.1/../../../../arm-none-eabi/lib/thumb/v7-m/libm.a(lib_a-s_round.o)
                              build/lora/sx1276.o (round)
/home/slonegd/code/gcc-arm-none-eabi-7-2018-q2-update/bin/../lib/gcc/arm-none-eabi/7.3.1/thumb/v7-m/libgcc.a(_arm_addsubdf3.o)
                              build/lora/sx1276.o (__aeabi_dadd)
/home/slonegd/code/gcc-arm-none-eabi-7-2018-q2-update/bin/../lib/gcc/arm-none-eabi/7.3.1/thumb/v7-m/libgcc.a(_arm_muldivdf3.o)
                              build/lora/sx1276.o (__aeabi_dmul)
/home/slonegd/code/gcc-arm-none-eabi-7-2018-q2-update/bin/../lib/gcc/arm-none-eabi/7.3.1/thumb/v7-m/libgcc.a(_arm_cmpdf2.o)
                              build/lora/sx1276.o (__aeabi_dcmpge)
/home/slonegd/code/gcc-arm-none-eabi-7-2018-q2-update/bin/../lib/gcc/arm-none-eabi/7.3.1/thumb/v7-m/libgcc.a(_arm_fixdfsi.o)
                              build/lora/sx1276.o (__aeabi_d2iz)
/home/slonegd/code/gcc-arm-none-eabi-7-2018-q2-update/bin/../lib/gcc/arm-none-eabi/7.3.1/thumb/v7-m/libgcc.a(_arm_fixunsdfsi.o)
                              build/lora/sx1276.o (__aeabi_d2uiz)
/home/slonegd/code/gcc-arm-none-eabi-7-2018-q2-update/bin/../lib/gcc/arm-none-eabi/7.3.1/thumb/v7-m/libgcc.a(_arm_truncdfsf2.o)
                              build/lora/rtc-board.o (__aeabi_d2f)
/home/slonegd/code/gcc-arm-none-eabi-7-2018-q2-update/bin/../lib/gcc/arm-none-eabi/7.3.1/thumb/v7-m/libgcc.a(_arm_addsubsf3.o)
                              build/lora/rtc-board.o (__aeabi_fsub)
/home/slonegd/code/gcc-arm-none-eabi-7-2018-q2-update/bin/../lib/gcc/arm-none-eabi/7.3.1/thumb/v7-m/libgcc.a(_arm_muldivsf3.o)
                              build/lora/delay.o (__aeabi_fmul)
/home/slonegd/code/gcc-arm-none-eabi-7-2018-q2-update/bin/../lib/gcc/arm-none-eabi/7.3.1/thumb/v7-m/libgcc.a(_arm_cmpsf2.o)
                              build/lora/rtc-board.o (__aeabi_fcmplt)
/home/slonegd/code/gcc-arm-none-eabi-7-2018-q2-update/bin/../lib/gcc/arm-none-eabi/7.3.1/thumb/v7-m/libgcc.a(_arm_fixunssfsi.o)
                              build/lora/delay.o (__aeabi_f2uiz)
/home/slonegd/code/gcc-arm-none-eabi-7-2018-q2-update/bin/../lib/gcc/arm-none-eabi/7.3.1/thumb/v7-m/libgcc.a(_aeabi_uldivmod.o)
                              build/lora/rtc-board.o (__aeabi_uldivmod)
/home/slonegd/code/gcc-arm-none-eabi-7-2018-q2-update/bin/../lib/gcc/arm-none-eabi/7.3.1/thumb/v7-m/libgcc.a(_udivmoddi4.o)
                              /home/slonegd/code/gcc-arm-none-eabi-7-2018-q2-update/bin/../lib/gcc/arm-none-eabi/7.3.1/thumb/v7-m/libgcc.a(_aeabi_uldivmod.o) (__udivmoddi4)
/home/slonegd/code/gcc-arm-none-eabi-7-2018-q2-update/bin/../lib/gcc/arm-none-eabi/7.3.1/thumb/v7-m/libgcc.a(unwind-arm.o)
                              build/main.o (__aeabi_unwind_cpp_pr0)
/home/slonegd/code/gcc-arm-none-eabi-7-2018-q2-update/bin/../lib/gcc/arm-none-eabi/7.3.1/thumb/v7-m/libgcc.a(libunwind.o)
                              /home/slonegd/code/gcc-arm-none-eabi-7-2018-q2-update/bin/../lib/gcc/arm-none-eabi/7.3.1/thumb/v7-m/libgcc.a(unwind-arm.o) (restore_core_regs)
/home/slonegd/code/gcc-arm-none-eabi-7-2018-q2-update/bin/../lib/gcc/arm-none-eabi/7.3.1/thumb/v7-m/libgcc.a(pr-support.o)
                              /home/slonegd/code/gcc-arm-none-eabi-7-2018-q2-update/bin/../lib/gcc/arm-none-eabi/7.3.1/thumb/v7-m/libgcc.a(unwind-arm.o) (__gnu_unwind_execute)
/home/slonegd/code/gcc-arm-none-eabi-7-2018-q2-update/bin/../lib/gcc/arm-none-eabi/7.3.1/thumb/v7-m/libgcc.a(_dvmd_tls.o)
                              /home/slonegd/code/gcc-arm-none-eabi-7-2018-q2-update/bin/../lib/gcc/arm-none-eabi/7.3.1/thumb/v7-m/libgcc.a(_aeabi_uldivmod.o) (__aeabi_ldiv0)
/home/slonegd/code/gcc-arm-none-eabi-7-2018-q2-update/bin/../lib/gcc/arm-none-eabi/7.3.1/../../../../arm-none-eabi/lib/thumb/v7-m/libg_nano.a(lib_a-abort.o)
                              /home/slonegd/code/gcc-arm-none-eabi-7-2018-q2-update/bin/../lib/gcc/arm-none-eabi/7.3.1/thumb/v7-m/libgcc.a(unwind-arm.o) (abort)
/home/slonegd/code/gcc-arm-none-eabi-7-2018-q2-update/bin/../lib/gcc/arm-none-eabi/7.3.1/../../../../arm-none-eabi/lib/thumb/v7-m/libg_nano.a(lib_a-exit.o)
                              /home/slonegd/code/gcc-arm-none-eabi-7-2018-q2-update/bin/../lib/gcc/arm-none-eabi/7.3.1/../../../../arm-none-eabi/lib/thumb/v7-m/crt0.o (exit)
[...]
Memory Configuration

Name             Origin             Length             Attributes
FLASH            0x0000000008000000 0x0000000000080000 xr
RAM              0x0000000020000000 0x0000000000014000 xrw
*default*        0x0000000000000000 0xffffffffffffffff

Linker script and memory map

LOAD /home/slonegd/code/gcc-arm-none-eabi-7-2018-q2-update/bin/../lib/gcc/arm-none-eabi/7.3.1/thumb/v7-m/crti.o
LOAD /home/slonegd/code/gcc-arm-none-eabi-7-2018-q2-update/bin/../lib/gcc/arm-none-eabi/7.3.1/thumb/v7-m/crtbegin.o
LOAD /home/slonegd/code/gcc-arm-none-eabi-7-2018-q2-update/bin/../lib/gcc/arm-none-eabi/7.3.1/../../../../arm-none-eabi/lib/thumb/v7-m/crt0.o
LOAD build/main.o
LOAD build/startup_stm32l152xe.o
LOAD build/lora/sx1276.o
LOAD build/lora/gpio.o
LOAD build/lora/delay.o
LOAD build/lora/timer.o
LOAD build/lora/fifo.o
LOAD build/lora/uart.o
LOAD build/lora/utilities.o
LOAD build/lora/sx1276mb1las-board.o
LOAD build/lora/system_stm32l1xx.o
LOAD build/lora/board.o
LOAD build/lora/spi-board.o
LOAD build/lora/gpio-board.o
LOAD build/lora/delay-board.o
LOAD build/lora/uart-board.o
LOAD build/lora/rtc-board.o
LOAD build/lora/lpm-board.o
LOAD build/lora/sysIrqHandlers.o
LOAD build/lora/stm32l1xx_hal_gpio.o
LOAD build/lora/stm32l1xx_hal_uart.o
LOAD build/lora/stm32l1xx_hal_pwr.o
LOAD build/lora/stm32l1xx_hal_pwr_ex.o
LOAD build/lora/stm32l1xx_hal.o
LOAD build/lora/stm32l1xx_hal_rcc.o
LOAD build/lora/stm32l1xx_hal_rcc_ex.o
LOAD build/lora/stm32l1xx_hal_cortex.o
LOAD build/lora/stm32l1xx_hal_spi.o
LOAD build/lora/stm32l1xx_hal_spi_ex.o
LOAD build/lora/stm32l1xx_hal_rtc.o
LOAD build/lora/stm32l1xx_hal_rtc_ex.o
LOAD /home/slonegd/code/gcc-arm-none-eabi-7-2018-q2-update/bin/../lib/gcc/arm-none-eabi/7.3.1/../../../../arm-none-eabi/lib/thumb/v7-m/libm.a
START GROUP
LOAD /home/slonegd/code/gcc-arm-none-eabi-7-2018-q2-update/bin/../lib/gcc/arm-none-eabi/7.3.1/thumb/v7-m/libgcc.a
LOAD /home/slonegd/code/gcc-arm-none-eabi-7-2018-q2-update/bin/../lib/gcc/arm-none-eabi/7.3.1/../../../../arm-none-eabi/lib/thumb/v7-m/libg_nano.a
LOAD /home/slonegd/code/gcc-arm-none-eabi-7-2018-q2-update/bin/../lib/gcc/arm-none-eabi/7.3.1/../../../../arm-none-eabi/lib/thumb/v7-m/libc_nano.a
END GROUP
START GROUP
LOAD /home/slonegd/code/gcc-arm-none-eabi-7-2018-q2-update/bin/../lib/gcc/arm-none-eabi/7.3.1/thumb/v7-m/libgcc.a
LOAD /home/slonegd/code/gcc-arm-none-eabi-7-2018-q2-update/bin/../lib/gcc/arm-none-eabi/7.3.1/../../../../arm-none-eabi/lib/thumb/v7-m/libc_nano.a
LOAD /home/slonegd/code/gcc-arm-none-eabi-7-2018-q2-update/bin/../lib/gcc/arm-none-eabi/7.3.1/../../../../arm-none-eabi/lib/thumb/v7-m/libnosys.a
END GROUP
START GROUP
LOAD /home/slonegd/code/gcc-arm-none-eabi-7-2018-q2-update/bin/../lib/gcc/arm-none-eabi/7.3.1/thumb/v7-m/libgcc.a
LOAD /home/slonegd/code/gcc-arm-none-eabi-7-2018-q2-update/bin/../lib/gcc/arm-none-eabi/7.3.1/../../../../arm-none-eabi/lib/thumb/v7-m/libc_nano.a
LOAD /home/slonegd/code/gcc-arm-none-eabi-7-2018-q2-update/bin/../lib/gcc/arm-none-eabi/7.3.1/../../../../arm-none-eabi/lib/thumb/v7-m/libnosys.a
END GROUP
LOAD /home/slonegd/code/gcc-arm-none-eabi-7-2018-q2-update/bin/../lib/gcc/arm-none-eabi/7.3.1/thumb/v7-m/crtend.o
LOAD /home/slonegd/code/gcc-arm-none-eabi-7-2018-q2-update/bin/../lib/gcc/arm-none-eabi/7.3.1/thumb/v7-m/crtn.o
                0x0000000020014000                _estack = 0x20014000

.text           0x0000000008000000     0x9778
 *(.isr_vector)
 .isr_vector    0x0000000008000000      0x13c build/startup_stm32l152xe.o
                0x0000000008000000                g_pfnVectors
 *(.text*)
 .text          0x000000000800013c       0x40 /home/slonegd/code/gcc-arm-none-eabi-7-2018-q2-update/bin/../lib/gcc/arm-none-eabi/7.3.1/thumb/v7-m/crtbegin.o
 .text._Z8OnTxDonev
                0x000000000800017c       0x18 build/main.o
                0x000000000800017c                OnTxDone()
 .text._Z11OnTxTimeoutv
                0x0000000008000194       0x18 build/main.o
                0x0000000008000194                OnTxTimeout()
 .text._Z11OnRxTimeoutv
                0x00000000080001ac       0x18 build/main.o
                0x00000000080001ac                OnRxTimeout()
 .text._Z9OnRxErrorv
                0x00000000080001c4       0x18 build/main.o
                0x00000000080001c4                OnRxError()
 .text._Z8OnRxDonePhtsa
                0x00000000080001dc       0x48 build/main.o
                0x00000000080001dc                OnRxDone(unsigned char*, unsigned short, short, signed char)
 .text.main     0x0000000008000224      0x264 build/main.o
                0x0000000008000224                main
 .text.Reset_Handler
                0x0000000008000488       0x48 build/startup_stm32l152xe.o
                0x0000000008000488                Reset_Handler
 .text.Default_Handler
                0x00000000080004d0        0x2 build/startup_stm32l152xe.o
                0x00000000080004d0                COMP_ACQ_IRQHandler
                0x00000000080004d0                HardFault_Handler
                0x00000000080004d0                TIM10_IRQHandler
                0x00000000080004d0                USB_HP_IRQHandler
                0x00000000080004d0                TIM6_IRQHandler
                0x00000000080004d0                PVD_IRQHandler
                0x00000000080004d0                PendSV_Handler
                0x00000000080004d0                I2C2_EV_IRQHandler
                0x00000000080004d0                SPI1_IRQHandler
                0x00000000080004d0                USB_FS_WKUP_IRQHandler
                0x00000000080004d0                DMA2_Channel2_IRQHandler
                0x00000000080004d0                DMA1_Channel4_IRQHandler
                0x00000000080004d0                ADC1_IRQHandler
                0x00000000080004d0                USART3_IRQHandler
                0x00000000080004d0                DMA1_Channel7_IRQHandler
                0x00000000080004d0                LCD_IRQHandler
                0x00000000080004d0                UART5_IRQHandler
                0x00000000080004d0                TIM4_IRQHandler
                0x00000000080004d0                DMA2_Channel1_IRQHandler
                0x00000000080004d0                I2C1_EV_IRQHandler
                0x00000000080004d0                DMA1_Channel6_IRQHandler
                0x00000000080004d0                UART4_IRQHandler
                0x00000000080004d0                DMA2_Channel4_IRQHandler
                0x00000000080004d0                TIM3_IRQHandler
                0x00000000080004d0                RCC_IRQHandler
                0x00000000080004d0                DMA1_Channel1_IRQHandler
                0x00000000080004d0                Default_Handler
                0x00000000080004d0                TIM7_IRQHandler
                0x00000000080004d0                TIM5_IRQHandler
                0x00000000080004d0                TIM9_IRQHandler
                0x00000000080004d0                TAMPER_STAMP_IRQHandler
                0x00000000080004d0                RTC_WKUP_IRQHandler
                0x00000000080004d0                SPI2_IRQHandler
                0x00000000080004d0                SVC_Handler
                0x00000000080004d0                DMA2_Channel5_IRQHandler
                0x00000000080004d0                DMA1_Channel5_IRQHandler
                0x00000000080004d0                USB_LP_IRQHandler
                0x00000000080004d0                DMA1_Channel3_IRQHandler
                0x00000000080004d0                COMP_IRQHandler
                0x00000000080004d0                WWDG_IRQHandler
                0x00000000080004d0                TIM2_IRQHandler
                0x00000000080004d0                DAC_IRQHandler
                0x00000000080004d0                TIM11_IRQHandler
                0x00000000080004d0                I2C2_ER_IRQHandler
                0x00000000080004d0                DMA1_Channel2_IRQHandler
                0x00000000080004d0                FLASH_IRQHandler
                0x00000000080004d0                USART1_IRQHandler
                0x00000000080004d0                SPI3_IRQHandler
                0x00000000080004d0                I2C1_ER_IRQHandler
                0x00000000080004d0                DMA2_Channel3_IRQHandler
 *fill*         0x00000000080004d2        0x2 
 .text.GetFskBandwidthRegValue
                0x00000000080004d4       0x50 build/lora/sx1276.o
 .text.SX1276OnDio4Irq
                0x0000000008000524       0x20 build/lora/sx1276.o
                0x0000000008000524                SX1276OnDio4Irq
 .text.SX1276GetStatus
                0x0000000008000544        0xc build/lora/sx1276.o
                0x0000000008000544                SX1276GetStatus
 .text.SX1276WriteBuffer
                0x0000000008000550       0x44 build/lora/sx1276.o
                0x0000000008000550                SX1276WriteBuffer
 .text.SX1276Write
                0x0000000008000594       0x18 build/lora/sx1276.o
                0x0000000008000594                SX1276Write
 *fill*         0x00000000080005ac        0x4 
 .text.SX1276SetChannel
                0x00000000080005b0       0x4c build/lora/sx1276.o
                0x00000000080005b0                SX1276SetChannel
 .text.SX1276ReadBuffer
                0x00000000080005fc       0x48 build/lora/sx1276.o
                0x00000000080005fc                SX1276ReadBuffer
 .text.SX1276Read
                0x0000000008000644       0x18 build/lora/sx1276.o
                0x0000000008000644                SX1276Read
 *fill*         0x000000000800065c        0x4 
 .text.RxChainCalibration
                0x0000000008000660       0xa4 build/lora/sx1276.o
 *fill*         0x0000000008000704        0x4 
 .text.SX1276GetTimeOnAir
                0x0000000008000708      0x244 build/lora/sx1276.o
                0x0000000008000708                SX1276GetTimeOnAir
 .text.SX1276ReadRssi
                0x000000000800094c       0x50 build/lora/sx1276.o
                0x000000000800094c                SX1276ReadRssi
 .text.SX1276SetOpMode
                0x000000000800099c       0x32 build/lora/sx1276.o
                0x000000000800099c                SX1276SetOpMode
 *fill*         0x00000000080009ce        0x2 
 .text.SX1276SetSleep
                0x00000000080009d0       0x2c build/lora/sx1276.o
                0x00000000080009d0                SX1276SetSleep
 .text.SX1276SetStby
                0x00000000080009fc       0x2c build/lora/sx1276.o
                0x00000000080009fc                SX1276SetStby
 .text.SX1276SetRx
                0x0000000008000a28      0x288 build/lora/sx1276.o
                0x0000000008000a28                SX1276SetRx
 .text.SX1276SetTx
                0x0000000008000cb0       0xb0 build/lora/sx1276.o
                0x0000000008000cb0                SX1276SetTx
 .text.SX1276StartCad
                0x0000000008000d60       0x38 build/lora/sx1276.o
                0x0000000008000d60                SX1276StartCad
 .text.SX1276SetModem
                0x0000000008000d98       0x88 build/lora/sx1276.o
                0x0000000008000d98                SX1276SetModem
 .text.SX1276Init
                0x0000000008000e20       0x88 build/lora/sx1276.o
                0x0000000008000e20                SX1276Init
 .text.SX1276IsChannelFree
                0x0000000008000ea8       0x48 build/lora/sx1276.o
                0x0000000008000ea8                SX1276IsChannelFree
 .text.SX1276Random
                0x0000000008000ef0       0x40 build/lora/sx1276.o
                0x0000000008000ef0                SX1276Random
 .text.SX1276SetRxConfig
                0x0000000008000f30      0x310 build/lora/sx1276.o
                0x0000000008000f30                SX1276SetRxConfig
 .text.SX1276SetTxConfig
                0x0000000008001240      0x26c build/lora/sx1276.o
                0x0000000008001240                SX1276SetTxConfig
 .text.SX1276SetTxContinuousWave
                0x00000000080014ac       0x80 build/lora/sx1276.o
                0x00000000080014ac                SX1276SetTxContinuousWave
 *fill*         0x000000000800152c        0x4 
 .text.SX1276OnDio2Irq
                0x0000000008001530      0x104 build/lora/sx1276.o
                0x0000000008001530                SX1276OnDio2Irq
 .text.SX1276OnDio3Irq
                0x0000000008001634       0x50 build/lora/sx1276.o
                0x0000000008001634                SX1276OnDio3Irq
 .text.SX1276WriteFifo
                0x0000000008001684        0xe build/lora/sx1276.o
                0x0000000008001684                SX1276WriteFifo
 *fill*         0x0000000008001692        0x2 
 .text.SX1276Send
                0x0000000008001694      0x124 build/lora/sx1276.o
                0x0000000008001694                SX1276Send
 .text.SX1276ReadFifo
                0x00000000080017b8        0xe build/lora/sx1276.o
                0x00000000080017b8                SX1276ReadFifo
 *fill*         0x00000000080017c6        0x2 
 .text.SX1276OnDio0Irq
                0x00000000080017c8      0x2fc build/lora/sx1276.o
                0x00000000080017c8                SX1276OnDio0Irq
 .text.SX1276OnDio1Irq
                0x0000000008001ac4      0x124 build/lora/sx1276.o
                0x0000000008001ac4                SX1276OnDio1Irq
 .text.SX1276SetMaxPayloadLength
                0x0000000008001be8       0x34 build/lora/sx1276.o
                0x0000000008001be8                SX1276SetMaxPayloadLength
 .text.SX1276SetPublicNetwork
                0x0000000008001c1c       0x2c build/lora/sx1276.o
                0x0000000008001c1c                SX1276SetPublicNetwork
 .text.SX1276OnTimeoutIrq
                0x0000000008001c48       0xe8 build/lora/sx1276.o
                0x0000000008001c48                SX1276OnTimeoutIrq
 .text.SX1276GetWakeupTime
                0x0000000008001d30        0xa build/lora/sx1276.o
                0x0000000008001d30                SX1276GetWakeupTime
 .text.GpioInit
                0x0000000008001d3a       0x16 build/lora/gpio.o
                0x0000000008001d3a                GpioInit
 .text.GpioSetInterrupt
                0x0000000008001d50        0x8 build/lora/gpio.o
                0x0000000008001d50                GpioSetInterrupt
 .text.GpioWrite
                0x0000000008001d58        0x8 build/lora/gpio.o
                0x0000000008001d58                GpioWrite
 .text.GpioToggle
                0x0000000008001d60        0x8 build/lora/gpio.o
                0x0000000008001d60                GpioToggle
 .text.DelayMs  0x0000000008001d68        0x8 build/lora/delay.o
                0x0000000008001d68                DelayMs
 .text.TimerInsertTimer
                0x0000000008001d70       0x3c build/lora/timer.o
 .text.TimerExists
                0x0000000008001dac       0x1c build/lora/timer.o
 .text.TimerSetTimeout
                0x0000000008001dc8       0x2c build/lora/timer.o
 .text.TimerInsertNewHeadTimer
                0x0000000008001df4       0x1c build/lora/timer.o
 .text.TimerInit
                0x0000000008001e10       0x12 build/lora/timer.o
                0x0000000008001e10                TimerInit
 *fill*         0x0000000008001e22        0x2 
 .text.TimerStart
                0x0000000008001e24       0x6c build/lora/timer.o
                0x0000000008001e24                TimerStart
 .text.TimerIrqHandler
                0x0000000008001e90       0x80 build/lora/timer.o
                0x0000000008001e90                TimerIrqHandler
 .text.TimerStop
                0x0000000008001f10       0x80 build/lora/timer.o
                0x0000000008001f10                TimerStop
 .text.TimerSetValue
                0x0000000008001f90       0x24 build/lora/timer.o
                0x0000000008001f90                TimerSetValue
 .text.TimerGetCurrentTime
                0x0000000008001fb4        0xc build/lora/timer.o
                0x0000000008001fb4                TimerGetCurrentTime
 .text.TimerGetElapsedTime
                0x0000000008001fc0       0x20 build/lora/timer.o
                0x0000000008001fc0                TimerGetElapsedTime
 .text.FifoNext
                0x0000000008001fe0       0x10 build/lora/fifo.o
 .text.FifoInit
                0x0000000008001ff0        0xc build/lora/fifo.o
                0x0000000008001ff0                FifoInit
 .text.FifoPush
                0x0000000008001ffc       0x14 build/lora/fifo.o
                0x0000000008001ffc                FifoPush
 .text.FifoPop  0x0000000008002010       0x14 build/lora/fifo.o
                0x0000000008002010                FifoPop
 .text.IsFifoEmpty
                0x0000000008002024        0xe build/lora/fifo.o
                0x0000000008002024                IsFifoEmpty
 .text.IsFifoFull
                0x0000000008002032       0x16 build/lora/fifo.o
                0x0000000008002032                IsFifoFull
 .text.UartInit
                0x0000000008002048       0x12 build/lora/uart.o
                0x0000000008002048                UartInit
 .text.UartConfig
                0x000000000800205a       0x1e build/lora/uart.o
                0x000000000800205a                UartConfig
 .text.UartPutChar
                0x0000000008002078        0x8 build/lora/uart.o
                0x0000000008002078                UartPutChar
 .text.UartGetChar
                0x0000000008002080        0x8 build/lora/uart.o
                0x0000000008002080                UartGetChar
 .text.UartPutBuffer
                0x0000000008002088        0x8 build/lora/uart.o
                0x0000000008002088                UartPutBuffer
 .text.UartGetBuffer
                0x0000000008002090        0x8 build/lora/uart.o
                0x0000000008002090                UartGetBuffer
 .text.memcpy1  0x0000000008002098       0x16 build/lora/utilities.o
                0x0000000008002098                memcpy1
 *fill*         0x00000000080020ae        0x2 
 .text.SX1276GetPaSelect
                0x00000000080020b0       0x14 build/lora/sx1276mb1las-board.o
 .text.SX1276CheckRfFrequency
                0x00000000080020c4        0x4 build/lora/sx1276mb1las-board.o
                0x00000000080020c4                SX1276CheckRfFrequency
 .text.SX1276IoInit
                0x00000000080020c8       0x90 build/lora/sx1276mb1las-board.o
                0x00000000080020c8                SX1276IoInit
 .text.SX1276IoIrqInit
                0x0000000008002158       0x60 build/lora/sx1276mb1las-board.o
                0x0000000008002158                SX1276IoIrqInit
 .text.SX1276IoDeInit
                0x00000000080021b8       0x8c build/lora/sx1276mb1las-board.o
                0x00000000080021b8                SX1276IoDeInit
 .text.SX1276GetBoardTcxoWakeupTime
                0x0000000008002244        0x4 build/lora/sx1276mb1las-board.o
                0x0000000008002244                SX1276GetBoardTcxoWakeupTime
 .text.SX1276Reset
                0x0000000008002248       0x40 build/lora/sx1276mb1las-board.o
                0x0000000008002248                SX1276Reset
 .text.SX1276SetRfTxPower
                0x0000000008002288       0xc8 build/lora/sx1276mb1las-board.o
                0x0000000008002288                SX1276SetRfTxPower
 .text.SX1276AntSwInit
                0x0000000008002350       0x20 build/lora/sx1276mb1las-board.o
                0x0000000008002350                SX1276AntSwInit
 .text.SX1276AntSwDeInit
                0x0000000008002370       0x20 build/lora/sx1276mb1las-board.o
                0x0000000008002370                SX1276AntSwDeInit
 .text.SX1276SetAntSwLowPower
                0x0000000008002390       0x20 build/lora/sx1276mb1las-board.o
                0x0000000008002390                SX1276SetAntSwLowPower
 .text.SX1276SetAntSw
                0x00000000080023b0       0x20 build/lora/sx1276mb1las-board.o
                0x00000000080023b0                SX1276SetAntSw
 .text.SystemInit
                0x00000000080023d0       0x48 build/lora/system_stm32l1xx.o
                0x00000000080023d0                SystemInit
 .text.BoardUnusedIoInit
                0x0000000008002418       0x10 build/lora/board.o
 .text.SystemClockReConfig
                0x0000000008002428       0xbc build/lora/board.o
 .text.CalibrateSystemWakeupTime
                0x00000000080024e4       0x3c build/lora/board.o
 .text.OnCalibrateSystemWakeupTimeTimerEvent
                0x0000000008002520       0x14 build/lora/board.o
 .text.BoardCriticalSectionBegin
                0x0000000008002534        0xa build/lora/board.o
                0x0000000008002534                BoardCriticalSectionBegin
 .text.BoardCriticalSectionEnd
                0x000000000800253e        0x8 build/lora/board.o
                0x000000000800253e                BoardCriticalSectionEnd
 .text.BoardInitPeriph
                0x0000000008002546        0x2 build/lora/board.o
                0x0000000008002546                BoardInitPeriph
 .text.BoardDeInitMcu
                0x0000000008002548       0x14 build/lora/board.o
                0x0000000008002548                BoardDeInitMcu
 .text.SysTick_Handler
                0x000000000800255c        0xc build/lora/board.o
                0x000000000800255c                SysTick_Handler
 .text.GetBoardPowerSource
                0x0000000008002568       0x14 build/lora/board.o
                0x0000000008002568                GetBoardPowerSource
 .text.LpmEnterStopMode
                0x000000000800257c       0x3c build/lora/board.o
                0x000000000800257c                LpmEnterStopMode
 .text.LpmEnterSleepMode
                0x00000000080025b8        0xc build/lora/board.o
                0x00000000080025b8                LpmEnterSleepMode
 .text.BoardLowPowerHandler
                0x00000000080025c4        0xc build/lora/board.o
                0x00000000080025c4                BoardLowPowerHandler
 .text._write   0x00000000080025d0       0x1c build/lora/board.o
                0x00000000080025d0                _write
 .text._read    0x00000000080025ec       0x38 build/lora/board.o
                0x00000000080025ec                _read
 .text.assert_failed
                0x0000000008002624       0x14 build/lora/board.o
                0x0000000008002624                assert_failed
 .text.SystemClockConfig
                0x0000000008002638       0xd4 build/lora/board.o
 .text.BoardInitMcu
                0x000000000800270c       0xf4 build/lora/board.o
                0x000000000800270c                BoardInitMcu
 .text.LpmExitStopMode
                0x0000000008002800       0x1a build/lora/board.o
                0x0000000008002800                LpmExitStopMode
 *fill*         0x000000000800281a        0x2 
 .text.SpiDeInit
                0x000000000800281c       0x68 build/lora/spi-board.o
                0x000000000800281c                SpiDeInit
 .text.SpiFormat
                0x0000000008002884       0x94 build/lora/spi-board.o
                0x0000000008002884                SpiFormat
 .text.SpiFrequency
                0x0000000008002918       0x50 build/lora/spi-board.o
                0x0000000008002918                SpiFrequency
 .text.SpiInit  0x0000000008002968      0x198 build/lora/spi-board.o
                0x0000000008002968                SpiInit
 .text.SpiInOut
                0x0000000008002b00       0x84 build/lora/spi-board.o
                0x0000000008002b00                SpiInOut
 .text.GpioMcuSetInterrupt
                0x0000000008002b84       0xfc build/lora/gpio-board.o
                0x0000000008002b84                GpioMcuSetInterrupt
 .text.GpioMcuWrite
                0x0000000008002c80       0x38 build/lora/gpio-board.o
                0x0000000008002c80                GpioMcuWrite
 .text.GpioMcuInit
                0x0000000008002cb8      0x130 build/lora/gpio-board.o
                0x0000000008002cb8                GpioMcuInit
 .text.GpioMcuToggle
                0x0000000008002de8       0x34 build/lora/gpio-board.o
                0x0000000008002de8                GpioMcuToggle
 .text.EXTI0_IRQHandler
                0x0000000008002e1c        0xa build/lora/gpio-board.o
                0x0000000008002e1c                EXTI0_IRQHandler
 .text.EXTI1_IRQHandler
                0x0000000008002e26        0xa build/lora/gpio-board.o
                0x0000000008002e26                EXTI1_IRQHandler
 .text.EXTI2_IRQHandler
                0x0000000008002e30        0xa build/lora/gpio-board.o
                0x0000000008002e30                EXTI2_IRQHandler
 .text.EXTI3_IRQHandler
                0x0000000008002e3a        0xa build/lora/gpio-board.o
                0x0000000008002e3a                EXTI3_IRQHandler
 .text.EXTI4_IRQHandler
                0x0000000008002e44        0xa build/lora/gpio-board.o
                0x0000000008002e44                EXTI4_IRQHandler
 .text.EXTI9_5_IRQHandler
                0x0000000008002e4e       0x26 build/lora/gpio-board.o
                0x0000000008002e4e                EXTI9_5_IRQHandler
 .text.EXTI15_10_IRQHandler
                0x0000000008002e74       0x34 build/lora/gpio-board.o
                0x0000000008002e74                EXTI15_10_IRQHandler
 .text.HAL_GPIO_EXTI_Callback
                0x0000000008002ea8       0x30 build/lora/gpio-board.o
                0x0000000008002ea8                HAL_GPIO_EXTI_Callback
 .text.DelayMsMcu
                0x0000000008002ed8        0x8 build/lora/delay-board.o
                0x0000000008002ed8                DelayMsMcu
 .text.UartMcuInit
                0x0000000008002ee0       0x64 build/lora/uart-board.o
                0x0000000008002ee0                UartMcuInit
 .text.UartMcuConfig
                0x0000000008002f44      0x140 build/lora/uart-board.o
                0x0000000008002f44                UartMcuConfig
 .text.UartMcuPutChar
                0x0000000008003084       0x5c build/lora/uart-board.o
                0x0000000008003084                UartMcuPutChar
 .text.UartMcuGetChar
                0x00000000080030e0       0x40 build/lora/uart-board.o
                0x00000000080030e0                UartMcuGetChar
 .text.UartMcuPutBuffer
                0x0000000008003120       0x3e build/lora/uart-board.o
                0x0000000008003120                UartMcuPutBuffer
 .text.UartMcuGetBuffer
                0x000000000800315e       0x32 build/lora/uart-board.o
                0x000000000800315e                UartMcuGetBuffer
 .text.HAL_UART_TxCpltCallback
                0x0000000008003190       0x3c build/lora/uart-board.o
                0x0000000008003190                HAL_UART_TxCpltCallback
 .text.HAL_UART_RxCpltCallback
                0x00000000080031cc       0x3c build/lora/uart-board.o
                0x00000000080031cc                HAL_UART_RxCpltCallback
 .text.HAL_UART_ErrorCallback
                0x0000000008003208       0x18 build/lora/uart-board.o
                0x0000000008003208                HAL_UART_ErrorCallback
 .text.USART2_IRQHandler
                0x0000000008003220       0x44 build/lora/uart-board.o
                0x0000000008003220                USART2_IRQHandler
 .text.RtcGetCalendarValue
                0x0000000008003264       0xac build/lora/rtc-board.o
 .text.RtcSetTimerContext
                0x0000000008003310       0x18 build/lora/rtc-board.o
                0x0000000008003310                RtcSetTimerContext
 .text.RtcInit  0x0000000008003328       0xb8 build/lora/rtc-board.o
                0x0000000008003328                RtcInit
 .text.RtcGetTimerContext
                0x00000000080033e0        0xc build/lora/rtc-board.o
                0x00000000080033e0                RtcGetTimerContext
 .text.RtcGetMinimumTimeout
                0x00000000080033ec        0x4 build/lora/rtc-board.o
                0x00000000080033ec                RtcGetMinimumTimeout
 .text.RtcMs2Tick
                0x00000000080033f0       0x12 build/lora/rtc-board.o
                0x00000000080033f0                RtcMs2Tick
 .text.RtcTick2Ms
                0x0000000008003402       0x16 build/lora/rtc-board.o
                0x0000000008003402                RtcTick2Ms
 .text.RtcStopAlarm
                0x0000000008003418       0x2c build/lora/rtc-board.o
                0x0000000008003418                RtcStopAlarm
 .text.RtcStartAlarm
                0x0000000008003444      0x144 build/lora/rtc-board.o
                0x0000000008003444                RtcStartAlarm
 .text.RtcGetTimerValue
                0x0000000008003588       0x12 build/lora/rtc-board.o
                0x0000000008003588                RtcGetTimerValue
 *fill*         0x000000000800359a        0x2 
 .text.RtcGetTimerElapsedTime
                0x000000000800359c       0x1c build/lora/rtc-board.o
                0x000000000800359c                RtcGetTimerElapsedTime
 .text.RtcSetAlarm
                0x00000000080035b8       0x50 build/lora/rtc-board.o
                0x00000000080035b8                RtcSetAlarm
 .text.RtcSetMcuWakeUpTime
                0x0000000008003608       0x84 build/lora/rtc-board.o
                0x0000000008003608                RtcSetMcuWakeUpTime
 .text.HAL_RTC_AlarmAEventCallback
                0x000000000800368c        0x8 build/lora/rtc-board.o
                0x000000000800368c                HAL_RTC_AlarmAEventCallback
 .text.RTC_Alarm_IRQHandler
                0x0000000008003694       0x44 build/lora/rtc-board.o
                0x0000000008003694                RTC_Alarm_IRQHandler
 .text.LpmSetOffMode
                0x00000000080036d8       0x38 build/lora/lpm-board.o
                0x00000000080036d8                LpmSetOffMode
 .text.LpmSetStopMode
                0x0000000008003710       0x38 build/lora/lpm-board.o
                0x0000000008003710                LpmSetStopMode
 .text.LpmGetMode
                0x0000000008003748       0x34 build/lora/lpm-board.o
                0x0000000008003748                LpmGetMode
 .text.LpmExitSleepMode
                0x000000000800377c        0x2 build/lora/lpm-board.o
                0x000000000800377c                LpmExitSleepMode
 .text.LpmEnterOffMode
                0x000000000800377e        0x2 build/lora/lpm-board.o
                0x000000000800377e                LpmEnterOffMode
 .text.LpmExitOffMode
                0x0000000008003780        0x2 build/lora/lpm-board.o
                0x0000000008003780                LpmExitOffMode
 *fill*         0x0000000008003782        0x2 
 .text.LpmEnterLowPower
                0x0000000008003784       0x34 build/lora/lpm-board.o
                0x0000000008003784                LpmEnterLowPower
 .text.NMI_Handler
                0x00000000080037b8        0x2 build/lora/sysIrqHandlers.o
                0x00000000080037b8                NMI_Handler
 .text.MemManage_Handler
                0x00000000080037ba        0x2 build/lora/sysIrqHandlers.o
                0x00000000080037ba                MemManage_Handler
 .text.BusFault_Handler
                0x00000000080037bc        0x2 build/lora/sysIrqHandlers.o
                0x00000000080037bc                BusFault_Handler
 .text.UsageFault_Handler
                0x00000000080037be        0x2 build/lora/sysIrqHandlers.o
                0x00000000080037be                UsageFault_Handler
 .text.DebugMon_Handler
                0x00000000080037c0        0x2 build/lora/sysIrqHandlers.o
                0x00000000080037c0                DebugMon_Handler
 *fill*         0x00000000080037c2        0x2 
 .text.HAL_GPIO_Init
                0x00000000080037c4      0x2f0 build/lora/stm32l1xx_hal_gpio.o
                0x00000000080037c4                HAL_GPIO_Init
 .text.HAL_GPIO_WritePin
                0x0000000008003ab4       0x38 build/lora/stm32l1xx_hal_gpio.o
                0x0000000008003ab4                HAL_GPIO_WritePin
 .text.HAL_GPIO_TogglePin
                0x0000000008003aec       0x20 build/lora/stm32l1xx_hal_gpio.o
                0x0000000008003aec                HAL_GPIO_TogglePin
 .text.HAL_GPIO_EXTI_IRQHandler
                0x0000000008003b0c       0x1c build/lora/stm32l1xx_hal_gpio.o
                0x0000000008003b0c                HAL_GPIO_EXTI_IRQHandler
 .text.UART_Transmit_IT
                0x0000000008003b28       0x6c build/lora/stm32l1xx_hal_uart.o
 .text.UART_SetConfig
                0x0000000008003b94      0x390 build/lora/stm32l1xx_hal_uart.o
 .text.HAL_UART_MspInit
                0x0000000008003f24        0x2 build/lora/stm32l1xx_hal_uart.o
                0x0000000008003f24                HAL_UART_MspInit
 *fill*         0x0000000008003f26        0x2 
 .text.HAL_UART_Init
                0x0000000008003f28      0x10c build/lora/stm32l1xx_hal_uart.o
                0x0000000008003f28                HAL_UART_Init
 .text.HAL_UART_Transmit_IT
                0x0000000008004034       0x66 build/lora/stm32l1xx_hal_uart.o
                0x0000000008004034                HAL_UART_Transmit_IT
 .text.HAL_UART_Receive_IT
                0x000000000800409a       0x7e build/lora/stm32l1xx_hal_uart.o
                0x000000000800409a                HAL_UART_Receive_IT
 .text.UART_EndTransmit_IT
                0x0000000008004118       0x2c build/lora/stm32l1xx_hal_uart.o
 .text.UART_Receive_IT
                0x0000000008004144       0xb6 build/lora/stm32l1xx_hal_uart.o
 .text.HAL_UART_IRQHandler
                0x00000000080041fa       0xca build/lora/stm32l1xx_hal_uart.o
                0x00000000080041fa                HAL_UART_IRQHandler
 .text.HAL_PWR_DisablePVD
                0x00000000080042c4       0x1a build/lora/stm32l1xx_hal_pwr.o
                0x00000000080042c4                HAL_PWR_DisablePVD
 *fill*         0x00000000080042de        0x2 
 .text.HAL_PWR_EnterSLEEPMode
                0x00000000080042e0       0x5c build/lora/stm32l1xx_hal_pwr.o
                0x00000000080042e0                HAL_PWR_EnterSLEEPMode
 .text.HAL_PWR_EnterSTOPMode
                0x000000000800433c       0x68 build/lora/stm32l1xx_hal_pwr.o
                0x000000000800433c                HAL_PWR_EnterSTOPMode
 .text.HAL_PWREx_EnableFastWakeUp
                0x00000000080043a4       0x1c build/lora/stm32l1xx_hal_pwr_ex.o
                0x00000000080043a4                HAL_PWREx_EnableFastWakeUp
 .text.HAL_PWREx_EnableUltraLowPower
                0x00000000080043c0       0x1c build/lora/stm32l1xx_hal_pwr_ex.o
                0x00000000080043c0                HAL_PWREx_EnableUltraLowPower
 .text.HAL_MspInit
                0x00000000080043dc        0x2 build/lora/stm32l1xx_hal.o
                0x00000000080043dc                HAL_MspInit
 *fill*         0x00000000080043de        0x2 
 .text.HAL_InitTick
                0x00000000080043e0       0x2c build/lora/stm32l1xx_hal.o
                0x00000000080043e0                HAL_InitTick
 .text.HAL_Init
                0x000000000800440c       0x16 build/lora/stm32l1xx_hal.o
                0x000000000800440c                HAL_Init
 *fill*         0x0000000008004422        0x2 
 .text.HAL_IncTick
                0x0000000008004424       0x10 build/lora/stm32l1xx_hal.o
                0x0000000008004424                HAL_IncTick
 .text.HAL_GetTick
                0x0000000008004434        0xc build/lora/stm32l1xx_hal.o
                0x0000000008004434                HAL_GetTick
 .text.HAL_Delay
                0x0000000008004440       0x1c build/lora/stm32l1xx_hal.o
                0x0000000008004440                HAL_Delay
 .text.HAL_DBGMCU_EnableDBGSleepMode
                0x000000000800445c       0x10 build/lora/stm32l1xx_hal.o
                0x000000000800445c                HAL_DBGMCU_EnableDBGSleepMode
 .text.HAL_DBGMCU_EnableDBGStopMode
                0x000000000800446c       0x10 build/lora/stm32l1xx_hal.o
                0x000000000800446c                HAL_DBGMCU_EnableDBGStopMode
 .text.HAL_DBGMCU_EnableDBGStandbyMode
                0x000000000800447c       0x10 build/lora/stm32l1xx_hal.o
                0x000000000800447c                HAL_DBGMCU_EnableDBGStandbyMode
 .text.RCC_SetFlashLatencyFromMSIRange
                0x000000000800448c       0x94 build/lora/stm32l1xx_hal_rcc.o
 .text.HAL_RCC_OscConfig
                0x0000000008004520      0x95c build/lora/stm32l1xx_hal_rcc.o
                0x0000000008004520                HAL_RCC_OscConfig
 .text.HAL_RCC_GetSysClockFreq
                0x0000000008004e7c       0x94 build/lora/stm32l1xx_hal_rcc.o
                0x0000000008004e7c                HAL_RCC_GetSysClockFreq
 .text.HAL_RCC_ClockConfig
                0x0000000008004f10      0x314 build/lora/stm32l1xx_hal_rcc.o
                0x0000000008004f10                HAL_RCC_ClockConfig
 .text.HAL_RCC_GetHCLKFreq
                0x0000000008005224        0xc build/lora/stm32l1xx_hal_rcc.o
                0x0000000008005224                HAL_RCC_GetHCLKFreq
 .text.HAL_RCC_GetPCLK1Freq
                0x0000000008005230       0x2c build/lora/stm32l1xx_hal_rcc.o
                0x0000000008005230                HAL_RCC_GetPCLK1Freq
 .text.HAL_RCC_GetPCLK2Freq
                0x000000000800525c       0x2c build/lora/stm32l1xx_hal_rcc.o
                0x000000000800525c                HAL_RCC_GetPCLK2Freq
 .text.HAL_RCCEx_PeriphCLKConfig
                0x0000000008005288      0x228 build/lora/stm32l1xx_hal_rcc_ex.o
                0x0000000008005288                HAL_RCCEx_PeriphCLKConfig
 .text.HAL_NVIC_SetPriorityGrouping
                0x00000000080054b0       0x3c build/lora/stm32l1xx_hal_cortex.o
                0x00000000080054b0                HAL_NVIC_SetPriorityGrouping
 .text.HAL_NVIC_SetPriority
                0x00000000080054ec       0x8c build/lora/stm32l1xx_hal_cortex.o
                0x00000000080054ec                HAL_NVIC_SetPriority
 .text.HAL_NVIC_EnableIRQ
                0x0000000008005578       0x2c build/lora/stm32l1xx_hal_cortex.o
                0x0000000008005578                HAL_NVIC_EnableIRQ
 .text.HAL_SYSTICK_Config
                0x00000000080055a4       0x2c build/lora/stm32l1xx_hal_cortex.o
                0x00000000080055a4                HAL_SYSTICK_Config
 .text.HAL_NVIC_GetPendingIRQ
                0x00000000080055d0       0x1c build/lora/stm32l1xx_hal_cortex.o
                0x00000000080055d0                HAL_NVIC_GetPendingIRQ
 .text.HAL_SYSTICK_CLKSourceConfig
                0x00000000080055ec       0x3c build/lora/stm32l1xx_hal_cortex.o
                0x00000000080055ec                HAL_SYSTICK_CLKSourceConfig
 .text.HAL_SYSTICK_Callback
                0x0000000008005628        0x2 build/lora/stm32l1xx_hal_cortex.o
                0x0000000008005628                HAL_SYSTICK_Callback
 .text.HAL_SYSTICK_IRQHandler
                0x000000000800562a        0x8 build/lora/stm32l1xx_hal_cortex.o
                0x000000000800562a                HAL_SYSTICK_IRQHandler
 .text.HAL_SPI_MspInit
                0x0000000008005632        0x2 build/lora/stm32l1xx_hal_spi.o
                0x0000000008005632                HAL_SPI_MspInit
 .text.HAL_SPI_MspDeInit
                0x0000000008005634        0x2 build/lora/stm32l1xx_hal_spi.o
                0x0000000008005634                HAL_SPI_MspDeInit
 .text.HAL_SPI_DeInit
                0x0000000008005636       0x26 build/lora/stm32l1xx_hal_spi.o
                0x0000000008005636                HAL_SPI_DeInit
 .text.HAL_SPI_Init
                0x000000000800565c      0x1a8 build/lora/stm32l1xx_hal_spi_ex.o
                0x000000000800565c                HAL_SPI_Init
 .text.HAL_RTC_MspInit
                0x0000000008005804        0x2 build/lora/stm32l1xx_hal_rtc.o
                0x0000000008005804                HAL_RTC_MspInit
 *fill*         0x0000000008005806        0x2 
 .text.HAL_RTC_DeactivateAlarm
                0x0000000008005808       0xd8 build/lora/stm32l1xx_hal_rtc.o
                0x0000000008005808                HAL_RTC_DeactivateAlarm
 .text.RTC_EnterInitMode
                0x00000000080058e0       0x3c build/lora/stm32l1xx_hal_rtc.o
                0x00000000080058e0                RTC_EnterInitMode
 .text.HAL_RTC_Init
                0x000000000800591c      0x140 build/lora/stm32l1xx_hal_rtc.o
                0x000000000800591c                HAL_RTC_Init
 .text.RTC_ByteToBcd2
                0x0000000008005a5c       0x16 build/lora/stm32l1xx_hal_rtc.o
                0x0000000008005a5c                RTC_ByteToBcd2
 .text.RTC_Bcd2ToByte
                0x0000000008005a72       0x12 build/lora/stm32l1xx_hal_rtc.o
                0x0000000008005a72                RTC_Bcd2ToByte
 .text.HAL_RTC_SetTime
                0x0000000008005a84      0x20c build/lora/stm32l1xx_hal_rtc.o
                0x0000000008005a84                HAL_RTC_SetTime
 .text.HAL_RTC_SetDate
                0x0000000008005c90      0x184 build/lora/stm32l1xx_hal_rtc.o
                0x0000000008005c90                HAL_RTC_SetDate
 .text.HAL_RTC_GetDate
                0x0000000008005e14       0x5c build/lora/stm32l1xx_hal_rtc.o
                0x0000000008005e14                HAL_RTC_GetDate
 .text.HAL_RTC_GetTime
                0x0000000008005e70       0x70 build/lora/stm32l1xx_hal_rtc_ex.o
                0x0000000008005e70                HAL_RTC_GetTime
 .text.HAL_RTC_SetAlarm_IT
                0x0000000008005ee0      0x3a8 build/lora/stm32l1xx_hal_rtc_ex.o
                0x0000000008005ee0                HAL_RTC_SetAlarm_IT
 .text.HAL_RTC_GetAlarm
                0x0000000008006288       0xbc build/lora/stm32l1xx_hal_rtc_ex.o
                0x0000000008006288                HAL_RTC_GetAlarm
 .text.HAL_RTC_WaitForSynchro
                0x0000000008006344       0x3e build/lora/stm32l1xx_hal_rtc_ex.o
                0x0000000008006344                HAL_RTC_WaitForSynchro
 .text.HAL_RTCEx_EnableBypassShadow
                0x0000000008006382       0x38 build/lora/stm32l1xx_hal_rtc_ex.o
                0x0000000008006382                HAL_RTCEx_EnableBypassShadow
 *fill*         0x00000000080063ba        0x6 
 .text.ceil     0x00000000080063c0      0x110 /home/slonegd/code/gcc-arm-none-eabi-7-2018-q2-update/bin/../lib/gcc/arm-none-eabi/7.3.1/../../../../arm-none-eabi/lib/thumb/v7-m/libm.a(lib_a-s_ceil.o)
                0x00000000080063c0                ceil
 .text.floor    0x00000000080064d0      0x108 /home/slonegd/code/gcc-arm-none-eabi-7-2018-q2-update/bin/../lib/gcc/arm-none-eabi/7.3.1/../../../../arm-none-eabi/lib/thumb/v7-m/libm.a(lib_a-s_floor.o)
                0x00000000080064d0                floor
 .text.round    0x00000000080065d8       0x9c /home/slonegd/code/gcc-arm-none-eabi-7-2018-q2-update/bin/../lib/gcc/arm-none-eabi/7.3.1/../../../../arm-none-eabi/lib/thumb/v7-m/libm.a(lib_a-s_round.o)
                0x00000000080065d8                round
 .text          0x0000000008006674      0x378 /home/slonegd/code/gcc-arm-none-eabi-7-2018-q2-update/bin/../lib/gcc/arm-none-eabi/7.3.1/thumb/v7-m/libgcc.a(_arm_addsubdf3.o)
                0x0000000008006674                __aeabi_drsub
                0x000000000800667c                __aeabi_dsub
                0x000000000800667c                __subdf3
                0x0000000008006680                __adddf3
                0x0000000008006680                __aeabi_dadd
                0x00000000080068f8                __aeabi_ui2d
                0x00000000080068f8                __floatunsidf
                0x0000000008006918                __floatsidf
                0x0000000008006918                __aeabi_i2d
                0x000000000800693c                __extendsfdf2
                0x000000000800693c                __aeabi_f2d
                0x0000000008006980                __aeabi_ul2d
                0x0000000008006980                __floatundidf
                0x0000000008006990                __floatdidf
                0x0000000008006990                __aeabi_l2d
 .text          0x00000000080069ec      0x424 /home/slonegd/code/gcc-arm-none-eabi-7-2018-q2-update/bin/../lib/gcc/arm-none-eabi/7.3.1/thumb/v7-m/libgcc.a(_arm_muldivdf3.o)
                0x00000000080069ec                __aeabi_dmul
                0x00000000080069ec                __muldf3
                0x0000000008006c40                __aeabi_ddiv
                0x0000000008006c40                __divdf3
 .text          0x0000000008006e10      0x110 /home/slonegd/code/gcc-arm-none-eabi-7-2018-q2-update/bin/../lib/gcc/arm-none-eabi/7.3.1/thumb/v7-m/libgcc.a(_arm_cmpdf2.o)
                0x0000000008006e10                __gtdf2
                0x0000000008006e10                __gedf2
                0x0000000008006e18                __ltdf2
                0x0000000008006e18                __ledf2
                0x0000000008006e20                __cmpdf2
                0x0000000008006e20                __eqdf2
                0x0000000008006e20                __nedf2
                0x0000000008006e9c                __aeabi_cdrcmple
                0x0000000008006eac                __aeabi_cdcmple
                0x0000000008006eac                __aeabi_cdcmpeq
                0x0000000008006ebc                __aeabi_dcmpeq
                0x0000000008006ed0                __aeabi_dcmplt
                0x0000000008006ee4                __aeabi_dcmple
                0x0000000008006ef8                __aeabi_dcmpge
                0x0000000008006f0c                __aeabi_dcmpgt
 .text          0x0000000008006f20       0x50 /home/slonegd/code/gcc-arm-none-eabi-7-2018-q2-update/bin/../lib/gcc/arm-none-eabi/7.3.1/thumb/v7-m/libgcc.a(_arm_fixdfsi.o)
                0x0000000008006f20                __fixdfsi
                0x0000000008006f20                __aeabi_d2iz
 .text          0x0000000008006f70       0x40 /home/slonegd/code/gcc-arm-none-eabi-7-2018-q2-update/bin/../lib/gcc/arm-none-eabi/7.3.1/thumb/v7-m/libgcc.a(_arm_fixunsdfsi.o)
                0x0000000008006f70                __fixunsdfsi
                0x0000000008006f70                __aeabi_d2uiz
 .text          0x0000000008006fb0       0x30 /home/slonegd/code/gcc-arm-none-eabi-7-2018-q2-update/bin/../lib/gcc/arm-none-eabi/7.3.1/thumb/v7-m/libgcc.a(_aeabi_uldivmod.o)
                0x0000000008006fb0                __aeabi_uldivmod
 .text          0x0000000008006fe0      0x2d0 /home/slonegd/code/gcc-arm-none-eabi-7-2018-q2-update/bin/../lib/gcc/arm-none-eabi/7.3.1/thumb/v7-m/libgcc.a(_udivmoddi4.o)
                0x0000000008006fe0                __udivmoddi4
 .text          0x00000000080072b0      0xa00 /home/slonegd/code/gcc-arm-none-eabi-7-2018-q2-update/bin/../lib/gcc/arm-none-eabi/7.3.1/thumb/v7-m/libgcc.a(unwind-arm.o)
                0x000000000800756c                _Unwind_GetCFA
                0x0000000008007570                __gnu_Unwind_RaiseException
                0x00000000080075d0                __gnu_Unwind_ForcedUnwind
                0x00000000080075e4                __gnu_Unwind_Resume
                0x0000000008007628                __gnu_Unwind_Resume_or_Rethrow
                0x000000000800763c                _Unwind_Complete
                0x0000000008007640                _Unwind_DeleteException
                0x000000000800764c                _Unwind_VRS_Get
                0x0000000008007690                _Unwind_VRS_Set
                0x00000000080076d8                __gnu_Unwind_Backtrace
                0x0000000008007a20                __aeabi_unwind_cpp_pr0
                0x0000000008007a24                __aeabi_unwind_cpp_pr1
                0x0000000008007a28                __aeabi_unwind_cpp_pr2
                0x0000000008007a2c                _Unwind_VRS_Pop
 .text          0x0000000008007cb0      0x1ac /home/slonegd/code/gcc-arm-none-eabi-7-2018-q2-update/bin/../lib/gcc/arm-none-eabi/7.3.1/thumb/v7-m/libgcc.a(libunwind.o)
                0x0000000008007cb0                __restore_core_regs
                0x0000000008007cb0                restore_core_regs
                0x0000000008007cc8                __gnu_Unwind_Restore_VFP
                0x0000000008007cd0                __gnu_Unwind_Save_VFP
                0x0000000008007cd8                __gnu_Unwind_Restore_VFP_D
                0x0000000008007ce0                __gnu_Unwind_Save_VFP_D
                0x0000000008007ce8                __gnu_Unwind_Restore_VFP_D_16_to_31
                0x0000000008007cf0                __gnu_Unwind_Save_VFP_D_16_to_31
                0x0000000008007cf8                __gnu_Unwind_Restore_WMMXD
                0x0000000008007d3c                __gnu_Unwind_Save_WMMXD
                0x0000000008007d80                __gnu_Unwind_Restore_WMMXC
                0x0000000008007d94                __gnu_Unwind_Save_WMMXC
                0x0000000008007da8                ___Unwind_RaiseException
                0x0000000008007da8                _Unwind_RaiseException
                0x0000000008007dcc                ___Unwind_Resume
                0x0000000008007dcc                _Unwind_Resume
                0x0000000008007df0                _Unwind_Resume_or_Rethrow
                0x0000000008007df0                ___Unwind_Resume_or_Rethrow
                0x0000000008007e14                ___Unwind_ForcedUnwind
                0x0000000008007e14                _Unwind_ForcedUnwind
                0x0000000008007e38                _Unwind_Backtrace
                0x0000000008007e38                ___Unwind_Backtrace
 .text          0x0000000008007e5c      0x378 /home/slonegd/code/gcc-arm-none-eabi-7-2018-q2-update/bin/../lib/gcc/arm-none-eabi/7.3.1/thumb/v7-m/libgcc.a(pr-support.o)
                0x0000000008007eb4                __gnu_unwind_execute
                0x0000000008008178                __gnu_unwind_frame
                0x00000000080081a4                _Unwind_GetRegionStart
                0x00000000080081b0                _Unwind_GetLanguageSpecificData
                0x00000000080081c4                _Unwind_GetDataRelBase
                0x00000000080081cc                _Unwind_GetTextRelBase
 .text          0x00000000080081d4        0x4 /home/slonegd/code/gcc-arm-none-eabi-7-2018-q2-update/bin/../lib/gcc/arm-none-eabi/7.3.1/thumb/v7-m/libgcc.a(_dvmd_tls.o)
                0x00000000080081d4                __aeabi_ldiv0
                0x00000000080081d4                __aeabi_idiv0
 .text.abort    0x00000000080081d8        0xe /home/slonegd/code/gcc-arm-none-eabi-7-2018-q2-update/bin/../lib/gcc/arm-none-eabi/7.3.1/../../../../arm-none-eabi/lib/thumb/v7-m/libg_nano.a(lib_a-abort.o)
                0x00000000080081d8                abort
 *fill*         0x00000000080081e6        0x2 
 .text.__libc_init_array
                0x00000000080081e8       0x48 /home/slonegd/code/gcc-arm-none-eabi-7-2018-q2-update/bin/../lib/gcc/arm-none-eabi/7.3.1/../../../../arm-none-eabi/lib/thumb/v7-m/libg_nano.a(lib_a-init.o)
                0x00000000080081e8                __libc_init_array
 .text.memcpy   0x0000000008008230       0x16 /home/slonegd/code/gcc-arm-none-eabi-7-2018-q2-update/bin/../lib/gcc/arm-none-eabi/7.3.1/../../../../arm-none-eabi/lib/thumb/v7-m/libg_nano.a(lib_a-memcpy-stub.o)
                0x0000000008008230                memcpy
 .text.memset   0x0000000008008246       0x10 /home/slonegd/code/gcc-arm-none-eabi-7-2018-q2-update/bin/../lib/gcc/arm-none-eabi/7.3.1/../../../../arm-none-eabi/lib/thumb/v7-m/libg_nano.a(lib_a-memset.o)
                0x0000000008008246                memset
 *fill*         0x0000000008008256        0x2 
 .text.printf   0x0000000008008258       0x30 /home/slonegd/code/gcc-arm-none-eabi-7-2018-q2-update/bin/../lib/gcc/arm-none-eabi/7.3.1/../../../../arm-none-eabi/lib/thumb/v7-m/libg_nano.a(lib_a-printf.o)
                0x0000000008008258                printf
                0x0000000008008258                iprintf
 .text._raise_r
                0x0000000008008288       0x50 /home/slonegd/code/gcc-arm-none-eabi-7-2018-q2-update/bin/../lib/gcc/arm-none-eabi/7.3.1/../../../../arm-none-eabi/lib/thumb/v7-m/libg_nano.a(lib_a-signal.o)
                0x0000000008008288                _raise_r
 .text.raise    0x00000000080082d8       0x10 /home/slonegd/code/gcc-arm-none-eabi-7-2018-q2-update/bin/../lib/gcc/arm-none-eabi/7.3.1/../../../../arm-none-eabi/lib/thumb/v7-m/libg_nano.a(lib_a-signal.o)
                0x00000000080082d8                raise
 .text._kill_r  0x00000000080082e8       0x24 /home/slonegd/code/gcc-arm-none-eabi-7-2018-q2-update/bin/../lib/gcc/arm-none-eabi/7.3.1/../../../../arm-none-eabi/lib/thumb/v7-m/libg_nano.a(lib_a-signalr.o)
                0x00000000080082e8                _kill_r
 .text._getpid_r
                0x000000000800830c        0x4 /home/slonegd/code/gcc-arm-none-eabi-7-2018-q2-update/bin/../lib/gcc/arm-none-eabi/7.3.1/../../../../arm-none-eabi/lib/thumb/v7-m/libg_nano.a(lib_a-signalr.o)
                0x000000000800830c                _getpid_r
 .text.strncmp  0x0000000008008310       0x24 /home/slonegd/code/gcc-arm-none-eabi-7-2018-q2-update/bin/../lib/gcc/arm-none-eabi/7.3.1/../../../../arm-none-eabi/lib/thumb/v7-m/libg_nano.a(lib_a-strncmp.o)
                0x0000000008008310                strncmp
 .text.std      0x0000000008008334       0x48 /home/slonegd/code/gcc-arm-none-eabi-7-2018-q2-update/bin/../lib/gcc/arm-none-eabi/7.3.1/../../../../arm-none-eabi/lib/thumb/v7-m/libg_nano.a(lib_a-findfp.o)
 .text._cleanup_r
                0x000000000800837c        0xc /home/slonegd/code/gcc-arm-none-eabi-7-2018-q2-update/bin/../lib/gcc/arm-none-eabi/7.3.1/../../../../arm-none-eabi/lib/thumb/v7-m/libg_nano.a(lib_a-findfp.o)
                0x000000000800837c                _cleanup_r
 .text.__sfmoreglue
                0x0000000008008388       0x2c /home/slonegd/code/gcc-arm-none-eabi-7-2018-q2-update/bin/../lib/gcc/arm-none-eabi/7.3.1/../../../../arm-none-eabi/lib/thumb/v7-m/libg_nano.a(lib_a-findfp.o)
                0x0000000008008388                __sfmoreglue
 .text.__sinit  0x00000000080083b4       0x60 /home/slonegd/code/gcc-arm-none-eabi-7-2018-q2-update/bin/../lib/gcc/arm-none-eabi/7.3.1/../../../../arm-none-eabi/lib/thumb/v7-m/libg_nano.a(lib_a-findfp.o)
                0x00000000080083b4                __sinit
 .text.__sfp    0x0000000008008414       0x78 /home/slonegd/code/gcc-arm-none-eabi-7-2018-q2-update/bin/../lib/gcc/arm-none-eabi/7.3.1/../../../../arm-none-eabi/lib/thumb/v7-m/libg_nano.a(lib_a-findfp.o)
                0x0000000008008414                __sfp
 .text._fwalk_reent
                0x000000000800848c       0x3c /home/slonegd/code/gcc-arm-none-eabi-7-2018-q2-update/bin/../lib/gcc/arm-none-eabi/7.3.1/../../../../arm-none-eabi/lib/thumb/v7-m/libg_nano.a(lib_a-fwalk.o)
                0x000000000800848c                _fwalk_reent
 .text._malloc_r
                0x00000000080084c8       0xb4 /home/slonegd/code/gcc-arm-none-eabi-7-2018-q2-update/bin/../lib/gcc/arm-none-eabi/7.3.1/../../../../arm-none-eabi/lib/thumb/v7-m/libg_nano.a(lib_a-nano-mallocr.o)
                0x00000000080084c8                _malloc_r
 .text.__sfputc_r
                0x000000000800857c       0x2a /home/slonegd/code/gcc-arm-none-eabi-7-2018-q2-update/bin/../lib/gcc/arm-none-eabi/7.3.1/../../../../arm-none-eabi/lib/thumb/v7-m/libg_nano.a(lib_a-nano-vfprintf.o)
 .text.__sfputs_r
                0x00000000080085a6       0x24 /home/slonegd/code/gcc-arm-none-eabi-7-2018-q2-update/bin/../lib/gcc/arm-none-eabi/7.3.1/../../../../arm-none-eabi/lib/thumb/v7-m/libg_nano.a(lib_a-nano-vfprintf.o)
                0x00000000080085a6                __sfputs_r
 *fill*         0x00000000080085ca        0x2 
 .text._vfprintf_r
                0x00000000080085cc      0x22c /home/slonegd/code/gcc-arm-none-eabi-7-2018-q2-update/bin/../lib/gcc/arm-none-eabi/7.3.1/../../../../arm-none-eabi/lib/thumb/v7-m/libg_nano.a(lib_a-nano-vfprintf.o)
                0x00000000080085cc                _vfiprintf_r
                0x00000000080085cc                _vfprintf_r
 .text._printf_common
                0x00000000080087f8       0xec /home/slonegd/code/gcc-arm-none-eabi-7-2018-q2-update/bin/../lib/gcc/arm-none-eabi/7.3.1/../../../../arm-none-eabi/lib/thumb/v7-m/libg_nano.a(lib_a-nano-vfprintf_i.o)
                0x00000000080087f8                _printf_common
 .text._printf_i
                0x00000000080088e4      0x224 /home/slonegd/code/gcc-arm-none-eabi-7-2018-q2-update/bin/../lib/gcc/arm-none-eabi/7.3.1/../../../../arm-none-eabi/lib/thumb/v7-m/libg_nano.a(lib_a-nano-vfprintf_i.o)
                0x00000000080088e4                _printf_i
 .text._sbrk_r  0x0000000008008b08       0x20 /home/slonegd/code/gcc-arm-none-eabi-7-2018-q2-update/bin/../lib/gcc/arm-none-eabi/7.3.1/../../../../arm-none-eabi/lib/thumb/v7-m/libg_nano.a(lib_a-sbrkr.o)
                0x0000000008008b08                _sbrk_r
 .text.__sread  0x0000000008008b28       0x22 /home/slonegd/code/gcc-arm-none-eabi-7-2018-q2-update/bin/../lib/gcc/arm-none-eabi/7.3.1/../../../../arm-none-eabi/lib/thumb/v7-m/libg_nano.a(lib_a-stdio.o)
                0x0000000008008b28                __sread
 .text.__swrite
                0x0000000008008b4a       0x38 /home/slonegd/code/gcc-arm-none-eabi-7-2018-q2-update/bin/../lib/gcc/arm-none-eabi/7.3.1/../../../../arm-none-eabi/lib/thumb/v7-m/libg_nano.a(lib_a-stdio.o)
                0x0000000008008b4a                __swrite
 .text.__sseek  0x0000000008008b82       0x24 /home/slonegd/code/gcc-arm-none-eabi-7-2018-q2-update/bin/../lib/gcc/arm-none-eabi/7.3.1/../../../../arm-none-eabi/lib/thumb/v7-m/libg_nano.a(lib_a-stdio.o)
                0x0000000008008b82                __sseek
 .text.__sclose
                0x0000000008008ba6        0x8 /home/slonegd/code/gcc-arm-none-eabi-7-2018-q2-update/bin/../lib/gcc/arm-none-eabi/7.3.1/../../../../arm-none-eabi/lib/thumb/v7-m/libg_nano.a(lib_a-stdio.o)
                0x0000000008008ba6                __sclose
 *fill*         0x0000000008008bae        0x2 
 .text.__swbuf_r
                0x0000000008008bb0       0xa4 /home/slonegd/code/gcc-arm-none-eabi-7-2018-q2-update/bin/../lib/gcc/arm-none-eabi/7.3.1/../../../../arm-none-eabi/lib/thumb/v7-m/libg_nano.a(lib_a-wbuf.o)
                0x0000000008008bb0                __swbuf_r
 .text._write_r
                0x0000000008008c54       0x24 /home/slonegd/code/gcc-arm-none-eabi-7-2018-q2-update/bin/../lib/gcc/arm-none-eabi/7.3.1/../../../../arm-none-eabi/lib/thumb/v7-m/libg_nano.a(lib_a-writer.o)
                0x0000000008008c54                _write_r
 .text.__swsetup_r
                0x0000000008008c78       0xdc /home/slonegd/code/gcc-arm-none-eabi-7-2018-q2-update/bin/../lib/gcc/arm-none-eabi/7.3.1/../../../../arm-none-eabi/lib/thumb/v7-m/libg_nano.a(lib_a-wsetup.o)
                0x0000000008008c78                __swsetup_r
 .text._close_r
                0x0000000008008d54       0x20 /home/slonegd/code/gcc-arm-none-eabi-7-2018-q2-update/bin/../lib/gcc/arm-none-eabi/7.3.1/../../../../arm-none-eabi/lib/thumb/v7-m/libg_nano.a(lib_a-closer.o)
                0x0000000008008d54                _close_r
 .text.__sflush_r
                0x0000000008008d74      0x10c /home/slonegd/code/gcc-arm-none-eabi-7-2018-q2-update/bin/../lib/gcc/arm-none-eabi/7.3.1/../../../../arm-none-eabi/lib/thumb/v7-m/libg_nano.a(lib_a-fflush.o)
                0x0000000008008d74                __sflush_r
 .text._fflush_r
                0x0000000008008e80       0x54 /home/slonegd/code/gcc-arm-none-eabi-7-2018-q2-update/bin/../lib/gcc/arm-none-eabi/7.3.1/../../../../arm-none-eabi/lib/thumb/v7-m/libg_nano.a(lib_a-fflush.o)
                0x0000000008008e80                _fflush_r
 .text._lseek_r
                0x0000000008008ed4       0x24 /home/slonegd/code/gcc-arm-none-eabi-7-2018-q2-update/bin/../lib/gcc/arm-none-eabi/7.3.1/../../../../arm-none-eabi/lib/thumb/v7-m/libg_nano.a(lib_a-lseekr.o)
                0x0000000008008ed4                _lseek_r
 .text.__swhatbuf_r
                0x0000000008008ef8       0x48 /home/slonegd/code/gcc-arm-none-eabi-7-2018-q2-update/bin/../lib/gcc/arm-none-eabi/7.3.1/../../../../arm-none-eabi/lib/thumb/v7-m/libg_nano.a(lib_a-makebuf.o)
                0x0000000008008ef8                __swhatbuf_r
 .text.__smakebuf_r
                0x0000000008008f40       0x80 /home/slonegd/code/gcc-arm-none-eabi-7-2018-q2-update/bin/../lib/gcc/arm-none-eabi/7.3.1/../../../../arm-none-eabi/lib/thumb/v7-m/libg_nano.a(lib_a-makebuf.o)
                0x0000000008008f40                __smakebuf_r
 .text.memchr   0x0000000008008fc0       0x1c /home/slonegd/code/gcc-arm-none-eabi-7-2018-q2-update/bin/../lib/gcc/arm-none-eabi/7.3.1/../../../../arm-none-eabi/lib/thumb/v7-m/libg_nano.a(lib_a-memchr-stub.o)
                0x0000000008008fc0                memchr
 .text.__malloc_lock
                0x0000000008008fdc        0x2 /home/slonegd/code/gcc-arm-none-eabi-7-2018-q2-update/bin/../lib/gcc/arm-none-eabi/7.3.1/../../../../arm-none-eabi/lib/thumb/v7-m/libg_nano.a(lib_a-mlock.o)
                0x0000000008008fdc                __malloc_lock
 .text.__malloc_unlock
                0x0000000008008fde        0x2 /home/slonegd/code/gcc-arm-none-eabi-7-2018-q2-update/bin/../lib/gcc/arm-none-eabi/7.3.1/../../../../arm-none-eabi/lib/thumb/v7-m/libg_nano.a(lib_a-mlock.o)
                0x0000000008008fde                __malloc_unlock
 .text._free_r  0x0000000008008fe0       0x98 /home/slonegd/code/gcc-arm-none-eabi-7-2018-q2-update/bin/../lib/gcc/arm-none-eabi/7.3.1/../../../../arm-none-eabi/lib/thumb/v7-m/libg_nano.a(lib_a-nano-freer.o)
                0x0000000008008fe0                _free_r
 .text._read_r  0x0000000008009078       0x24 /home/slonegd/code/gcc-arm-none-eabi-7-2018-q2-update/bin/../lib/gcc/arm-none-eabi/7.3.1/../../../../arm-none-eabi/lib/thumb/v7-m/libg_nano.a(lib_a-readr.o)
                0x0000000008009078                _read_r
 .text._fstat_r
                0x000000000800909c       0x24 /home/slonegd/code/gcc-arm-none-eabi-7-2018-q2-update/bin/../lib/gcc/arm-none-eabi/7.3.1/../../../../arm-none-eabi/lib/thumb/v7-m/libg_nano.a(lib_a-fstatr.o)
                0x000000000800909c                _fstat_r
 .text._isatty_r
                0x00000000080090c0       0x20 /home/slonegd/code/gcc-arm-none-eabi-7-2018-q2-update/bin/../lib/gcc/arm-none-eabi/7.3.1/../../../../arm-none-eabi/lib/thumb/v7-m/libg_nano.a(lib_a-isattyr.o)
                0x00000000080090c0                _isatty_r
 .text._close   0x00000000080090e0       0x10 /home/slonegd/code/gcc-arm-none-eabi-7-2018-q2-update/bin/../lib/gcc/arm-none-eabi/7.3.1/../../../../arm-none-eabi/lib/thumb/v7-m/libnosys.a(close.o)
                0x00000000080090e0                _close
 .text._fstat   0x00000000080090f0       0x10 /home/slonegd/code/gcc-arm-none-eabi-7-2018-q2-update/bin/../lib/gcc/arm-none-eabi/7.3.1/../../../../arm-none-eabi/lib/thumb/v7-m/libnosys.a(fstat.o)
                0x00000000080090f0                _fstat
 .text._getpid  0x0000000008009100       0x10 /home/slonegd/code/gcc-arm-none-eabi-7-2018-q2-update/bin/../lib/gcc/arm-none-eabi/7.3.1/../../../../arm-none-eabi/lib/thumb/v7-m/libnosys.a(getpid.o)
                0x0000000008009100                _getpid
 .text._isatty  0x0000000008009110       0x10 /home/slonegd/code/gcc-arm-none-eabi-7-2018-q2-update/bin/../lib/gcc/arm-none-eabi/7.3.1/../../../../arm-none-eabi/lib/thumb/v7-m/libnosys.a(isatty.o)
                0x0000000008009110                _isatty
 .text._kill    0x0000000008009120       0x10 /home/slonegd/code/gcc-arm-none-eabi-7-2018-q2-update/bin/../lib/gcc/arm-none-eabi/7.3.1/../../../../arm-none-eabi/lib/thumb/v7-m/libnosys.a(kill.o)
                0x0000000008009120                _kill
 .text._lseek   0x0000000008009130       0x10 /home/slonegd/code/gcc-arm-none-eabi-7-2018-q2-update/bin/../lib/gcc/arm-none-eabi/7.3.1/../../../../arm-none-eabi/lib/thumb/v7-m/libnosys.a(lseek.o)
                0x0000000008009130                _lseek
 .text._sbrk    0x0000000008009140       0x1c /home/slonegd/code/gcc-arm-none-eabi-7-2018-q2-update/bin/../lib/gcc/arm-none-eabi/7.3.1/../../../../arm-none-eabi/lib/thumb/v7-m/libnosys.a(sbrk.o)
                0x0000000008009140                _sbrk
 .text._exit    0x000000000800915c        0x4 /home/slonegd/code/gcc-arm-none-eabi-7-2018-q2-update/bin/../lib/gcc/arm-none-eabi/7.3.1/../../../../arm-none-eabi/lib/thumb/v7-m/libnosys.a(_exit.o)
                0x000000000800915c                _exit
 *(.init)
 .init          0x0000000008009160        0x4 /home/slonegd/code/gcc-arm-none-eabi-7-2018-q2-update/bin/../lib/gcc/arm-none-eabi/7.3.1/thumb/v7-m/crti.o
                0x0000000008009160                _init
 .init          0x0000000008009164        0x8 /home/slonegd/code/gcc-arm-none-eabi-7-2018-q2-update/bin/../lib/gcc/arm-none-eabi/7.3.1/thumb/v7-m/crtn.o
 *(.fini)
 .fini          0x000000000800916c        0x4 /home/slonegd/code/gcc-arm-none-eabi-7-2018-q2-update/bin/../lib/gcc/arm-none-eabi/7.3.1/thumb/v7-m/crti.o
                0x000000000800916c                _fini
 .fini          0x0000000008009170        0x8 /home/slonegd/code/gcc-arm-none-eabi-7-2018-q2-update/bin/../lib/gcc/arm-none-eabi/7.3.1/thumb/v7-m/crtn.o
 *crtbegin.o(.ctors)
 *crtbegin?.o(.ctors)
 *(EXCLUDE_FILE(*crtend.o *crtend?.o) .ctors)
 *(SORT_BY_NAME(.ctors.*))
 *(.ctors)
 *crtbegin.o(.dtors)
 *crtbegin?.o(.dtors)
 *(EXCLUDE_FILE(*crtend.o *crtend?.o) .dtors)
 *(SORT_BY_NAME(.dtors.*))
 *(.dtors)
 *(.rodata*)
 .rodata._ZL7PingMsg
                0x0000000008009178        0x5 build/main.o
 *fill*         0x000000000800917d        0x3 
 .rodata._ZL7PongMsg
                0x0000000008009180        0x5 build/main.o
 *fill*         0x0000000008009185        0x3 
 .rodata.FskBandwidths
                0x0000000008009188       0xb0 build/lora/sx1276.o
                0x0000000008009188                FskBandwidths
 .rodata.RadioRegsInit
                0x0000000008009238       0x30 build/lora/sx1276.o
                0x0000000008009238                RadioRegsInit
 .rodata.Radio  0x0000000008009268       0x6c build/lora/sx1276mb1las-board.o
                0x0000000008009268                Radio
 .rodata.AHBPrescTable
                0x00000000080092d4       0x10 build/lora/system_stm32l1xx.o
                0x00000000080092d4                AHBPrescTable
 .rodata.APBPrescTable
                0x00000000080092e4        0x8 build/lora/system_stm32l1xx.o
                0x00000000080092e4                APBPrescTable
 .rodata.PLLMulTable
                0x00000000080092ec        0x9 build/lora/system_stm32l1xx.o
                0x00000000080092ec                PLLMulTable
 *fill*         0x00000000080092f5        0x3 
 .rodata.SystemClockConfig.str1.4
                0x00000000080092f8       0x2b build/lora/board.o
 *fill*         0x0000000008009323        0x1 
 .rodata.assert_failed.str1.4
                0x0000000008009324       0x2e build/lora/board.o
 *fill*         0x0000000008009352        0x2 
 .rodata.SpiInOut.str1.4
                0x0000000008009354       0x2f build/lora/spi-board.o
 *fill*         0x0000000008009383        0x1 
 .rodata.GpioMcuWrite.str1.4
                0x0000000008009384       0x30 build/lora/gpio-board.o
 .rodata.UartMcuConfig.str1.4
                0x00000000080093b4       0x30 build/lora/uart-board.o
 .rodata.DaysInMonth
                0x00000000080093e4        0xc build/lora/rtc-board.o
 .rodata.DaysInMonthLeapYear
                0x00000000080093f0        0xc build/lora/rtc-board.o
 .rodata.HAL_GPIO_Init.str1.4
                0x00000000080093fc       0x50 build/lora/stm32l1xx_hal_gpio.o
 .rodata.UART_SetConfig.str1.4
                0x000000000800944c       0x50 build/lora/stm32l1xx_hal_uart.o
 .rodata.HAL_PWR_ConfigPVD.str1.4
                0x000000000800949c       0x4f build/lora/stm32l1xx_hal_pwr.o
 *fill*         0x00000000080094eb        0x1 
 .rodata.HAL_RCC_OscConfig.str1.4
                0x00000000080094ec       0x4f build/lora/stm32l1xx_hal_rcc.o
 *fill*         0x000000000800953b        0x1 
 .rodata.HAL_RCCEx_PeriphCLKConfig.str1.4
                0x000000000800953c       0x52 build/lora/stm32l1xx_hal_rcc_ex.o
 *fill*         0x000000000800958e        0x2 
 .rodata.HAL_NVIC_SetPriorityGrouping.str1.4
                0x0000000008009590       0x52 build/lora/stm32l1xx_hal_cortex.o
 *fill*         0x00000000080095e2        0x2 
 .rodata.HAL_SPI_Init.str1.4
                0x00000000080095e4       0x52 build/lora/stm32l1xx_hal_spi_ex.o
 *fill*         0x0000000008009636        0x2 
 .rodata.HAL_RTC_DeactivateAlarm.str1.4
                0x0000000008009638       0x4f build/lora/stm32l1xx_hal_rtc.o
 *fill*         0x0000000008009687        0x1 
 .rodata.HAL_RTC_GetTime.str1.4
                0x0000000008009688       0x54 build/lora/stm32l1xx_hal_rtc_ex.o
                                         0x52 (size before relaxing)
 .rodata._global_impure_ptr
                0x00000000080096dc        0x4 /home/slonegd/code/gcc-arm-none-eabi-7-2018-q2-update/bin/../lib/gcc/arm-none-eabi/7.3.1/../../../../arm-none-eabi/lib/thumb/v7-m/libg_nano.a(lib_a-impure.o)
                0x00000000080096dc                _global_impure_ptr
 .rodata.__sf_fake_stderr
                0x00000000080096e0       0x20 /home/slonegd/code/gcc-arm-none-eabi-7-2018-q2-update/bin/../lib/gcc/arm-none-eabi/7.3.1/../../../../arm-none-eabi/lib/thumb/v7-m/libg_nano.a(lib_a-findfp.o)
                0x00000000080096e0                __sf_fake_stderr
 .rodata.__sf_fake_stdin
                0x0000000008009700       0x20 /home/slonegd/code/gcc-arm-none-eabi-7-2018-q2-update/bin/../lib/gcc/arm-none-eabi/7.3.1/../../../../arm-none-eabi/lib/thumb/v7-m/libg_nano.a(lib_a-findfp.o)
                0x0000000008009700                __sf_fake_stdin
 .rodata.__sf_fake_stdout
                0x0000000008009720       0x20 /home/slonegd/code/gcc-arm-none-eabi-7-2018-q2-update/bin/../lib/gcc/arm-none-eabi/7.3.1/../../../../arm-none-eabi/lib/thumb/v7-m/libg_nano.a(lib_a-findfp.o)
                0x0000000008009720                __sf_fake_stdout
 .rodata._vfprintf_r.str1.1
                0x0000000008009740       0x11 /home/slonegd/code/gcc-arm-none-eabi-7-2018-q2-update/bin/../lib/gcc/arm-none-eabi/7.3.1/../../../../arm-none-eabi/lib/thumb/v7-m/libg_nano.a(lib_a-nano-vfprintf.o)
 .rodata._printf_i.str1.1
                0x0000000008009751       0x22 /home/slonegd/code/gcc-arm-none-eabi-7-2018-q2-update/bin/../lib/gcc/arm-none-eabi/7.3.1/../../../../arm-none-eabi/lib/thumb/v7-m/libg_nano.a(lib_a-nano-vfprintf_i.o)
 *(.eh_frame*)
 *fill*         0x0000000008009773        0x1 
 .eh_frame      0x0000000008009774        0x0 /home/slonegd/code/gcc-arm-none-eabi-7-2018-q2-update/bin/../lib/gcc/arm-none-eabi/7.3.1/thumb/v7-m/crtbegin.o
 .eh_frame      0x0000000008009774        0x4 /home/slonegd/code/gcc-arm-none-eabi-7-2018-q2-update/bin/../lib/gcc/arm-none-eabi/7.3.1/thumb/v7-m/crtend.o

.glue_7         0x0000000008009778        0x0
 .glue_7        0x0000000008009778        0x0 linker stubs

.glue_7t        0x0000000008009778        0x0
 .glue_7t       0x0000000008009778        0x0 linker stubs

.vfp11_veneer   0x0000000008009778        0x0
 .vfp11_veneer  0x0000000008009778        0x0 linker stubs

.v4_bx          0x0000000008009778        0x0
 .v4_bx         0x0000000008009778        0x0 linker stubs

.iplt           0x0000000008009778        0x0
 .iplt          0x0000000008009778        0x0 /home/slonegd/code/gcc-arm-none-eabi-7-2018-q2-update/bin/../lib/gcc/arm-none-eabi/7.3.1/thumb/v7-m/crtbegin.o

.ARM.extab      0x0000000008009778       0x48
 *(.ARM.extab* .gnu.linkonce.armextab.*)
 .ARM.extab.text._Z8OnTxDonev
                0x0000000008009778        0xc build/main.o
 .ARM.extab.text._Z11OnTxTimeoutv
                0x0000000008009784        0xc build/main.o
 .ARM.extab.text._Z11OnRxTimeoutv
                0x0000000008009790        0xc build/main.o
 .ARM.extab.text._Z9OnRxErrorv
                0x000000000800979c        0xc build/main.o
 .ARM.extab     0x00000000080097a8       0x18 /home/slonegd/code/gcc-arm-none-eabi-7-2018-q2-update/bin/../lib/gcc/arm-none-eabi/7.3.1/thumb/v7-m/libgcc.a(pr-support.o)
                0x00000000080097c0                __exidx_start = .

.ARM.exidx      0x00000000080097c0       0xe8
 *(.ARM.exidx* .gnu.linkonce.armexidx.*)
 .ARM.exidx.text._Z8OnTxDonev
                0x00000000080097c0        0x8 build/main.o
 .ARM.exidx.text._Z11OnTxTimeoutv
                0x00000000080097c8        0x8 build/main.o
 .ARM.exidx.text._Z11OnRxTimeoutv
                0x00000000080097d0        0x8 build/main.o
 .ARM.exidx.text._Z9OnRxErrorv
                0x00000000080097d8        0x8 build/main.o
 .ARM.exidx.text._Z8OnRxDonePhtsa
                0x00000000080097e0        0x8 build/main.o
 .ARM.exidx.text.main
                0x00000000080097e8       0x10 build/main.o
                                          0x8 (size before relaxing)
 .ARM.exidx     0x00000000080097f8        0x0 /home/slonegd/code/gcc-arm-none-eabi-7-2018-q2-update/bin/../lib/gcc/arm-none-eabi/7.3.1/thumb/v7-m/libgcc.a(_udivmoddi4.o)
                                          0x8 (size before relaxing)
 .ARM.exidx     0x00000000080097f8       0x78 /home/slonegd/code/gcc-arm-none-eabi-7-2018-q2-update/bin/../lib/gcc/arm-none-eabi/7.3.1/thumb/v7-m/libgcc.a(unwind-arm.o)
                                         0xd8 (size before relaxing)
 .ARM.exidx     0x0000000008009870       0x38 /home/slonegd/code/gcc-arm-none-eabi-7-2018-q2-update/bin/../lib/gcc/arm-none-eabi/7.3.1/thumb/v7-m/libgcc.a(pr-support.o)
                                         0x48 (size before relaxing)
                0x00000000080098a8                __exidx_end = .
                0x00000000080098a8                __etext = .
                0x00000000080098a8                _sidata = __etext

.rel.dyn        0x00000000080098a8        0x0
 .rel.iplt      0x00000000080098a8        0x0 /home/slonegd/code/gcc-arm-none-eabi-7-2018-q2-update/bin/../lib/gcc/arm-none-eabi/7.3.1/thumb/v7-m/crtbegin.o

.data           0x0000000020000000       0x8c load address 0x00000000080098a8
                0x0000000020000000                __data_start__ = .
                0x0000000020000000                _sdata = .
 *(vtable)
 *(.data*)
 .data.BufferSize
                0x0000000020000000        0x2 build/main.o
                0x0000000020000000                BufferSize
 *fill*         0x0000000020000002        0x2 
 .data.DioIrq   0x0000000020000004       0x18 build/lora/sx1276.o
                0x0000000020000004                DioIrq
 .data.SystemCoreClock
                0x000000002000001c        0x4 build/lora/system_stm32l1xx.o
                0x000000002000001c                SystemCoreClock
 .data._impure_ptr
                0x0000000020000020        0x4 /home/slonegd/code/gcc-arm-none-eabi-7-2018-q2-update/bin/../lib/gcc/arm-none-eabi/7.3.1/../../../../arm-none-eabi/lib/thumb/v7-m/libg_nano.a(lib_a-impure.o)
                0x0000000020000020                _impure_ptr
 .data.impure_data
                0x0000000020000024       0x60 /home/slonegd/code/gcc-arm-none-eabi-7-2018-q2-update/bin/../lib/gcc/arm-none-eabi/7.3.1/../../../../arm-none-eabi/lib/thumb/v7-m/libg_nano.a(lib_a-impure.o)
                0x0000000020000084                . = ALIGN (0x4)
                0x0000000020000084                PROVIDE (__preinit_array_start = .)
 *(.preinit_array)
                0x0000000020000084                PROVIDE (__preinit_array_end = .)
                0x0000000020000084                . = ALIGN (0x4)
                0x0000000020000084                PROVIDE (__init_array_start = .)
 *(SORT_BY_NAME(.init_array.*))
 *(.init_array)
 .init_array    0x0000000020000084        0x4 /home/slonegd/code/gcc-arm-none-eabi-7-2018-q2-update/bin/../lib/gcc/arm-none-eabi/7.3.1/thumb/v7-m/crtbegin.o
                0x0000000020000088                PROVIDE (__init_array_end = .)
                0x0000000020000088                . = ALIGN (0x4)
                [!provide]                        PROVIDE (__fini_array_start = .)
 *(SORT_BY_NAME(.fini_array.*))
 *(.fini_array)
 .fini_array    0x0000000020000088        0x4 /home/slonegd/code/gcc-arm-none-eabi-7-2018-q2-update/bin/../lib/gcc/arm-none-eabi/7.3.1/thumb/v7-m/crtbegin.o
                [!provide]                        PROVIDE (__fini_array_end = .)
 *(.jcr*)
                0x000000002000008c                . = ALIGN (0x4)
                0x000000002000008c                __data_end__ = .
                0x000000002000008c                _edata = .

.igot.plt       0x000000002000008c        0x0 load address 0x0000000008009934
 .igot.plt      0x000000002000008c        0x0 /home/slonegd/code/gcc-arm-none-eabi-7-2018-q2-update/bin/../lib/gcc/arm-none-eabi/7.3.1/thumb/v7-m/crtbegin.o

.bss            0x000000002000008c      0xd70 load address 0x0000000008009934
                0x000000002000008c                . = ALIGN (0x4)
                0x000000002000008c                __bss_start__ = .
                0x000000002000008c                _sbss = .
 *(.bss*)
 .bss           0x000000002000008c       0x1c /home/slonegd/code/gcc-arm-none-eabi-7-2018-q2-update/bin/../lib/gcc/arm-none-eabi/7.3.1/thumb/v7-m/crtbegin.o
 .bss.Buffer    0x00000000200000a8       0x40 build/main.o
                0x00000000200000a8                Buffer
 .bss.RssiValue
                0x00000000200000e8        0x1 build/main.o
                0x00000000200000e8                RssiValue
 .bss.SnrValue  0x00000000200000e9        0x1 build/main.o
                0x00000000200000e9                SnrValue
 .bss.State     0x00000000200000ea        0x1 build/main.o
                0x00000000200000ea                State
 *fill*         0x00000000200000eb        0x1 
 .bss._ZL11RadioEvents
                0x00000000200000ec       0x1c build/main.o
 .bss.RadioEvents
                0x0000000020000108        0x4 build/lora/sx1276.o
 .bss.RxTxBuffer
                0x000000002000010c      0x100 build/lora/sx1276.o
 .bss.TimerListHead
                0x000000002000020c        0x4 build/lora/timer.o
 .bss.RadioIsActive
                0x0000000020000210        0x1 build/lora/sx1276mb1las-board.o
 *fill*         0x0000000020000211        0x3 
 .bss.CalibrateSystemWakeupTimeTimer
                0x0000000020000214       0x18 build/lora/board.o
 .bss.McuInitialized
                0x000000002000022c        0x1 build/lora/board.o
 .bss.SystemWakeupTimeCalibrated
                0x000000002000022d        0x1 build/lora/board.o
 .bss.UsbIsConnected
                0x000000002000022e        0x1 build/lora/board.o
 *fill*         0x000000002000022f        0x1 
 .bss.SpiHandle
                0x0000000020000230       0xb0 build/lora/spi-board.o
 .bss.GpioIrq   0x00000000200002e0       0x40 build/lora/gpio-board.o
 .bss.RxData    0x0000000020000320        0x1 build/lora/uart-board.o
                0x0000000020000320                RxData
 .bss.TxData    0x0000000020000321        0x1 build/lora/uart-board.o
                0x0000000020000321                TxData
 *fill*         0x0000000020000322        0x2 
 .bss.UartHandle
                0x0000000020000324       0x40 build/lora/uart-board.o
 .bss.McuWakeUpTimeCal
                0x0000000020000364        0x2 build/lora/rtc-board.o
 .bss.McuWakeUpTimeInitialized
                0x0000000020000366        0x1 build/lora/rtc-board.o
 *fill*         0x0000000020000367        0x1 
 .bss.RtcAlarm  0x0000000020000368       0x28 build/lora/rtc-board.o
 .bss.RtcHandle
                0x0000000020000390       0x20 build/lora/rtc-board.o
 .bss.RtcInitialized
                0x00000000200003b0        0x1 build/lora/rtc-board.o
 *fill*         0x00000000200003b1        0x3 
 .bss.RtcTimerContext
                0x00000000200003b4       0x1c build/lora/rtc-board.o
 .bss.OffModeDisable
                0x00000000200003d0        0x4 build/lora/lpm-board.o
 .bss.StopModeDisable
                0x00000000200003d4        0x4 build/lora/lpm-board.o
 .bss.__malloc_free_list
                0x00000000200003d8        0x4 /home/slonegd/code/gcc-arm-none-eabi-7-2018-q2-update/bin/../lib/gcc/arm-none-eabi/7.3.1/../../../../arm-none-eabi/lib/thumb/v7-m/libg_nano.a(lib_a-nano-mallocr.o)
                0x00000000200003d8                __malloc_free_list
 .bss.__malloc_sbrk_start
                0x00000000200003dc        0x4 /home/slonegd/code/gcc-arm-none-eabi-7-2018-q2-update/bin/../lib/gcc/arm-none-eabi/7.3.1/../../../../arm-none-eabi/lib/thumb/v7-m/libg_nano.a(lib_a-nano-mallocr.o)
                0x00000000200003dc                __malloc_sbrk_start
 .bss.heap_end.4102
                0x00000000200003e0        0x4 /home/slonegd/code/gcc-arm-none-eabi-7-2018-q2-update/bin/../lib/gcc/arm-none-eabi/7.3.1/../../../../arm-none-eabi/lib/thumb/v7-m/libnosys.a(sbrk.o)
 *(COMMON)
 COMMON         0x00000000200003e4      0x18c build/lora/sx1276.o
                0x00000000200003e4                TxTimeoutTimer
                0x00000000200003fc                RxTimeoutSyncWord
                0x0000000020000414                SX1276
                0x0000000020000558                RxTimeoutTimer
 COMMON         0x0000000020000570       0x14 build/lora/sx1276mb1las-board.o
                0x0000000020000570                AntSwitch
 COMMON         0x0000000020000584      0x870 build/lora/board.o
                0x0000000020000584                Led2
                0x0000000020000598                Uart2RxBuffer
                0x0000000020000998                Led1
                0x00000000200009ac                Uart2TxBuffer
                0x0000000020000dac                Uart2
 COMMON         0x0000000020000df4        0x4 build/lora/stm32l1xx_hal.o
                0x0000000020000df4                uwTick
 COMMON         0x0000000020000df8        0x4 /home/slonegd/code/gcc-arm-none-eabi-7-2018-q2-update/bin/../lib/gcc/arm-none-eabi/7.3.1/../../../../arm-none-eabi/lib/thumb/v7-m/libg_nano.a(lib_a-reent.o)
                0x0000000020000df8                errno
                0x0000000020000dfc                . = ALIGN (0x4)
                0x0000000020000dfc                __bss_end__ = .
                0x0000000020000dfc                _ebss = .

.heap           0x0000000020000dfc        0x0
                0x0000000020000dfc                __end__ = .
                [!provide]                        PROVIDE (_end = .)
                0x0000000020000dfc                PROVIDE (end = .)
 *(.heap*)
                0x0000000020000dfc                __HeapLimit = .

.stack_dummy    0x0000000020000dfc        0x0
 *(.stack*)
                0x0000000020014000                __StackTop = (ORIGIN (RAM) + LENGTH (RAM))
                0x0000000020014000                __StackLimit = (__StackTop - SIZEOF (.stack_dummy))
                0x0000000020014000                PROVIDE (__stack = __StackTop)
                0x0000000000000001                ASSERT ((__StackLimit >= __HeapLimit), region RAM overflowed with stack)
OUTPUT(build/main.elf elf32-littlearm)

.ARM.attributes
                0x0000000000000000       0x29
 .ARM.attributes
                0x0000000000000000       0x1d /home/slonegd/code/gcc-arm-none-eabi-7-2018-q2-update/bin/../lib/gcc/arm-none-eabi/7.3.1/thumb/v7-m/crti.o
 .ARM.attributes
                0x000000000000001d       0x2d /home/slonegd/code/gcc-arm-none-eabi-7-2018-q2-update/bin/../lib/gcc/arm-none-eabi/7.3.1/thumb/v7-m/crtbegin.o
 .ARM.attributes
                0x000000000000004a       0x2f build/main.o
 .ARM.attributes
                0x0000000000000079       0x21 build/startup_stm32l152xe.o
 .ARM.attributes
                0x000000000000009a       0x2f build/lora/sx1276.o
 .ARM.attributes
                0x00000000000000c9       0x2f build/lora/gpio.o
 .ARM.attributes
                0x00000000000000f8       0x2f build/lora/delay.o
 .ARM.attributes
                0x0000000000000127       0x2f build/lora/timer.o
 .ARM.attributes
                0x0000000000000156       0x2f build/lora/fifo.o
 .ARM.attributes
                0x0000000000000185       0x2f build/lora/uart.o
 .ARM.attributes
                0x00000000000001b4       0x2f build/lora/utilities.o
 .ARM.attributes
                0x00000000000001e3       0x2f build/lora/sx1276mb1las-board.o
 .ARM.attributes
                0x0000000000000212       0x2f build/lora/system_stm32l1xx.o
 .ARM.attributes
                0x0000000000000241       0x2f build/lora/board.o
 .ARM.attributes
                0x0000000000000270       0x2f build/lora/spi-board.o
 .ARM.attributes
                0x000000000000029f       0x2f build/lora/gpio-board.o
 .ARM.attributes
                0x00000000000002ce       0x2f build/lora/delay-board.o
 .ARM.attributes
                0x00000000000002fd       0x2f build/lora/uart-board.o
 .ARM.attributes
                0x000000000000032c       0x2f build/lora/rtc-board.o
 .ARM.attributes
                0x000000000000035b       0x2f build/lora/lpm-board.o
 .ARM.attributes
                0x000000000000038a       0x2f build/lora/sysIrqHandlers.o
 .ARM.attributes
                0x00000000000003b9       0x2f build/lora/stm32l1xx_hal_gpio.o
 .ARM.attributes
                0x00000000000003e8       0x2f build/lora/stm32l1xx_hal_uart.o
 .ARM.attributes
                0x0000000000000417       0x2f build/lora/stm32l1xx_hal_pwr.o
 .ARM.attributes
                0x0000000000000446       0x2f build/lora/stm32l1xx_hal_pwr_ex.o
 .ARM.attributes
                0x0000000000000475       0x2f build/lora/stm32l1xx_hal.o
 .ARM.attributes
                0x00000000000004a4       0x2f build/lora/stm32l1xx_hal_rcc.o
 .ARM.attributes
                0x00000000000004d3       0x2f build/lora/stm32l1xx_hal_rcc_ex.o
 .ARM.attributes
                0x0000000000000502       0x2f build/lora/stm32l1xx_hal_cortex.o
 .ARM.attributes
                0x0000000000000531       0x2f build/lora/stm32l1xx_hal_spi.o
 .ARM.attributes
                0x0000000000000560       0x2f build/lora/stm32l1xx_hal_spi_ex.o
 .ARM.attributes
                0x000000000000058f       0x2f build/lora/stm32l1xx_hal_rtc.o
 .ARM.attributes
                0x00000000000005be       0x2f build/lora/stm32l1xx_hal_rtc_ex.o
 .ARM.attributes
                0x00000000000005ed       0x2d /home/slonegd/code/gcc-arm-none-eabi-7-2018-q2-update/bin/../lib/gcc/arm-none-eabi/7.3.1/../../../../arm-none-eabi/lib/thumb/v7-m/libm.a(lib_a-s_ceil.o)
 .ARM.attributes
                0x000000000000061a       0x2d /home/slonegd/code/gcc-arm-none-eabi-7-2018-q2-update/bin/../lib/gcc/arm-none-eabi/7.3.1/../../../../arm-none-eabi/lib/thumb/v7-m/libm.a(lib_a-s_floor.o)
 .ARM.attributes
                0x0000000000000647       0x2d /home/slonegd/code/gcc-arm-none-eabi-7-2018-q2-update/bin/../lib/gcc/arm-none-eabi/7.3.1/../../../../arm-none-eabi/lib/thumb/v7-m/libm.a(lib_a-s_round.o)
 .ARM.attributes
                0x0000000000000674       0x1d /home/slonegd/code/gcc-arm-none-eabi-7-2018-q2-update/bin/../lib/gcc/arm-none-eabi/7.3.1/thumb/v7-m/libgcc.a(_arm_addsubdf3.o)
 .ARM.attributes
                0x0000000000000691       0x1d /home/slonegd/code/gcc-arm-none-eabi-7-2018-q2-update/bin/../lib/gcc/arm-none-eabi/7.3.1/thumb/v7-m/libgcc.a(_arm_muldivdf3.o)
 .ARM.attributes
                0x00000000000006ae       0x1d /home/slonegd/code/gcc-arm-none-eabi-7-2018-q2-update/bin/../lib/gcc/arm-none-eabi/7.3.1/thumb/v7-m/libgcc.a(_arm_cmpdf2.o)
 .ARM.attributes
                0x00000000000006cb       0x1d /home/slonegd/code/gcc-arm-none-eabi-7-2018-q2-update/bin/../lib/gcc/arm-none-eabi/7.3.1/thumb/v7-m/libgcc.a(_arm_fixdfsi.o)
 .ARM.attributes
                0x00000000000006e8       0x1d /home/slonegd/code/gcc-arm-none-eabi-7-2018-q2-update/bin/../lib/gcc/arm-none-eabi/7.3.1/thumb/v7-m/libgcc.a(_arm_fixunsdfsi.o)
 .ARM.attributes
                0x0000000000000705       0x1d /home/slonegd/code/gcc-arm-none-eabi-7-2018-q2-update/bin/../lib/gcc/arm-none-eabi/7.3.1/thumb/v7-m/libgcc.a(_aeabi_uldivmod.o)
 .ARM.attributes
                0x0000000000000722       0x2d /home/slonegd/code/gcc-arm-none-eabi-7-2018-q2-update/bin/../lib/gcc/arm-none-eabi/7.3.1/thumb/v7-m/libgcc.a(_udivmoddi4.o)
 .ARM.attributes
                0x000000000000074f       0x1d /home/slonegd/code/gcc-arm-none-eabi-7-2018-q2-update/bin/../lib/gcc/arm-none-eabi/7.3.1/thumb/v7-m/libgcc.a(_dvmd_tls.o)
 .ARM.attributes
                0x000000000000076c       0x2d /home/slonegd/code/gcc-arm-none-eabi-7-2018-q2-update/bin/../lib/gcc/arm-none-eabi/7.3.1/../../../../arm-none-eabi/lib/thumb/v7-m/libg_nano.a(lib_a-impure.o)
 .ARM.attributes
                0x0000000000000799       0x2d /home/slonegd/code/gcc-arm-none-eabi-7-2018-q2-update/bin/../lib/gcc/arm-none-eabi/7.3.1/../../../../arm-none-eabi/lib/thumb/v7-m/libg_nano.a(lib_a-init.o)
 .ARM.attributes
                0x00000000000007c6       0x2d /home/slonegd/code/gcc-arm-none-eabi-7-2018-q2-update/bin/../lib/gcc/arm-none-eabi/7.3.1/../../../../arm-none-eabi/lib/thumb/v7-m/libg_nano.a(lib_a-memcpy-stub.o)
 .ARM.attributes
                0x00000000000007f3       0x2d /home/slonegd/code/gcc-arm-none-eabi-7-2018-q2-update/bin/../lib/gcc/arm-none-eabi/7.3.1/../../../../arm-none-eabi/lib/thumb/v7-m/libg_nano.a(lib_a-memset.o)
 .ARM.attributes
                0x0000000000000820       0x2d /home/slonegd/code/gcc-arm-none-eabi-7-2018-q2-update/bin/../lib/gcc/arm-none-eabi/7.3.1/../../../../arm-none-eabi/lib/thumb/v7-m/libg_nano.a(lib_a-printf.o)
 .ARM.attributes
                0x000000000000084d       0x2d /home/slonegd/code/gcc-arm-none-eabi-7-2018-q2-update/bin/../lib/gcc/arm-none-eabi/7.3.1/../../../../arm-none-eabi/lib/thumb/v7-m/libg_nano.a(lib_a-strncmp.o)
 .ARM.attributes
                0x000000000000087a       0x2d /home/slonegd/code/gcc-arm-none-eabi-7-2018-q2-update/bin/../lib/gcc/arm-none-eabi/7.3.1/../../../../arm-none-eabi/lib/thumb/v7-m/libg_nano.a(lib_a-findfp.o)
 .ARM.attributes
                0x00000000000008a7       0x2d /home/slonegd/code/gcc-arm-none-eabi-7-2018-q2-update/bin/../lib/gcc/arm-none-eabi/7.3.1/../../../../arm-none-eabi/lib/thumb/v7-m/libg_nano.a(lib_a-fwalk.o)
 .ARM.attributes
                0x00000000000008d4       0x2d /home/slonegd/code/gcc-arm-none-eabi-7-2018-q2-update/bin/../lib/gcc/arm-none-eabi/7.3.1/../../../../arm-none-eabi/lib/thumb/v7-m/libg_nano.a(lib_a-nano-mallocr.o)
 .ARM.attributes
                0x0000000000000901       0x2d /home/slonegd/code/gcc-arm-none-eabi-7-2018-q2-update/bin/../lib/gcc/arm-none-eabi/7.3.1/../../../../arm-none-eabi/lib/thumb/v7-m/libg_nano.a(lib_a-nano-vfprintf.o)
 .ARM.attributes
                0x000000000000092e       0x2d /home/slonegd/code/gcc-arm-none-eabi-7-2018-q2-update/bin/../lib/gcc/arm-none-eabi/7.3.1/../../../../arm-none-eabi/lib/thumb/v7-m/libg_nano.a(lib_a-nano-vfprintf_i.o)
 .ARM.attributes
                0x000000000000095b       0x2d /home/slonegd/code/gcc-arm-none-eabi-7-2018-q2-update/bin/../lib/gcc/arm-none-eabi/7.3.1/../../../../arm-none-eabi/lib/thumb/v7-m/libg_nano.a(lib_a-reent.o)
 .ARM.attributes
                0x0000000000000988       0x2d /home/slonegd/code/gcc-arm-none-eabi-7-2018-q2-update/bin/../lib/gcc/arm-none-eabi/7.3.1/../../../../arm-none-eabi/lib/thumb/v7-m/libg_nano.a(lib_a-sbrkr.o)
 .ARM.attributes
                0x00000000000009b5       0x2d /home/slonegd/code/gcc-arm-none-eabi-7-2018-q2-update/bin/../lib/gcc/arm-none-eabi/7.3.1/../../../../arm-none-eabi/lib/thumb/v7-m/libg_nano.a(lib_a-stdio.o)
 .ARM.attributes
                0x00000000000009e2       0x2d /home/slonegd/code/gcc-arm-none-eabi-7-2018-q2-update/bin/../lib/gcc/arm-none-eabi/7.3.1/../../../../arm-none-eabi/lib/thumb/v7-m/libg_nano.a(lib_a-wbuf.o)
 .ARM.attributes
                0x0000000000000a0f       0x2d /home/slonegd/code/gcc-arm-none-eabi-7-2018-q2-update/bin/../lib/gcc/arm-none-eabi/7.3.1/../../../../arm-none-eabi/lib/thumb/v7-m/libg_nano.a(lib_a-writer.o)
 .ARM.attributes
                0x0000000000000a3c       0x2d /home/slonegd/code/gcc-arm-none-eabi-7-2018-q2-update/bin/../lib/gcc/arm-none-eabi/7.3.1/../../../../arm-none-eabi/lib/thumb/v7-m/libg_nano.a(lib_a-wsetup.o)
 .ARM.attributes
                0x0000000000000a69       0x2d /home/slonegd/code/gcc-arm-none-eabi-7-2018-q2-update/bin/../lib/gcc/arm-none-eabi/7.3.1/../../../../arm-none-eabi/lib/thumb/v7-m/libg_nano.a(lib_a-closer.o)
 .ARM.attributes
                0x0000000000000a96       0x2d /home/slonegd/code/gcc-arm-none-eabi-7-2018-q2-update/bin/../lib/gcc/arm-none-eabi/7.3.1/../../../../arm-none-eabi/lib/thumb/v7-m/libg_nano.a(lib_a-fflush.o)
 .ARM.attributes
                0x0000000000000ac3       0x2d /home/slonegd/code/gcc-arm-none-eabi-7-2018-q2-update/bin/../lib/gcc/arm-none-eabi/7.3.1/../../../../arm-none-eabi/lib/thumb/v7-m/libg_nano.a(lib_a-lseekr.o)
 .ARM.attributes
                0x0000000000000af0       0x2d /home/slonegd/code/gcc-arm-none-eabi-7-2018-q2-update/bin/../lib/gcc/arm-none-eabi/7.3.1/../../../../arm-none-eabi/lib/thumb/v7-m/libg_nano.a(lib_a-makebuf.o)
 .ARM.attributes
                0x0000000000000b1d       0x2d /home/slonegd/code/gcc-arm-none-eabi-7-2018-q2-update/bin/../lib/gcc/arm-none-eabi/7.3.1/../../../../arm-none-eabi/lib/thumb/v7-m/libg_nano.a(lib_a-memchr-stub.o)
 .ARM.attributes
                0x0000000000000b4a       0x2d /home/slonegd/code/gcc-arm-none-eabi-7-2018-q2-update/bin/../lib/gcc/arm-none-eabi/7.3.1/../../../../arm-none-eabi/lib/thumb/v7-m/libg_nano.a(lib_a-mlock.o)
 .ARM.attributes
                0x0000000000000b77       0x2d /home/slonegd/code/gcc-arm-none-eabi-7-2018-q2-update/bin/../lib/gcc/arm-none-eabi/7.3.1/../../../../arm-none-eabi/lib/thumb/v7-m/libg_nano.a(lib_a-nano-freer.o)
 .ARM.attributes
                0x0000000000000ba4       0x2d /home/slonegd/code/gcc-arm-none-eabi-7-2018-q2-update/bin/../lib/gcc/arm-none-eabi/7.3.1/../../../../arm-none-eabi/lib/thumb/v7-m/libg_nano.a(lib_a-readr.o)
 .ARM.attributes
                0x0000000000000bd1       0x2d /home/slonegd/code/gcc-arm-none-eabi-7-2018-q2-update/bin/../lib/gcc/arm-none-eabi/7.3.1/../../../../arm-none-eabi/lib/thumb/v7-m/libg_nano.a(lib_a-fstatr.o)
 .ARM.attributes
                0x0000000000000bfe       0x2d /home/slonegd/code/gcc-arm-none-eabi-7-2018-q2-update/bin/../lib/gcc/arm-none-eabi/7.3.1/../../../../arm-none-eabi/lib/thumb/v7-m/libg_nano.a(lib_a-isattyr.o)
 .ARM.attributes
                0x0000000000000c2b       0x2d /home/slonegd/code/gcc-arm-none-eabi-7-2018-q2-update/bin/../lib/gcc/arm-none-eabi/7.3.1/../../../../arm-none-eabi/lib/thumb/v7-m/libnosys.a(close.o)
 .ARM.attributes
                0x0000000000000c58       0x2d /home/slonegd/code/gcc-arm-none-eabi-7-2018-q2-update/bin/../lib/gcc/arm-none-eabi/7.3.1/../../../../arm-none-eabi/lib/thumb/v7-m/libnosys.a(fstat.o)
 .ARM.attributes