Archive member included to satisfy reference by file (symbol)

/home/slonegd/code/gcc-arm-none-eabi-7-2018-q2-update/bin/../lib/gcc/arm-none-eabi/7.3.1/../../../../arm-none-eabi/lib/thumb/v7-m/libm.a(lib_a-s_ceil.o)
                              build/lora/sx1276.o (ceil)
/home/slonegd/code/gcc-arm-none-eabi-7-2018-q2-update/bin/../lib/gcc/arm-none-eabi/7.3.1/../../../../arm-none-eabi/lib/thumb/v7-m/libm.a(lib_a-s_floor.o)
                              build/lora/sx1276.o (floor)
/home/slonegd/code/gcc-arm-none-eabi-7-2018-q2-update/bin/../lib/gcc/arm-none-eabi/7.3.1/../../../../arm-none-eabi/lib/thumb/v7-m/libm.a(lib_a-s_round.o)
                              build/lora/sx1276.o (round)
/home/slonegd/code/gcc-arm-none-eabi-7-2018-q2-update/bin/../lib/gcc/arm-none-eabi/7.3.1/thumb/v7-m/libgcc.a(_arm_addsubdf3.o)
                              build/lora/sx1276.o (__aeabi_dadd)
/home/slonegd/code/gcc-arm-none-eabi-7-2018-q2-update/bin/../lib/gcc/arm-none-eabi/7.3.1/thumb/v7-m/libgcc.a(_arm_muldivdf3.o)
                              build/lora/sx1276.o (__aeabi_dmul)
/home/slonegd/code/gcc-arm-none-eabi-7-2018-q2-update/bin/../lib/gcc/arm-none-eabi/7.3.1/thumb/v7-m/libgcc.a(_arm_cmpdf2.o)
                              build/lora/sx1276.o (__aeabi_dcmpge)
/home/slonegd/code/gcc-arm-none-eabi-7-2018-q2-update/bin/../lib/gcc/arm-none-eabi/7.3.1/thumb/v7-m/libgcc.a(_arm_fixdfsi.o)
                              build/lora/sx1276.o (__aeabi_d2iz)
/home/slonegd/code/gcc-arm-none-eabi-7-2018-q2-update/bin/../lib/gcc/arm-none-eabi/7.3.1/thumb/v7-m/libgcc.a(_arm_fixunsdfsi.o)
                              build/lora/sx1276.o (__aeabi_d2uiz)
/home/slonegd/code/gcc-arm-none-eabi-7-2018-q2-update/bin/../lib/gcc/arm-none-eabi/7.3.1/thumb/v7-m/libgcc.a(_arm_truncdfsf2.o)
                              build/lora/rtc-board.o (__aeabi_d2f)
/home/slonegd/code/gcc-arm-none-eabi-7-2018-q2-update/bin/../lib/gcc/arm-none-eabi/7.3.1/thumb/v7-m/libgcc.a(_arm_addsubsf3.o)
                              build/lora/rtc-board.o (__aeabi_fsub)
/home/slonegd/code/gcc-arm-none-eabi-7-2018-q2-update/bin/../lib/gcc/arm-none-eabi/7.3.1/thumb/v7-m/libgcc.a(_arm_muldivsf3.o)
                              build/lora/delay.o (__aeabi_fmul)
/home/slonegd/code/gcc-arm-none-eabi-7-2018-q2-update/bin/../lib/gcc/arm-none-eabi/7.3.1/thumb/v7-m/libgcc.a(_arm_cmpsf2.o)
                              build/lora/rtc-board.o (__aeabi_fcmplt)
/home/slonegd/code/gcc-arm-none-eabi-7-2018-q2-update/bin/../lib/gcc/arm-none-eabi/7.3.1/thumb/v7-m/libgcc.a(_arm_fixunssfsi.o)
                              build/lora/delay.o (__aeabi_f2uiz)
/home/slonegd/code/gcc-arm-none-eabi-7-2018-q2-update/bin/../lib/gcc/arm-none-eabi/7.3.1/thumb/v7-m/libgcc.a(_aeabi_uldivmod.o)
                              build/lora/rtc-board.o (__aeabi_uldivmod)
/home/slonegd/code/gcc-arm-none-eabi-7-2018-q2-update/bin/../lib/gcc/arm-none-eabi/7.3.1/thumb/v7-m/libgcc.a(_udivmoddi4.o)
                              /home/slonegd/code/gcc-arm-none-eabi-7-2018-q2-update/bin/../lib/gcc/arm-none-eabi/7.3.1/thumb/v7-m/libgcc.a(_aeabi_uldivmod.o) (__udivmoddi4)
/home/slonegd/code/gcc-arm-none-eabi-7-2018-q2-update/bin/../lib/gcc/arm-none-eabi/7.3.1/thumb/v7-m/libgcc.a(unwind-arm.o)
                              build/main.o (__aeabi_unwind_cpp_pr0)
/home/slonegd/code/gcc-arm-none-eabi-7-2018-q2-update/bin/../lib/gcc/arm-none-eabi/7.3.1/thumb/v7-m/libgcc.a(libunwind.o)
                              /home/slonegd/code/gcc-arm-none-eabi-7-2018-q2-update/bin/../lib/gcc/arm-none-eabi/7.3.1/thumb/v7-m/libgcc.a(unwind-arm.o) (restore_core_regs)
/home/slonegd/code/gcc-arm-none-eabi-7-2018-q2-update/bin/../lib/gcc/arm-none-eabi/7.3.1/thumb/v7-m/libgcc.a(pr-support.o)
                              /home/slonegd/code/gcc-arm-none-eabi-7-2018-q2-update/bin/../lib/gcc/arm-none-eabi/7.3.1/thumb/v7-m/libgcc.a(unwind-arm.o) (__gnu_unwind_execute)
/home/slonegd/code/gcc-arm-none-eabi-7-2018-q2-update/bin/../lib/gcc/arm-none-eabi/7.3.1/thumb/v7-m/libgcc.a(_dvmd_tls.o)
                              /home/slonegd/code/gcc-arm-none-eabi-7-2018-q2-update/bin/../lib/gcc/arm-none-eabi/7.3.1/thumb/v7-m/libgcc.a(_aeabi_uldivmod.o) (__aeabi_ldiv0)
/home/slonegd/code/gcc-arm-none-eabi-7-2018-q2-update/bin/../lib/gcc/arm-none-eabi/7.3.1/../../../../arm-none-eabi/lib/thumb/v7-m/libg_nano.a(lib_a-abort.o)
                              /home/slonegd/code/gcc-arm-none-eabi-7-2018-q2-update/bin/../lib/gcc/arm-none-eabi/7.3.1/thumb/v7-m/libgcc.a(unwind-arm.o) (abort)
/home/slonegd/code/gcc-arm-none-eabi-7-2018-q2-update/bin/../lib/gcc/arm-none-eabi/7.3.1/../../../../arm-none-eabi/lib/thumb/v7-m/libg_nano.a(lib_a-exit.o)
                              /home/slonegd/code/gcc-arm-none-eabi-7-2018-q2-update/bin/../lib/gcc/arm-none-eabi/7.3.1/../../../../arm-none-eabi/lib/thumb/v7-m/crt0.o (exit)
[...]
Memory Configuration

Name             Origin             Length             Attributes
FLASH            0x0000000008000000 0x0000000000080000 xr
RAM              0x0000000020000000 0x0000000000014000 xrw
*default*        0x0000000000000000 0xffffffffffffffff

Linker script and memory map

LOAD /home/slonegd/code/gcc-arm-none-eabi-7-2018-q2-update/bin/../lib/gcc/arm-none-eabi/7.3.1/thumb/v7-m/crti.o
LOAD /home/slonegd/code/gcc-arm-none-eabi-7-2018-q2-update/bin/../lib/gcc/arm-none-eabi/7.3.1/thumb/v7-m/crtbegin.o
LOAD /home/slonegd/code/gcc-arm-none-eabi-7-2018-q2-update/bin/../lib/gcc/arm-none-eabi/7.3.1/../../../../arm-none-eabi/lib/thumb/v7-m/crt0.o
LOAD build/main.o
LOAD build/startup_stm32l152xe.o
LOAD build/lora/sx1276.o
LOAD build/lora/gpio.o
LOAD build/lora/delay.o
LOAD build/lora/timer.o
LOAD build/lora/fifo.o
LOAD build/lora/uart.o
LOAD build/lora/utilities.o
LOAD build/lora/sx1276mb1las-board.o
LOAD build/lora/system_stm32l1xx.o
LOAD build/lora/spi-board.o
LOAD build/lora/gpio-board.o
LOAD build/lora/delay-board.o
LOAD build/lora/uart-board.o
LOAD build/lora/rtc-board.o
LOAD build/lora/lpm-board.o
LOAD build/lora/sysIrqHandlers.o
LOAD build/lora/stm32l1xx_hal_gpio.o
LOAD build/lora/stm32l1xx_hal_uart.o
LOAD build/lora/stm32l1xx_hal_pwr.o
LOAD build/lora/stm32l1xx_hal_pwr_ex.o
LOAD build/lora/stm32l1xx_hal.o
LOAD build/lora/stm32l1xx_hal_rcc.o
LOAD build/lora/stm32l1xx_hal_rcc_ex.o
LOAD build/lora/stm32l1xx_hal_cortex.o
LOAD build/lora/stm32l1xx_hal_spi.o
LOAD build/lora/stm32l1xx_hal_spi_ex.o
LOAD build/lora/stm32l1xx_hal_rtc.o
LOAD build/lora/stm32l1xx_hal_rtc_ex.o
LOAD /home/slonegd/code/gcc-arm-none-eabi-7-2018-q2-update/bin/../lib/gcc/arm-none-eabi/7.3.1/../../../../arm-none-eabi/lib/thumb/v7-m/libm.a
START GROUP
LOAD /home/slonegd/code/gcc-arm-none-eabi-7-2018-q2-update/bin/../lib/gcc/arm-none-eabi/7.3.1/thumb/v7-m/libgcc.a
LOAD /home/slonegd/code/gcc-arm-none-eabi-7-2018-q2-update/bin/../lib/gcc/arm-none-eabi/7.3.1/../../../../arm-none-eabi/lib/thumb/v7-m/libg_nano.a
LOAD /home/slonegd/code/gcc-arm-none-eabi-7-2018-q2-update/bin/../lib/gcc/arm-none-eabi/7.3.1/../../../../arm-none-eabi/lib/thumb/v7-m/libc_nano.a
END GROUP
START GROUP
LOAD /home/slonegd/code/gcc-arm-none-eabi-7-2018-q2-update/bin/../lib/gcc/arm-none-eabi/7.3.1/thumb/v7-m/libgcc.a
LOAD /home/slonegd/code/gcc-arm-none-eabi-7-2018-q2-update/bin/../lib/gcc/arm-none-eabi/7.3.1/../../../../arm-none-eabi/lib/thumb/v7-m/libc_nano.a
LOAD /home/slonegd/code/gcc-arm-none-eabi-7-2018-q2-update/bin/../lib/gcc/arm-none-eabi/7.3.1/../../../../arm-none-eabi/lib/thumb/v7-m/libnosys.a
END GROUP
START GROUP
LOAD /home/slonegd/code/gcc-arm-none-eabi-7-2018-q2-update/bin/../lib/gcc/arm-none-eabi/7.3.1/thumb/v7-m/libgcc.a
LOAD /home/slonegd/code/gcc-arm-none-eabi-7-2018-q2-update/bin/../lib/gcc/arm-none-eabi/7.3.1/../../../../arm-none-eabi/lib/thumb/v7-m/libc_nano.a
LOAD /home/slonegd/code/gcc-arm-none-eabi-7-2018-q2-update/bin/../lib/gcc/arm-none-eabi/7.3.1/../../../../arm-none-eabi/lib/thumb/v7-m/libnosys.a
END GROUP
LOAD /home/slonegd/code/gcc-arm-none-eabi-7-2018-q2-update/bin/../lib/gcc/arm-none-eabi/7.3.1/thumb/v7-m/crtend.o
LOAD /home/slonegd/code/gcc-arm-none-eabi-7-2018-q2-update/bin/../lib/gcc/arm-none-eabi/7.3.1/thumb/v7-m/crtn.o
                0x0000000020014000                _estack = 0x20014000

.text           0x0000000008000000     0x90ac
 *(.isr_vector)
 .isr_vector    0x0000000008000000      0x13c build/startup_stm32l152xe.o
                0x0000000008000000                g_pfnVectors
 *(.text*)
 .text          0x000000000800013c       0x40 /home/slonegd/code/gcc-arm-none-eabi-7-2018-q2-update/bin/../lib/gcc/arm-none-eabi/7.3.1/thumb/v7-m/crtbegin.o
 .text._Z8OnTxDonev
                0x000000000800017c       0x18 build/main.o
                0x000000000800017c                OnTxDone()
 .text._Z11OnTxTimeoutv
                0x0000000008000194       0x18 build/main.o
                0x0000000008000194                OnTxTimeout()
 .text._Z11OnRxTimeoutv
                0x00000000080001ac       0x18 build/main.o
                0x00000000080001ac                OnRxTimeout()
 .text._Z9OnRxErrorv
                0x00000000080001c4       0x18 build/main.o
                0x00000000080001c4                OnRxError()
 .text.BoardUnusedIoInit
                0x00000000080001dc       0x10 build/main.o
 .text.SystemClockReConfig
                0x00000000080001ec       0xe8 build/main.o
 .text.CalibrateSystemWakeupTime
                0x00000000080002d4       0x3c build/main.o
 .text.OnCalibrateSystemWakeupTimeTimerEvent
                0x0000000008000310       0x14 build/main.o
 .text._Z8OnRxDonePhtsa
                0x0000000008000324       0x48 build/main.o
                0x0000000008000324                OnRxDone(unsigned char*, unsigned short, short, signed char)
 .text.BoardCriticalSectionBegin
                0x000000000800036c        0xa build/main.o
                0x000000000800036c                BoardCriticalSectionBegin
 .text.BoardCriticalSectionEnd
                0x0000000008000376        0x8 build/main.o
                0x0000000008000376                BoardCriticalSectionEnd
 *fill*         0x000000000800037e        0x2 
 .text.BoardDeInitMcu
                0x0000000008000380       0x14 build/main.o
                0x0000000008000380                BoardDeInitMcu
 .text.SysTick_Handler
                0x0000000008000394        0xc build/main.o
                0x0000000008000394                SysTick_Handler
 .text.GetBoardPowerSource
                0x00000000080003a0       0x14 build/main.o
                0x00000000080003a0                GetBoardPowerSource
 .text.LpmEnterStopMode
                0x00000000080003b4       0x3c build/main.o
                0x00000000080003b4                LpmEnterStopMode
 .text.LpmEnterSleepMode
                0x00000000080003f0        0xc build/main.o
                0x00000000080003f0                LpmEnterSleepMode
 .text.BoardLowPowerHandler
                0x00000000080003fc        0xc build/main.o
                0x00000000080003fc                BoardLowPowerHandler
 .text._write   0x0000000008000408       0x1c build/main.o
                0x0000000008000408                _write
 .text._read    0x0000000008000424       0x38 build/main.o
                0x0000000008000424                _read
 .text.assert_failed
                0x000000000800045c       0x14 build/main.o
                0x000000000800045c                assert_failed
 .text.SystemClockConfig
                0x0000000008000470       0xd0 build/main.o
 .text._ZN3lmn5Radio10board_initEv
                0x0000000008000540       0xb0 build/main.o
                0x0000000008000540                lmn::Radio::board_init()
 .text.BoardInitMcu
                0x00000000080005f0       0xb8 build/main.o
                0x00000000080005f0                BoardInitMcu
 .text.LpmExitStopMode
                0x00000000080006a8       0x1a build/main.o
                0x00000000080006a8                LpmExitStopMode
 *fill*         0x00000000080006c2        0x2 
 .text.main     0x00000000080006c4      0x27c build/main.o
                0x00000000080006c4                main
 .text.Reset_Handler
                0x0000000008000940       0x48 build/startup_stm32l152xe.o
                0x0000000008000940                Reset_Handler
 .text.Default_Handler
                0x0000000008000988        0x2 build/startup_stm32l152xe.o
                0x0000000008000988                COMP_ACQ_IRQHandler
                0x0000000008000988                HardFault_Handler
                0x0000000008000988                TIM10_IRQHandler
                0x0000000008000988                USB_HP_IRQHandler
                0x0000000008000988                TIM6_IRQHandler
                0x0000000008000988                PVD_IRQHandler
                0x0000000008000988                PendSV_Handler
                0x0000000008000988                I2C2_EV_IRQHandler
                0x0000000008000988                SPI1_IRQHandler
                0x0000000008000988                USB_FS_WKUP_IRQHandler
                0x0000000008000988                DMA2_Channel2_IRQHandler
                0x0000000008000988                DMA1_Channel4_IRQHandler
                0x0000000008000988                ADC1_IRQHandler
                0x0000000008000988                USART3_IRQHandler
                0x0000000008000988                DMA1_Channel7_IRQHandler
                0x0000000008000988                LCD_IRQHandler
                0x0000000008000988                UART5_IRQHandler
                0x0000000008000988                TIM4_IRQHandler
                0x0000000008000988                DMA2_Channel1_IRQHandler
                0x0000000008000988                I2C1_EV_IRQHandler
                0x0000000008000988                DMA1_Channel6_IRQHandler
                0x0000000008000988                UART4_IRQHandler
                0x0000000008000988                DMA2_Channel4_IRQHandler
                0x0000000008000988                TIM3_IRQHandler
                0x0000000008000988                RCC_IRQHandler
                0x0000000008000988                DMA1_Channel1_IRQHandler
                0x0000000008000988                Default_Handler
                0x0000000008000988                TIM7_IRQHandler
                0x0000000008000988                TIM5_IRQHandler
                0x0000000008000988                TIM9_IRQHandler
                0x0000000008000988                TAMPER_STAMP_IRQHandler
                0x0000000008000988                RTC_WKUP_IRQHandler
                0x0000000008000988                SPI2_IRQHandler
                0x0000000008000988                SVC_Handler
                0x0000000008000988                DMA2_Channel5_IRQHandler
                0x0000000008000988                DMA1_Channel5_IRQHandler
                0x0000000008000988                USB_LP_IRQHandler
                0x0000000008000988                DMA1_Channel3_IRQHandler
                0x0000000008000988                COMP_IRQHandler
                0x0000000008000988                WWDG_IRQHandler
                0x0000000008000988                TIM2_IRQHandler
                0x0000000008000988                DAC_IRQHandler
                0x0000000008000988                TIM11_IRQHandler
                0x0000000008000988                I2C2_ER_IRQHandler
                0x0000000008000988                DMA1_Channel2_IRQHandler
                0x0000000008000988                FLASH_IRQHandler
                0x0000000008000988                USART1_IRQHandler
                0x0000000008000988                SPI3_IRQHandler
                0x0000000008000988                I2C1_ER_IRQHandler
                0x0000000008000988                DMA2_Channel3_IRQHandler
 *fill*         0x000000000800098a        0x2 
 .text.GetFskBandwidthRegValue
                0x000000000800098c       0x50 build/lora/sx1276.o
 .text.SX1276OnDio4Irq
                0x00000000080009dc       0x20 build/lora/sx1276.o
                0x00000000080009dc                SX1276OnDio4Irq
 .text.SX1276GetStatus
                0x00000000080009fc        0xc build/lora/sx1276.o
                0x00000000080009fc                SX1276GetStatus
 .text.SX1276WriteBuffer
                0x0000000008000a08       0x44 build/lora/sx1276.o
                0x0000000008000a08                SX1276WriteBuffer
 .text.SX1276Write
                0x0000000008000a4c       0x18 build/lora/sx1276.o
                0x0000000008000a4c                SX1276Write
 *fill*         0x0000000008000a64        0x4 
 .text.SX1276SetChannel
                0x0000000008000a68       0x4c build/lora/sx1276.o
                0x0000000008000a68                SX1276SetChannel
 .text.SX1276ReadBuffer
                0x0000000008000ab4       0x48 build/lora/sx1276.o
                0x0000000008000ab4                SX1276ReadBuffer
 .text.SX1276Read
                0x0000000008000afc       0x18 build/lora/sx1276.o
                0x0000000008000afc                SX1276Read
 *fill*         0x0000000008000b14        0x4 
 .text.RxChainCalibration
                0x0000000008000b18       0xa4 build/lora/sx1276.o
 *fill*         0x0000000008000bbc        0x4 
 .text.SX1276GetTimeOnAir
                0x0000000008000bc0      0x244 build/lora/sx1276.o
                0x0000000008000bc0                SX1276GetTimeOnAir
 .text.SX1276ReadRssi
                0x0000000008000e04       0x50 build/lora/sx1276.o
                0x0000000008000e04                SX1276ReadRssi
 .text.SX1276SetOpMode
                0x0000000008000e54       0x32 build/lora/sx1276.o
                0x0000000008000e54                SX1276SetOpMode
 *fill*         0x0000000008000e86        0x2 
 .text.SX1276SetSleep
                0x0000000008000e88       0x2c build/lora/sx1276.o
                0x0000000008000e88                SX1276SetSleep
 .text.SX1276SetStby
                0x0000000008000eb4       0x2c build/lora/sx1276.o
                0x0000000008000eb4                SX1276SetStby
 .text.SX1276SetRx
                0x0000000008000ee0      0x288 build/lora/sx1276.o
                0x0000000008000ee0                SX1276SetRx
 .text.SX1276SetTx
                0x0000000008001168       0xb0 build/lora/sx1276.o
                0x0000000008001168                SX1276SetTx
 .text.SX1276StartCad
                0x0000000008001218       0x38 build/lora/sx1276.o
                0x0000000008001218                SX1276StartCad
 .text.SX1276SetModem
                0x0000000008001250       0x88 build/lora/sx1276.o
                0x0000000008001250                SX1276SetModem
 .text.SX1276Init
                0x00000000080012d8       0x88 build/lora/sx1276.o
                0x00000000080012d8                SX1276Init
 .text.SX1276IsChannelFree
                0x0000000008001360       0x48 build/lora/sx1276.o
                0x0000000008001360                SX1276IsChannelFree
 .text.SX1276Random
                0x00000000080013a8       0x40 build/lora/sx1276.o
                0x00000000080013a8                SX1276Random
 .text.SX1276SetRxConfig
                0x00000000080013e8      0x310 build/lora/sx1276.o
                0x00000000080013e8                SX1276SetRxConfig
 .text.SX1276SetTxConfig
                0x00000000080016f8      0x26c build/lora/sx1276.o
                0x00000000080016f8                SX1276SetTxConfig
 .text.SX1276SetTxContinuousWave
                0x0000000008001964       0x80 build/lora/sx1276.o
                0x0000000008001964                SX1276SetTxContinuousWave
 *fill*         0x00000000080019e4        0x4 
 .text.SX1276OnDio2Irq
                0x00000000080019e8      0x104 build/lora/sx1276.o
                0x00000000080019e8                SX1276OnDio2Irq
 .text.SX1276OnDio3Irq
                0x0000000008001aec       0x50 build/lora/sx1276.o
                0x0000000008001aec                SX1276OnDio3Irq
 .text.SX1276WriteFifo
                0x0000000008001b3c        0xe build/lora/sx1276.o
                0x0000000008001b3c                SX1276WriteFifo
 *fill*         0x0000000008001b4a        0x2 
 .text.SX1276Send
                0x0000000008001b4c      0x124 build/lora/sx1276.o
                0x0000000008001b4c                SX1276Send
 .text.SX1276ReadFifo
                0x0000000008001c70        0xe build/lora/sx1276.o
                0x0000000008001c70                SX1276ReadFifo
 *fill*         0x0000000008001c7e        0x2 
 .text.SX1276OnDio0Irq
                0x0000000008001c80      0x2fc build/lora/sx1276.o
                0x0000000008001c80                SX1276OnDio0Irq
 .text.SX1276OnDio1Irq
                0x0000000008001f7c      0x124 build/lora/sx1276.o
                0x0000000008001f7c                SX1276OnDio1Irq
 .text.SX1276SetMaxPayloadLength
                0x00000000080020a0       0x34 build/lora/sx1276.o
                0x00000000080020a0                SX1276SetMaxPayloadLength
 .text.SX1276SetPublicNetwork
                0x00000000080020d4       0x2c build/lora/sx1276.o
                0x00000000080020d4                SX1276SetPublicNetwork
 .text.SX1276OnTimeoutIrq
                0x0000000008002100       0xe8 build/lora/sx1276.o
                0x0000000008002100                SX1276OnTimeoutIrq
 .text.SX1276GetWakeupTime
                0x00000000080021e8        0xa build/lora/sx1276.o
                0x00000000080021e8                SX1276GetWakeupTime
 .text.GpioInit
                0x00000000080021f2       0x16 build/lora/gpio.o
                0x00000000080021f2                GpioInit
 .text.GpioSetInterrupt
                0x0000000008002208        0x8 build/lora/gpio.o
                0x0000000008002208                GpioSetInterrupt
 .text.GpioWrite
                0x0000000008002210        0x8 build/lora/gpio.o
                0x0000000008002210                GpioWrite
 .text.GpioToggle
                0x0000000008002218        0x8 build/lora/gpio.o
                0x0000000008002218                GpioToggle
 .text.DelayMs  0x0000000008002220        0x8 build/lora/delay.o
                0x0000000008002220                DelayMs
 .text.TimerInsertTimer
                0x0000000008002228       0x3c build/lora/timer.o
 .text.TimerExists
                0x0000000008002264       0x1c build/lora/timer.o
 .text.TimerSetTimeout
                0x0000000008002280       0x2c build/lora/timer.o
 .text.TimerInsertNewHeadTimer
                0x00000000080022ac       0x1c build/lora/timer.o
 .text.TimerInit
                0x00000000080022c8       0x12 build/lora/timer.o
                0x00000000080022c8                TimerInit
 *fill*         0x00000000080022da        0x2 
 .text.TimerStart
                0x00000000080022dc       0x6c build/lora/timer.o
                0x00000000080022dc                TimerStart
 .text.TimerIrqHandler
                0x0000000008002348       0x80 build/lora/timer.o
                0x0000000008002348                TimerIrqHandler
 .text.TimerStop
                0x00000000080023c8       0x80 build/lora/timer.o
                0x00000000080023c8                TimerStop
 .text.TimerSetValue
                0x0000000008002448       0x24 build/lora/timer.o
                0x0000000008002448                TimerSetValue
 .text.TimerGetCurrentTime
                0x000000000800246c        0xc build/lora/timer.o
                0x000000000800246c                TimerGetCurrentTime
 .text.TimerGetElapsedTime
                0x0000000008002478       0x20 build/lora/timer.o
                0x0000000008002478                TimerGetElapsedTime
 .text.FifoNext
                0x0000000008002498       0x10 build/lora/fifo.o
 .text.FifoPush
                0x00000000080024a8       0x14 build/lora/fifo.o
                0x00000000080024a8                FifoPush
 .text.FifoPop  0x00000000080024bc       0x14 build/lora/fifo.o
                0x00000000080024bc                FifoPop
 .text.IsFifoEmpty
                0x00000000080024d0        0xe build/lora/fifo.o
                0x00000000080024d0                IsFifoEmpty
 .text.IsFifoFull
                0x00000000080024de       0x16 build/lora/fifo.o
                0x00000000080024de                IsFifoFull
 .text.UartPutChar
                0x00000000080024f4        0x8 build/lora/uart.o
                0x00000000080024f4                UartPutChar
 .text.UartGetChar
                0x00000000080024fc        0x8 build/lora/uart.o
                0x00000000080024fc                UartGetChar
 .text.UartPutBuffer
                0x0000000008002504        0x8 build/lora/uart.o
                0x0000000008002504                UartPutBuffer
 .text.UartGetBuffer
                0x000000000800250c        0x8 build/lora/uart.o
                0x000000000800250c                UartGetBuffer
 .text.memcpy1  0x0000000008002514       0x16 build/lora/utilities.o
                0x0000000008002514                memcpy1
 *fill*         0x000000000800252a        0x2 
 .text.SX1276GetPaSelect
                0x000000000800252c       0x14 build/lora/sx1276mb1las-board.o
 .text.SX1276CheckRfFrequency
                0x0000000008002540        0x4 build/lora/sx1276mb1las-board.o
                0x0000000008002540                SX1276CheckRfFrequency
 .text.SX1276IoInit
                0x0000000008002544       0x90 build/lora/sx1276mb1las-board.o
                0x0000000008002544                SX1276IoInit
 .text.SX1276IoIrqInit
                0x00000000080025d4       0x60 build/lora/sx1276mb1las-board.o
                0x00000000080025d4                SX1276IoIrqInit
 .text.SX1276IoDeInit
                0x0000000008002634       0x8c build/lora/sx1276mb1las-board.o
                0x0000000008002634                SX1276IoDeInit
 .text.SX1276GetBoardTcxoWakeupTime
                0x00000000080026c0        0x4 build/lora/sx1276mb1las-board.o
                0x00000000080026c0                SX1276GetBoardTcxoWakeupTime
 .text.SX1276Reset
                0x00000000080026c4       0x40 build/lora/sx1276mb1las-board.o
                0x00000000080026c4                SX1276Reset
 .text.SX1276SetRfTxPower
                0x0000000008002704       0xc8 build/lora/sx1276mb1las-board.o
                0x0000000008002704                SX1276SetRfTxPower
 .text.SX1276AntSwInit
                0x00000000080027cc       0x20 build/lora/sx1276mb1las-board.o
                0x00000000080027cc                SX1276AntSwInit
 .text.SX1276AntSwDeInit
                0x00000000080027ec       0x20 build/lora/sx1276mb1las-board.o
                0x00000000080027ec                SX1276AntSwDeInit
 .text.SX1276SetAntSwLowPower
                0x000000000800280c       0x20 build/lora/sx1276mb1las-board.o
                0x000000000800280c                SX1276SetAntSwLowPower
 .text.SX1276SetAntSw
                0x000000000800282c       0x20 build/lora/sx1276mb1las-board.o
                0x000000000800282c                SX1276SetAntSw
 .text.SystemInit
                0x000000000800284c       0x48 build/lora/system_stm32l1xx.o
                0x000000000800284c                SystemInit
 .text.SpiDeInit
                0x0000000008002894       0x68 build/lora/spi-board.o
                0x0000000008002894                SpiDeInit
 .text.SpiFormat
                0x00000000080028fc       0x94 build/lora/spi-board.o
                0x00000000080028fc                SpiFormat
 .text.SpiFrequency
                0x0000000008002990       0x50 build/lora/spi-board.o
                0x0000000008002990                SpiFrequency
 .text.SpiInit  0x00000000080029e0      0x198 build/lora/spi-board.o
                0x00000000080029e0                SpiInit
 .text.SpiInOut
                0x0000000008002b78       0x84 build/lora/spi-board.o
                0x0000000008002b78                SpiInOut
 .text.GpioMcuSetInterrupt
                0x0000000008002bfc       0xfc build/lora/gpio-board.o
                0x0000000008002bfc                GpioMcuSetInterrupt
 .text.GpioMcuWrite
                0x0000000008002cf8       0x38 build/lora/gpio-board.o
                0x0000000008002cf8                GpioMcuWrite
 .text.GpioMcuInit
                0x0000000008002d30      0x130 build/lora/gpio-board.o
                0x0000000008002d30                GpioMcuInit
 .text.GpioMcuToggle
                0x0000000008002e60       0x34 build/lora/gpio-board.o
                0x0000000008002e60                GpioMcuToggle
 .text.EXTI0_IRQHandler
                0x0000000008002e94        0xa build/lora/gpio-board.o
                0x0000000008002e94                EXTI0_IRQHandler
 .text.EXTI1_IRQHandler
                0x0000000008002e9e        0xa build/lora/gpio-board.o
                0x0000000008002e9e                EXTI1_IRQHandler
 .text.EXTI2_IRQHandler
                0x0000000008002ea8        0xa build/lora/gpio-board.o
                0x0000000008002ea8                EXTI2_IRQHandler
 .text.EXTI3_IRQHandler
                0x0000000008002eb2        0xa build/lora/gpio-board.o
                0x0000000008002eb2                EXTI3_IRQHandler
 .text.EXTI4_IRQHandler
                0x0000000008002ebc        0xa build/lora/gpio-board.o
                0x0000000008002ebc                EXTI4_IRQHandler
 .text.EXTI9_5_IRQHandler
                0x0000000008002ec6       0x26 build/lora/gpio-board.o
                0x0000000008002ec6                EXTI9_5_IRQHandler
 .text.EXTI15_10_IRQHandler
                0x0000000008002eec       0x34 build/lora/gpio-board.o
                0x0000000008002eec                EXTI15_10_IRQHandler
 .text.HAL_GPIO_EXTI_Callback
                0x0000000008002f20       0x30 build/lora/gpio-board.o
                0x0000000008002f20                HAL_GPIO_EXTI_Callback
 .text.DelayMsMcu
                0x0000000008002f50        0x8 build/lora/delay-board.o
                0x0000000008002f50                DelayMsMcu
 .text.UartMcuPutChar
                0x0000000008002f58       0x5c build/lora/uart-board.o
                0x0000000008002f58                UartMcuPutChar
 .text.UartMcuGetChar
                0x0000000008002fb4       0x40 build/lora/uart-board.o
                0x0000000008002fb4                UartMcuGetChar
 .text.UartMcuPutBuffer
                0x0000000008002ff4       0x3e build/lora/uart-board.o
                0x0000000008002ff4                UartMcuPutBuffer
 .text.UartMcuGetBuffer
                0x0000000008003032       0x32 build/lora/uart-board.o
                0x0000000008003032                UartMcuGetBuffer
 .text.HAL_UART_TxCpltCallback
                0x0000000008003064       0x3c build/lora/uart-board.o
                0x0000000008003064                HAL_UART_TxCpltCallback
 .text.HAL_UART_RxCpltCallback
                0x00000000080030a0       0x3c build/lora/uart-board.o
                0x00000000080030a0                HAL_UART_RxCpltCallback
 .text.HAL_UART_ErrorCallback
                0x00000000080030dc       0x18 build/lora/uart-board.o
                0x00000000080030dc                HAL_UART_ErrorCallback
 .text.USART2_IRQHandler
                0x00000000080030f4       0x44 build/lora/uart-board.o
                0x00000000080030f4                USART2_IRQHandler
 .text.RtcGetCalendarValue
                0x0000000008003138       0xac build/lora/rtc-board.o
 .text.RtcSetTimerContext
                0x00000000080031e4       0x18 build/lora/rtc-board.o
                0x00000000080031e4                RtcSetTimerContext
 .text.RtcInit  0x00000000080031fc       0xb8 build/lora/rtc-board.o
                0x00000000080031fc                RtcInit
 .text.RtcGetTimerContext
                0x00000000080032b4        0xc build/lora/rtc-board.o
                0x00000000080032b4                RtcGetTimerContext
 .text.RtcGetMinimumTimeout
                0x00000000080032c0        0x4 build/lora/rtc-board.o
                0x00000000080032c0                RtcGetMinimumTimeout
 .text.RtcMs2Tick
                0x00000000080032c4       0x12 build/lora/rtc-board.o
                0x00000000080032c4                RtcMs2Tick
 .text.RtcTick2Ms
                0x00000000080032d6       0x16 build/lora/rtc-board.o
                0x00000000080032d6                RtcTick2Ms
 .text.RtcStopAlarm
                0x00000000080032ec       0x2c build/lora/rtc-board.o
                0x00000000080032ec                RtcStopAlarm
 .text.RtcStartAlarm
                0x0000000008003318      0x144 build/lora/rtc-board.o
                0x0000000008003318                RtcStartAlarm
 .text.RtcGetTimerValue
                0x000000000800345c       0x12 build/lora/rtc-board.o
                0x000000000800345c                RtcGetTimerValue
 *fill*         0x000000000800346e        0x2 
 .text.RtcGetTimerElapsedTime
                0x0000000008003470       0x1c build/lora/rtc-board.o
                0x0000000008003470                RtcGetTimerElapsedTime
 .text.RtcSetAlarm
                0x000000000800348c       0x50 build/lora/rtc-board.o
                0x000000000800348c                RtcSetAlarm
 .text.RtcSetMcuWakeUpTime
                0x00000000080034dc       0x84 build/lora/rtc-board.o
                0x00000000080034dc                RtcSetMcuWakeUpTime
 .text.HAL_RTC_AlarmAEventCallback
                0x0000000008003560        0x8 build/lora/rtc-board.o
                0x0000000008003560                HAL_RTC_AlarmAEventCallback
 .text.RTC_Alarm_IRQHandler
                0x0000000008003568       0x44 build/lora/rtc-board.o
                0x0000000008003568                RTC_Alarm_IRQHandler
 .text.LpmSetOffMode
                0x00000000080035ac       0x38 build/lora/lpm-board.o
                0x00000000080035ac                LpmSetOffMode
 .text.LpmSetStopMode
                0x00000000080035e4       0x38 build/lora/lpm-board.o
                0x00000000080035e4                LpmSetStopMode
 .text.LpmGetMode
                0x000000000800361c       0x34 build/lora/lpm-board.o
                0x000000000800361c                LpmGetMode
 .text.LpmExitSleepMode
                0x0000000008003650        0x2 build/lora/lpm-board.o
                0x0000000008003650                LpmExitSleepMode
 .text.LpmEnterOffMode
                0x0000000008003652        0x2 build/lora/lpm-board.o
                0x0000000008003652                LpmEnterOffMode
 .text.LpmExitOffMode
                0x0000000008003654        0x2 build/lora/lpm-board.o
                0x0000000008003654                LpmExitOffMode
 *fill*         0x0000000008003656        0x2 
 .text.LpmEnterLowPower
                0x0000000008003658       0x34 build/lora/lpm-board.o
                0x0000000008003658                LpmEnterLowPower
 .text.NMI_Handler
                0x000000000800368c        0x2 build/lora/sysIrqHandlers.o
                0x000000000800368c                NMI_Handler
 .text.MemManage_Handler
                0x000000000800368e        0x2 build/lora/sysIrqHandlers.o
                0x000000000800368e                MemManage_Handler
 .text.BusFault_Handler
                0x0000000008003690        0x2 build/lora/sysIrqHandlers.o
                0x0000000008003690                BusFault_Handler
 .text.UsageFault_Handler
                0x0000000008003692        0x2 build/lora/sysIrqHandlers.o
                0x0000000008003692                UsageFault_Handler
 .text.DebugMon_Handler
                0x0000000008003694        0x2 build/lora/sysIrqHandlers.o
                0x0000000008003694                DebugMon_Handler
 *fill*         0x0000000008003696        0x2 
 .text.HAL_GPIO_Init
                0x0000000008003698      0x2f0 build/lora/stm32l1xx_hal_gpio.o
                0x0000000008003698                HAL_GPIO_Init
 .text.HAL_GPIO_WritePin
                0x0000000008003988       0x38 build/lora/stm32l1xx_hal_gpio.o
                0x0000000008003988                HAL_GPIO_WritePin
 .text.HAL_GPIO_TogglePin
                0x00000000080039c0       0x20 build/lora/stm32l1xx_hal_gpio.o
                0x00000000080039c0                HAL_GPIO_TogglePin
 .text.HAL_GPIO_EXTI_IRQHandler
                0x00000000080039e0       0x1c build/lora/stm32l1xx_hal_gpio.o
                0x00000000080039e0                HAL_GPIO_EXTI_IRQHandler
 .text.UART_Transmit_IT
                0x00000000080039fc       0x6c build/lora/stm32l1xx_hal_uart.o
 .text.HAL_UART_Transmit_IT
                0x0000000008003a68       0x66 build/lora/stm32l1xx_hal_uart.o
                0x0000000008003a68                HAL_UART_Transmit_IT
 .text.HAL_UART_Receive_IT
                0x0000000008003ace       0x7e build/lora/stm32l1xx_hal_uart.o
                0x0000000008003ace                HAL_UART_Receive_IT
 .text.UART_EndTransmit_IT
                0x0000000008003b4c       0x2c build/lora/stm32l1xx_hal_uart.o
 .text.UART_Receive_IT
                0x0000000008003b78       0xb6 build/lora/stm32l1xx_hal_uart.o
 .text.HAL_UART_IRQHandler
                0x0000000008003c2e       0xca build/lora/stm32l1xx_hal_uart.o
                0x0000000008003c2e                HAL_UART_IRQHandler
 .text.HAL_PWR_DisablePVD
                0x0000000008003cf8       0x1a build/lora/stm32l1xx_hal_pwr.o
                0x0000000008003cf8                HAL_PWR_DisablePVD
 *fill*         0x0000000008003d12        0x2 
 .text.HAL_PWR_EnterSLEEPMode
                0x0000000008003d14       0x5c build/lora/stm32l1xx_hal_pwr.o
                0x0000000008003d14                HAL_PWR_EnterSLEEPMode
 .text.HAL_PWR_EnterSTOPMode
                0x0000000008003d70       0x68 build/lora/stm32l1xx_hal_pwr.o
                0x0000000008003d70                HAL_PWR_EnterSTOPMode
 .text.HAL_PWREx_EnableFastWakeUp
                0x0000000008003dd8       0x1c build/lora/stm32l1xx_hal_pwr_ex.o
                0x0000000008003dd8                HAL_PWREx_EnableFastWakeUp
 .text.HAL_PWREx_EnableUltraLowPower
                0x0000000008003df4       0x1c build/lora/stm32l1xx_hal_pwr_ex.o
                0x0000000008003df4                HAL_PWREx_EnableUltraLowPower
 .text.HAL_MspInit
                0x0000000008003e10        0x2 build/lora/stm32l1xx_hal.o
                0x0000000008003e10                HAL_MspInit
 *fill*         0x0000000008003e12        0x2 
 .text.HAL_InitTick
                0x0000000008003e14       0x2c build/lora/stm32l1xx_hal.o
                0x0000000008003e14                HAL_InitTick
 .text.HAL_Init
                0x0000000008003e40       0x16 build/lora/stm32l1xx_hal.o
                0x0000000008003e40                HAL_Init
 *fill*         0x0000000008003e56        0x2 
 .text.HAL_IncTick
                0x0000000008003e58       0x10 build/lora/stm32l1xx_hal.o
                0x0000000008003e58                HAL_IncTick
 .text.HAL_GetTick
                0x0000000008003e68        0xc build/lora/stm32l1xx_hal.o
                0x0000000008003e68                HAL_GetTick
 .text.HAL_Delay
                0x0000000008003e74       0x1c build/lora/stm32l1xx_hal.o
                0x0000000008003e74                HAL_Delay
 .text.HAL_DBGMCU_EnableDBGSleepMode
                0x0000000008003e90       0x10 build/lora/stm32l1xx_hal.o
                0x0000000008003e90                HAL_DBGMCU_EnableDBGSleepMode
 .text.HAL_DBGMCU_EnableDBGStopMode
                0x0000000008003ea0       0x10 build/lora/stm32l1xx_hal.o
                0x0000000008003ea0                HAL_DBGMCU_EnableDBGStopMode
 .text.HAL_DBGMCU_EnableDBGStandbyMode
                0x0000000008003eb0       0x10 build/lora/stm32l1xx_hal.o
                0x0000000008003eb0                HAL_DBGMCU_EnableDBGStandbyMode
 .text.RCC_SetFlashLatencyFromMSIRange
                0x0000000008003ec0       0x94 build/lora/stm32l1xx_hal_rcc.o
 .text.HAL_RCC_OscConfig
                0x0000000008003f54      0x95c build/lora/stm32l1xx_hal_rcc.o
                0x0000000008003f54                HAL_RCC_OscConfig
 .text.HAL_RCC_GetSysClockFreq
                0x00000000080048b0       0x94 build/lora/stm32l1xx_hal_rcc.o
                0x00000000080048b0                HAL_RCC_GetSysClockFreq
 .text.HAL_RCC_ClockConfig
                0x0000000008004944      0x314 build/lora/stm32l1xx_hal_rcc.o
                0x0000000008004944                HAL_RCC_ClockConfig
 .text.HAL_RCC_GetHCLKFreq
                0x0000000008004c58        0xc build/lora/stm32l1xx_hal_rcc.o
                0x0000000008004c58                HAL_RCC_GetHCLKFreq
 .text.HAL_RCCEx_PeriphCLKConfig
                0x0000000008004c64      0x228 build/lora/stm32l1xx_hal_rcc_ex.o
                0x0000000008004c64                HAL_RCCEx_PeriphCLKConfig
 .text.HAL_NVIC_SetPriorityGrouping
                0x0000000008004e8c       0x3c build/lora/stm32l1xx_hal_cortex.o
                0x0000000008004e8c                HAL_NVIC_SetPriorityGrouping
 .text.HAL_NVIC_SetPriority
                0x0000000008004ec8       0x8c build/lora/stm32l1xx_hal_cortex.o
                0x0000000008004ec8                HAL_NVIC_SetPriority
 .text.HAL_NVIC_EnableIRQ
                0x0000000008004f54       0x2c build/lora/stm32l1xx_hal_cortex.o
                0x0000000008004f54                HAL_NVIC_EnableIRQ
 .text.HAL_SYSTICK_Config
                0x0000000008004f80       0x2c build/lora/stm32l1xx_hal_cortex.o
                0x0000000008004f80                HAL_SYSTICK_Config
 .text.HAL_NVIC_GetPendingIRQ
                0x0000000008004fac       0x1c build/lora/stm32l1xx_hal_cortex.o
                0x0000000008004fac                HAL_NVIC_GetPendingIRQ
 .text.HAL_SYSTICK_CLKSourceConfig
                0x0000000008004fc8       0x3c build/lora/stm32l1xx_hal_cortex.o
                0x0000000008004fc8                HAL_SYSTICK_CLKSourceConfig
 .text.HAL_SYSTICK_Callback
                0x0000000008005004        0x2 build/lora/stm32l1xx_hal_cortex.o
                0x0000000008005004                HAL_SYSTICK_Callback
 .text.HAL_SYSTICK_IRQHandler
                0x0000000008005006        0x8 build/lora/stm32l1xx_hal_cortex.o
                0x0000000008005006                HAL_SYSTICK_IRQHandler
 .text.HAL_SPI_MspInit
                0x000000000800500e        0x2 build/lora/stm32l1xx_hal_spi.o
                0x000000000800500e                HAL_SPI_MspInit
 .text.HAL_SPI_MspDeInit
                0x0000000008005010        0x2 build/lora/stm32l1xx_hal_spi.o
                0x0000000008005010                HAL_SPI_MspDeInit
 .text.HAL_SPI_DeInit
                0x0000000008005012       0x26 build/lora/stm32l1xx_hal_spi.o
                0x0000000008005012                HAL_SPI_DeInit
 .text.HAL_SPI_Init
                0x0000000008005038      0x1a8 build/lora/stm32l1xx_hal_spi_ex.o
                0x0000000008005038                HAL_SPI_Init
 .text.HAL_RTC_MspInit
                0x00000000080051e0        0x2 build/lora/stm32l1xx_hal_rtc.o
                0x00000000080051e0                HAL_RTC_MspInit
 *fill*         0x00000000080051e2        0x2 
 .text.HAL_RTC_DeactivateAlarm
                0x00000000080051e4       0xd8 build/lora/stm32l1xx_hal_rtc.o
                0x00000000080051e4                HAL_RTC_DeactivateAlarm
 .text.RTC_EnterInitMode
                0x00000000080052bc       0x3c build/lora/stm32l1xx_hal_rtc.o
                0x00000000080052bc                RTC_EnterInitMode
 .text.HAL_RTC_Init
                0x00000000080052f8      0x140 build/lora/stm32l1xx_hal_rtc.o
                0x00000000080052f8                HAL_RTC_Init
 .text.RTC_ByteToBcd2
                0x0000000008005438       0x16 build/lora/stm32l1xx_hal_rtc.o
                0x0000000008005438                RTC_ByteToBcd2
 .text.RTC_Bcd2ToByte
                0x000000000800544e       0x12 build/lora/stm32l1xx_hal_rtc.o
                0x000000000800544e                RTC_Bcd2ToByte
 .text.HAL_RTC_SetTime
                0x0000000008005460      0x20c build/lora/stm32l1xx_hal_rtc.o
                0x0000000008005460                HAL_RTC_SetTime
 .text.HAL_RTC_SetDate
                0x000000000800566c      0x184 build/lora/stm32l1xx_hal_rtc.o
                0x000000000800566c                HAL_RTC_SetDate
 .text.HAL_RTC_GetDate
                0x00000000080057f0       0x5c build/lora/stm32l1xx_hal_rtc.o
                0x00000000080057f0                HAL_RTC_GetDate
 .text.HAL_RTC_GetTime
                0x000000000800584c       0x70 build/lora/stm32l1xx_hal_rtc_ex.o
                0x000000000800584c                HAL_RTC_GetTime
 .text.HAL_RTC_SetAlarm_IT
                0x00000000080058bc      0x3a8 build/lora/stm32l1xx_hal_rtc_ex.o
                0x00000000080058bc                HAL_RTC_SetAlarm_IT
 .text.HAL_RTC_GetAlarm
                0x0000000008005c64       0xbc build/lora/stm32l1xx_hal_rtc_ex.o
                0x0000000008005c64                HAL_RTC_GetAlarm
 .text.HAL_RTC_WaitForSynchro
                0x0000000008005d20       0x3e build/lora/stm32l1xx_hal_rtc_ex.o
                0x0000000008005d20                HAL_RTC_WaitForSynchro
 .text.HAL_RTCEx_EnableBypassShadow
                0x0000000008005d5e       0x38 build/lora/stm32l1xx_hal_rtc_ex.o
                0x0000000008005d5e                HAL_RTCEx_EnableBypassShadow
 *fill*         0x0000000008005d96        0x2 
 .text.ceil     0x0000000008005d98      0x110 /home/slonegd/code/gcc-arm-none-eabi-7-2018-q2-update/bin/../lib/gcc/arm-none-eabi/7.3.1/../../../../arm-none-eabi/lib/thumb/v7-m/libm.a(lib_a-s_ceil.o)
                0x0000000008005d98                ceil
 .text.floor    0x0000000008005ea8      0x108 /home/slonegd/code/gcc-arm-none-eabi-7-2018-q2-update/bin/../lib/gcc/arm-none-eabi/7.3.1/../../../../arm-none-eabi/lib/thumb/v7-m/libm.a(lib_a-s_floor.o)
                0x0000000008005ea8                floor
 .text.round    0x0000000008005fb0       0x9c /home/slonegd/code/gcc-arm-none-eabi-7-2018-q2-update/bin/../lib/gcc/arm-none-eabi/7.3.1/../../../../arm-none-eabi/lib/thumb/v7-m/libm.a(lib_a-s_round.o)
                0x0000000008005fb0                round
 .text          0x000000000800604c      0x378 /home/slonegd/code/gcc-arm-none-eabi-7-2018-q2-update/bin/../lib/gcc/arm-none-eabi/7.3.1/thumb/v7-m/libgcc.a(_arm_addsubdf3.o)
                0x000000000800604c                __aeabi_drsub
                0x0000000008006054                __aeabi_dsub
                0x0000000008006054                __subdf3
                0x0000000008006058                __adddf3
                0x0000000008006058                __aeabi_dadd
                0x00000000080062d0                __aeabi_ui2d
                0x00000000080062d0                __floatunsidf
                0x00000000080062f0                __floatsidf
                0x00000000080062f0                __aeabi_i2d
                0x0000000008006314                __extendsfdf2
                0x0000000008006314                __aeabi_f2d
                0x0000000008006358                __aeabi_ul2d
                0x0000000008006358                __floatundidf
                0x0000000008006368                __floatdidf
                0x0000000008006368                __aeabi_l2d
 .text          0x00000000080063c4      0x424 /home/slonegd/code/gcc-arm-none-eabi-7-2018-q2-update/bin/../lib/gcc/arm-none-eabi/7.3.1/thumb/v7-m/libgcc.a(_arm_muldivdf3.o)
                0x00000000080063c4                __aeabi_dmul
                0x00000000080063c4                __muldf3
                0x0000000008006618                __aeabi_ddiv
                0x0000000008006618                __divdf3
 .text          0x00000000080067e8      0x110 /home/slonegd/code/gcc-arm-none-eabi-7-2018-q2-update/bin/../lib/gcc/arm-none-eabi/7.3.1/thumb/v7-m/libgcc.a(_arm_cmpdf2.o)
                0x00000000080067e8                __gtdf2
                0x00000000080067e8                __gedf2
                0x00000000080067f0                __ltdf2
                0x00000000080067f0                __ledf2
                0x00000000080067f8                __cmpdf2
                0x00000000080067f8                __eqdf2
                0x00000000080067f8                __nedf2
                0x0000000008006874                __aeabi_cdrcmple
                0x0000000008006884                __aeabi_cdcmple
                0x0000000008006884                __aeabi_cdcmpeq
                0x0000000008006894                __aeabi_dcmpeq
                0x00000000080068a8                __aeabi_dcmplt
                0x00000000080068bc                __aeabi_dcmple
                0x00000000080068d0                __aeabi_dcmpge
                0x00000000080068e4                __aeabi_dcmpgt
 .text          0x00000000080068f8       0x50 /home/slonegd/code/gcc-arm-none-eabi-7-2018-q2-update/bin/../lib/gcc/arm-none-eabi/7.3.1/thumb/v7-m/libgcc.a(_arm_fixdfsi.o)
                0x00000000080068f8                __fixdfsi
                0x00000000080068f8                __aeabi_d2iz
 .text          0x0000000008006948       0x40 /home/slonegd/code/gcc-arm-none-eabi-7-2018-q2-update/bin/../lib/gcc/arm-none-eabi/7.3.1/thumb/v7-m/libgcc.a(_arm_fixunsdfsi.o)
                0x0000000008006948                __fixunsdfsi
                0x0000000008006948                __aeabi_d2uiz
 .text          0x0000000008006988       0x30 /home/slonegd/code/gcc-arm-none-eabi-7-2018-q2-update/bin/../lib/gcc/arm-none-eabi/7.3.1/thumb/v7-m/libgcc.a(_aeabi_uldivmod.o)
                0x0000000008006988                __aeabi_uldivmod
 .text          0x00000000080069b8      0x2d0 /home/slonegd/code/gcc-arm-none-eabi-7-2018-q2-update/bin/../lib/gcc/arm-none-eabi/7.3.1/thumb/v7-m/libgcc.a(_udivmoddi4.o)
                0x00000000080069b8                __udivmoddi4
 .text          0x0000000008006c88      0xa00 /home/slonegd/code/gcc-arm-none-eabi-7-2018-q2-update/bin/../lib/gcc/arm-none-eabi/7.3.1/thumb/v7-m/libgcc.a(unwind-arm.o)
                0x0000000008006f44                _Unwind_GetCFA
                0x0000000008006f48                __gnu_Unwind_RaiseException
                0x0000000008006fa8                __gnu_Unwind_ForcedUnwind
                0x0000000008006fbc                __gnu_Unwind_Resume
                0x0000000008007000                __gnu_Unwind_Resume_or_Rethrow
                0x0000000008007014                _Unwind_Complete
                0x0000000008007018                _Unwind_DeleteException
                0x0000000008007024                _Unwind_VRS_Get
                0x0000000008007068                _Unwind_VRS_Set
                0x00000000080070b0                __gnu_Unwind_Backtrace
                0x00000000080073f8                __aeabi_unwind_cpp_pr0
                0x00000000080073fc                __aeabi_unwind_cpp_pr1
                0x0000000008007400                __aeabi_unwind_cpp_pr2
                0x0000000008007404                _Unwind_VRS_Pop
 .text          0x0000000008007688      0x1ac /home/slonegd/code/gcc-arm-none-eabi-7-2018-q2-update/bin/../lib/gcc/arm-none-eabi/7.3.1/thumb/v7-m/libgcc.a(libunwind.o)
                0x0000000008007688                __restore_core_regs
                0x0000000008007688                restore_core_regs
                0x00000000080076a0                __gnu_Unwind_Restore_VFP
                0x00000000080076a8                __gnu_Unwind_Save_VFP
                0x00000000080076b0                __gnu_Unwind_Restore_VFP_D
                0x00000000080076b8                __gnu_Unwind_Save_VFP_D
                0x00000000080076c0                __gnu_Unwind_Restore_VFP_D_16_to_31
                0x00000000080076c8                __gnu_Unwind_Save_VFP_D_16_to_31
                0x00000000080076d0                __gnu_Unwind_Restore_WMMXD
                0x0000000008007714                __gnu_Unwind_Save_WMMXD
                0x0000000008007758                __gnu_Unwind_Restore_WMMXC
                0x000000000800776c                __gnu_Unwind_Save_WMMXC
                0x0000000008007780                ___Unwind_RaiseException
                0x0000000008007780                _Unwind_RaiseException
                0x00000000080077a4                ___Unwind_Resume
                0x00000000080077a4                _Unwind_Resume
                0x00000000080077c8                _Unwind_Resume_or_Rethrow
                0x00000000080077c8                ___Unwind_Resume_or_Rethrow
                0x00000000080077ec                ___Unwind_ForcedUnwind
                0x00000000080077ec                _Unwind_ForcedUnwind
                0x0000000008007810                _Unwind_Backtrace
                0x0000000008007810                ___Unwind_Backtrace
 .text          0x0000000008007834      0x378 /home/slonegd/code/gcc-arm-none-eabi-7-2018-q2-update/bin/../lib/gcc/arm-none-eabi/7.3.1/thumb/v7-m/libgcc.a(pr-support.o)
                0x000000000800788c                __gnu_unwind_execute
                0x0000000008007b50                __gnu_unwind_frame
                0x0000000008007b7c                _Unwind_GetRegionStart
                0x0000000008007b88                _Unwind_GetLanguageSpecificData
                0x0000000008007b9c                _Unwind_GetDataRelBase
                0x0000000008007ba4                _Unwind_GetTextRelBase
 .text          0x0000000008007bac        0x4 /home/slonegd/code/gcc-arm-none-eabi-7-2018-q2-update/bin/../lib/gcc/arm-none-eabi/7.3.1/thumb/v7-m/libgcc.a(_dvmd_tls.o)
                0x0000000008007bac                __aeabi_ldiv0
                0x0000000008007bac                __aeabi_idiv0
 .text.abort    0x0000000008007bb0        0xe /home/slonegd/code/gcc-arm-none-eabi-7-2018-q2-update/bin/../lib/gcc/arm-none-eabi/7.3.1/../../../../arm-none-eabi/lib/thumb/v7-m/libg_nano.a(lib_a-abort.o)
                0x0000000008007bb0                abort
 *fill*         0x0000000008007bbe        0x2 
 .text.__libc_init_array
                0x0000000008007bc0       0x48 /home/slonegd/code/gcc-arm-none-eabi-7-2018-q2-update/bin/../lib/gcc/arm-none-eabi/7.3.1/../../../../arm-none-eabi/lib/thumb/v7-m/libg_nano.a(lib_a-init.o)
                0x0000000008007bc0                __libc_init_array
 .text.memcpy   0x0000000008007c08       0x16 /home/slonegd/code/gcc-arm-none-eabi-7-2018-q2-update/bin/../lib/gcc/arm-none-eabi/7.3.1/../../../../arm-none-eabi/lib/thumb/v7-m/libg_nano.a(lib_a-memcpy-stub.o)
                0x0000000008007c08                memcpy
 .text.memset   0x0000000008007c1e       0x10 /home/slonegd/code/gcc-arm-none-eabi-7-2018-q2-update/bin/../lib/gcc/arm-none-eabi/7.3.1/../../../../arm-none-eabi/lib/thumb/v7-m/libg_nano.a(lib_a-memset.o)
                0x0000000008007c1e                memset
 *fill*         0x0000000008007c2e        0x2 
 .text.printf   0x0000000008007c30       0x30 /home/slonegd/code/gcc-arm-none-eabi-7-2018-q2-update/bin/../lib/gcc/arm-none-eabi/7.3.1/../../../../arm-none-eabi/lib/thumb/v7-m/libg_nano.a(lib_a-printf.o)
                0x0000000008007c30                printf
                0x0000000008007c30                iprintf
 .text._raise_r
                0x0000000008007c60       0x50 /home/slonegd/code/gcc-arm-none-eabi-7-2018-q2-update/bin/../lib/gcc/arm-none-eabi/7.3.1/../../../../arm-none-eabi/lib/thumb/v7-m/libg_nano.a(lib_a-signal.o)
                0x0000000008007c60                _raise_r
 .text.raise    0x0000000008007cb0       0x10 /home/slonegd/code/gcc-arm-none-eabi-7-2018-q2-update/bin/../lib/gcc/arm-none-eabi/7.3.1/../../../../arm-none-eabi/lib/thumb/v7-m/libg_nano.a(lib_a-signal.o)
                0x0000000008007cb0                raise
 .text._kill_r  0x0000000008007cc0       0x24 /home/slonegd/code/gcc-arm-none-eabi-7-2018-q2-update/bin/../lib/gcc/arm-none-eabi/7.3.1/../../../../arm-none-eabi/lib/thumb/v7-m/libg_nano.a(lib_a-signalr.o)
                0x0000000008007cc0                _kill_r
 .text._getpid_r
                0x0000000008007ce4        0x4 /home/slonegd/code/gcc-arm-none-eabi-7-2018-q2-update/bin/../lib/gcc/arm-none-eabi/7.3.1/../../../../arm-none-eabi/lib/thumb/v7-m/libg_nano.a(lib_a-signalr.o)
                0x0000000008007ce4                _getpid_r
 .text.strncmp  0x0000000008007ce8       0x24 /home/slonegd/code/gcc-arm-none-eabi-7-2018-q2-update/bin/../lib/gcc/arm-none-eabi/7.3.1/../../../../arm-none-eabi/lib/thumb/v7-m/libg_nano.a(lib_a-strncmp.o)
                0x0000000008007ce8                strncmp
 .text.std      0x0000000008007d0c       0x48 /home/slonegd/code/gcc-arm-none-eabi-7-2018-q2-update/bin/../lib/gcc/arm-none-eabi/7.3.1/../../../../arm-none-eabi/lib/thumb/v7-m/libg_nano.a(lib_a-findfp.o)
 .text._cleanup_r
                0x0000000008007d54        0xc /home/slonegd/code/gcc-arm-none-eabi-7-2018-q2-update/bin/../lib/gcc/arm-none-eabi/7.3.1/../../../../arm-none-eabi/lib/thumb/v7-m/libg_nano.a(lib_a-findfp.o)
                0x0000000008007d54                _cleanup_r
 .text.__sfmoreglue
                0x0000000008007d60       0x2c /home/slonegd/code/gcc-arm-none-eabi-7-2018-q2-update/bin/../lib/gcc/arm-none-eabi/7.3.1/../../../../arm-none-eabi/lib/thumb/v7-m/libg_nano.a(lib_a-findfp.o)
                0x0000000008007d60                __sfmoreglue
 .text.__sinit  0x0000000008007d8c       0x60 /home/slonegd/code/gcc-arm-none-eabi-7-2018-q2-update/bin/../lib/gcc/arm-none-eabi/7.3.1/../../../../arm-none-eabi/lib/thumb/v7-m/libg_nano.a(lib_a-findfp.o)
                0x0000000008007d8c                __sinit
 .text.__sfp    0x0000000008007dec       0x78 /home/slonegd/code/gcc-arm-none-eabi-7-2018-q2-update/bin/../lib/gcc/arm-none-eabi/7.3.1/../../../../arm-none-eabi/lib/thumb/v7-m/libg_nano.a(lib_a-findfp.o)
                0x0000000008007dec                __sfp
 .text._fwalk_reent
                0x0000000008007e64       0x3c /home/slonegd/code/gcc-arm-none-eabi-7-2018-q2-update/bin/../lib/gcc/arm-none-eabi/7.3.1/../../../../arm-none-eabi/lib/thumb/v7-m/libg_nano.a(lib_a-fwalk.o)
                0x0000000008007e64                _fwalk_reent
 .text._malloc_r
                0x0000000008007ea0       0xb4 /home/slonegd/code/gcc-arm-none-eabi-7-2018-q2-update/bin/../lib/gcc/arm-none-eabi/7.3.1/../../../../arm-none-eabi/lib/thumb/v7-m/libg_nano.a(lib_a-nano-mallocr.o)
                0x0000000008007ea0                _malloc_r
 .text.__sfputc_r
                0x0000000008007f54       0x2a /home/slonegd/code/gcc-arm-none-eabi-7-2018-q2-update/bin/../lib/gcc/arm-none-eabi/7.3.1/../../../../arm-none-eabi/lib/thumb/v7-m/libg_nano.a(lib_a-nano-vfprintf.o)
 .text.__sfputs_r
                0x0000000008007f7e       0x24 /home/slonegd/code/gcc-arm-none-eabi-7-2018-q2-update/bin/../lib/gcc/arm-none-eabi/7.3.1/../../../../arm-none-eabi/lib/thumb/v7-m/libg_nano.a(lib_a-nano-vfprintf.o)
                0x0000000008007f7e                __sfputs_r
 *fill*         0x0000000008007fa2        0x2 
 .text._vfprintf_r
                0x0000000008007fa4      0x22c /home/slonegd/code/gcc-arm-none-eabi-7-2018-q2-update/bin/../lib/gcc/arm-none-eabi/7.3.1/../../../../arm-none-eabi/lib/thumb/v7-m/libg_nano.a(lib_a-nano-vfprintf.o)
                0x0000000008007fa4                _vfiprintf_r
                0x0000000008007fa4                _vfprintf_r
 .text._printf_common
                0x00000000080081d0       0xec /home/slonegd/code/gcc-arm-none-eabi-7-2018-q2-update/bin/../lib/gcc/arm-none-eabi/7.3.1/../../../../arm-none-eabi/lib/thumb/v7-m/libg_nano.a(lib_a-nano-vfprintf_i.o)
                0x00000000080081d0                _printf_common
 .text._printf_i
                0x00000000080082bc      0x224 /home/slonegd/code/gcc-arm-none-eabi-7-2018-q2-update/bin/../lib/gcc/arm-none-eabi/7.3.1/../../../../arm-none-eabi/lib/thumb/v7-m/libg_nano.a(lib_a-nano-vfprintf_i.o)
                0x00000000080082bc                _printf_i
 .text._sbrk_r  0x00000000080084e0       0x20 /home/slonegd/code/gcc-arm-none-eabi-7-2018-q2-update/bin/../lib/gcc/arm-none-eabi/7.3.1/../../../../arm-none-eabi/lib/thumb/v7-m/libg_nano.a(lib_a-sbrkr.o)
                0x00000000080084e0                _sbrk_r
 .text.__sread  0x0000000008008500       0x22 /home/slonegd/code/gcc-arm-none-eabi-7-2018-q2-update/bin/../lib/gcc/arm-none-eabi/7.3.1/../../../../arm-none-eabi/lib/thumb/v7-m/libg_nano.a(lib_a-stdio.o)
                0x0000000008008500                __sread
 .text.__swrite
                0x0000000008008522       0x38 /home/slonegd/code/gcc-arm-none-eabi-7-2018-q2-update/bin/../lib/gcc/arm-none-eabi/7.3.1/../../../../arm-none-eabi/lib/thumb/v7-m/libg_nano.a(lib_a-stdio.o)
                0x0000000008008522                __swrite
 .text.__sseek  0x000000000800855a       0x24 /home/slonegd/code/gcc-arm-none-eabi-7-2018-q2-update/bin/../lib/gcc/arm-none-eabi/7.3.1/../../../../arm-none-eabi/lib/thumb/v7-m/libg_nano.a(lib_a-stdio.o)
                0x000000000800855a                __sseek
 .text.__sclose
                0x000000000800857e        0x8 /home/slonegd/code/gcc-arm-none-eabi-7-2018-q2-update/bin/../lib/gcc/arm-none-eabi/7.3.1/../../../../arm-none-eabi/lib/thumb/v7-m/libg_nano.a(lib_a-stdio.o)
                0x000000000800857e                __sclose
 *fill*         0x0000000008008586        0x2 
 .text.__swbuf_r
                0x0000000008008588       0xa4 /home/slonegd/code/gcc-arm-none-eabi-7-2018-q2-update/bin/../lib/gcc/arm-none-eabi/7.3.1/../../../../arm-none-eabi/lib/thumb/v7-m/libg_nano.a(lib_a-wbuf.o)
                0x0000000008008588                __swbuf_r
 .text._write_r
                0x000000000800862c       0x24 /home/slonegd/code/gcc-arm-none-eabi-7-2018-q2-update/bin/../lib/gcc/arm-none-eabi/7.3.1/../../../../arm-none-eabi/lib/thumb/v7-m/libg_nano.a(lib_a-writer.o)
                0x000000000800862c                _write_r
 .text.__swsetup_r
                0x0000000008008650       0xdc /home/slonegd/code/gcc-arm-none-eabi-7-2018-q2-update/bin/../lib/gcc/arm-none-eabi/7.3.1/../../../../arm-none-eabi/lib/thumb/v7-m/libg_nano.a(lib_a-wsetup.o)
                0x0000000008008650                __swsetup_r
 .text._close_r
                0x000000000800872c       0x20 /home/slonegd/code/gcc-arm-none-eabi-7-2018-q2-update/bin/../lib/gcc/arm-none-eabi/7.3.1/../../../../arm-none-eabi/lib/thumb/v7-m/libg_nano.a(lib_a-closer.o)
                0x000000000800872c                _close_r
 .text.__sflush_r
                0x000000000800874c      0x10c /home/slonegd/code/gcc-arm-none-eabi-7-2018-q2-update/bin/../lib/gcc/arm-none-eabi/7.3.1/../../../../arm-none-eabi/lib/thumb/v7-m/libg_nano.a(lib_a-fflush.o)
                0x000000000800874c                __sflush_r
 .text._fflush_r
                0x0000000008008858       0x54 /home/slonegd/code/gcc-arm-none-eabi-7-2018-q2-update/bin/../lib/gcc/arm-none-eabi/7.3.1/../../../../arm-none-eabi/lib/thumb/v7-m/libg_nano.a(lib_a-fflush.o)
                0x0000000008008858                _fflush_r
 .text._lseek_r
                0x00000000080088ac       0x24 /home/slonegd/code/gcc-arm-none-eabi-7-2018-q2-update/bin/../lib/gcc/arm-none-eabi/7.3.1/../../../../arm-none-eabi/lib/thumb/v7-m/libg_nano.a(lib_a-lseekr.o)
                0x00000000080088ac                _lseek_r
 .text.__swhatbuf_r
                0x00000000080088d0       0x48 /home/slonegd/code/gcc-arm-none-eabi-7-2018-q2-update/bin/../lib/gcc/arm-none-eabi/7.3.1/../../../../arm-none-eabi/lib/thumb/v7-m/libg_nano.a(lib_a-makebuf.o)
                0x00000000080088d0                __swhatbuf_r
 .text.__smakebuf_r
                0x0000000008008918       0x80 /home/slonegd/code/gcc-arm-none-eabi-7-2018-q2-update/bin/../lib/gcc/arm-none-eabi/7.3.1/../../../../arm-none-eabi/lib/thumb/v7-m/libg_nano.a(lib_a-makebuf.o)
                0x0000000008008918                __smakebuf_r
 .text.memchr   0x0000000008008998       0x1c /home/slonegd/code/gcc-arm-none-eabi-7-2018-q2-update/bin/../lib/gcc/arm-none-eabi/7.3.1/../../../../arm-none-eabi/lib/thumb/v7-m/libg_nano.a(lib_a-memchr-stub.o)
                0x0000000008008998                memchr
 .text.__malloc_lock
                0x00000000080089b4        0x2 /home/slonegd/code/gcc-arm-none-eabi-7-2018-q2-update/bin/../lib/gcc/arm-none-eabi/7.3.1/../../../../arm-none-eabi/lib/thumb/v7-m/libg_nano.a(lib_a-mlock.o)
                0x00000000080089b4                __malloc_lock
 .text.__malloc_unlock
                0x00000000080089b6        0x2 /home/slonegd/code/gcc-arm-none-eabi-7-2018-q2-update/bin/../lib/gcc/arm-none-eabi/7.3.1/../../../../arm-none-eabi/lib/thumb/v7-m/libg_nano.a(lib_a-mlock.o)
                0x00000000080089b6                __malloc_unlock
 .text._free_r  0x00000000080089b8       0x98 /home/slonegd/code/gcc-arm-none-eabi-7-2018-q2-update/bin/../lib/gcc/arm-none-eabi/7.3.1/../../../../arm-none-eabi/lib/thumb/v7-m/libg_nano.a(lib_a-nano-freer.o)
                0x00000000080089b8                _free_r
 .text._read_r  0x0000000008008a50       0x24 /home/slonegd/code/gcc-arm-none-eabi-7-2018-q2-update/bin/../lib/gcc/arm-none-eabi/7.3.1/../../../../arm-none-eabi/lib/thumb/v7-m/libg_nano.a(lib_a-readr.o)
                0x0000000008008a50                _read_r
 .text._fstat_r
                0x0000000008008a74       0x24 /home/slonegd/code/gcc-arm-none-eabi-7-2018-q2-update/bin/../lib/gcc/arm-none-eabi/7.3.1/../../../../arm-none-eabi/lib/thumb/v7-m/libg_nano.a(lib_a-fstatr.o)
                0x0000000008008a74                _fstat_r
 .text._isatty_r
                0x0000000008008a98       0x20 /home/slonegd/code/gcc-arm-none-eabi-7-2018-q2-update/bin/../lib/gcc/arm-none-eabi/7.3.1/../../../../arm-none-eabi/lib/thumb/v7-m/libg_nano.a(lib_a-isattyr.o)
                0x0000000008008a98                _isatty_r
 .text._close   0x0000000008008ab8       0x10 /home/slonegd/code/gcc-arm-none-eabi-7-2018-q2-update/bin/../lib/gcc/arm-none-eabi/7.3.1/../../../../arm-none-eabi/lib/thumb/v7-m/libnosys.a(close.o)
                0x0000000008008ab8                _close
 .text._fstat   0x0000000008008ac8       0x10 /home/slonegd/code/gcc-arm-none-eabi-7-2018-q2-update/bin/../lib/gcc/arm-none-eabi/7.3.1/../../../../arm-none-eabi/lib/thumb/v7-m/libnosys.a(fstat.o)
                0x0000000008008ac8                _fstat
 .text._getpid  0x0000000008008ad8       0x10 /home/slonegd/code/gcc-arm-none-eabi-7-2018-q2-update/bin/../lib/gcc/arm-none-eabi/7.3.1/../../../../arm-none-eabi/lib/thumb/v7-m/libnosys.a(getpid.o)
                0x0000000008008ad8                _getpid
 .text._isatty  0x0000000008008ae8       0x10 /home/slonegd/code/gcc-arm-none-eabi-7-2018-q2-update/bin/../lib/gcc/arm-none-eabi/7.3.1/../../../../arm-none-eabi/lib/thumb/v7-m/libnosys.a(isatty.o)
                0x0000000008008ae8                _isatty
 .text._kill    0x0000000008008af8       0x10 /home/slonegd/code/gcc-arm-none-eabi-7-2018-q2-update/bin/../lib/gcc/arm-none-eabi/7.3.1/../../../../arm-none-eabi/lib/thumb/v7-m/libnosys.a(kill.o)
                0x0000000008008af8                _kill
 .text._lseek   0x0000000008008b08       0x10 /home/slonegd/code/gcc-arm-none-eabi-7-2018-q2-update/bin/../lib/gcc/arm-none-eabi/7.3.1/../../../../arm-none-eabi/lib/thumb/v7-m/libnosys.a(lseek.o)
                0x0000000008008b08                _lseek
 .text._sbrk    0x0000000008008b18       0x1c /home/slonegd/code/gcc-arm-none-eabi-7-2018-q2-update/bin/../lib/gcc/arm-none-eabi/7.3.1/../../../../arm-none-eabi/lib/thumb/v7-m/libnosys.a(sbrk.o)
                0x0000000008008b18                _sbrk
 .text._exit    0x0000000008008b34        0x4 /home/slonegd/code/gcc-arm-none-eabi-7-2018-q2-update/bin/../lib/gcc/arm-none-eabi/7.3.1/../../../../arm-none-eabi/lib/thumb/v7-m/libnosys.a(_exit.o)
                0x0000000008008b34                _exit
 *(.init)
 .init          0x0000000008008b38        0x4 /home/slonegd/code/gcc-arm-none-eabi-7-2018-q2-update/bin/../lib/gcc/arm-none-eabi/7.3.1/thumb/v7-m/crti.o
                0x0000000008008b38                _init
 .init          0x0000000008008b3c        0x8 /home/slonegd/code/gcc-arm-none-eabi-7-2018-q2-update/bin/../lib/gcc/arm-none-eabi/7.3.1/thumb/v7-m/crtn.o
 *(.fini)
 .fini          0x0000000008008b44        0x4 /home/slonegd/code/gcc-arm-none-eabi-7-2018-q2-update/bin/../lib/gcc/arm-none-eabi/7.3.1/thumb/v7-m/crti.o
                0x0000000008008b44                _fini
 .fini          0x0000000008008b48        0x8 /home/slonegd/code/gcc-arm-none-eabi-7-2018-q2-update/bin/../lib/gcc/arm-none-eabi/7.3.1/thumb/v7-m/crtn.o
 *crtbegin.o(.ctors)
 *crtbegin?.o(.ctors)
 *(EXCLUDE_FILE(*crtend.o *crtend?.o) .ctors)
 *(SORT_BY_NAME(.ctors.*))
 *(.ctors)
 *crtbegin.o(.dtors)
 *crtbegin?.o(.dtors)
 *(EXCLUDE_FILE(*crtend.o *crtend?.o) .dtors)
 *(SORT_BY_NAME(.dtors.*))
 *(.dtors)
 *(.rodata*)
 .rodata.SystemClockConfig.str1.4
                0x0000000008008b50       0x10 build/main.o
 .rodata._ZL7PingMsg
                0x0000000008008b60        0x5 build/main.o
 *fill*         0x0000000008008b65        0x3 
 .rodata._ZL7PongMsg
                0x0000000008008b68        0x5 build/main.o
 *fill*         0x0000000008008b6d        0x3 
 .rodata.assert_failed.str1.4
                0x0000000008008b70       0x2e build/main.o
 *fill*         0x0000000008008b9e        0x2 
 .rodata.FskBandwidths
                0x0000000008008ba0       0xb0 build/lora/sx1276.o
                0x0000000008008ba0                FskBandwidths
 .rodata.RadioRegsInit
                0x0000000008008c50       0x30 build/lora/sx1276.o
                0x0000000008008c50                RadioRegsInit
 .rodata.Radio  0x0000000008008c80       0x6c build/lora/sx1276mb1las-board.o
                0x0000000008008c80                Radio
 .rodata.AHBPrescTable
                0x0000000008008cec       0x10 build/lora/system_stm32l1xx.o
                0x0000000008008cec                AHBPrescTable
 .rodata.PLLMulTable
                0x0000000008008cfc        0x9 build/lora/system_stm32l1xx.o
                0x0000000008008cfc                PLLMulTable
 *fill*         0x0000000008008d05        0x3 
 .rodata.SpiInOut.str1.4
                0x0000000008008d08       0x2f build/lora/spi-board.o
 *fill*         0x0000000008008d37        0x1 
 .rodata.GpioMcuWrite.str1.4
                0x0000000008008d38       0x30 build/lora/gpio-board.o
 .rodata.DaysInMonth
                0x0000000008008d68        0xc build/lora/rtc-board.o
 .rodata.DaysInMonthLeapYear
                0x0000000008008d74        0xc build/lora/rtc-board.o
 .rodata.HAL_GPIO_Init.str1.4
                0x0000000008008d80       0x50 build/lora/stm32l1xx_hal_gpio.o
 .rodata.HAL_PWR_ConfigPVD.str1.4
                0x0000000008008dd0       0x4f build/lora/stm32l1xx_hal_pwr.o
 *fill*         0x0000000008008e1f        0x1 
 .rodata.HAL_RCC_OscConfig.str1.4
                0x0000000008008e20       0x4f build/lora/stm32l1xx_hal_rcc.o
 *fill*         0x0000000008008e6f        0x1 
 .rodata.HAL_RCCEx_PeriphCLKConfig.str1.4
                0x0000000008008e70       0x52 build/lora/stm32l1xx_hal_rcc_ex.o
 *fill*         0x0000000008008ec2        0x2 
 .rodata.HAL_NVIC_SetPriorityGrouping.str1.4
                0x0000000008008ec4       0x52 build/lora/stm32l1xx_hal_cortex.o
 *fill*         0x0000000008008f16        0x2 
 .rodata.HAL_SPI_Init.str1.4
                0x0000000008008f18       0x52 build/lora/stm32l1xx_hal_spi_ex.o
 *fill*         0x0000000008008f6a        0x2 
 .rodata.HAL_RTC_DeactivateAlarm.str1.4
                0x0000000008008f6c       0x4f build/lora/stm32l1xx_hal_rtc.o
 *fill*         0x0000000008008fbb        0x1 
 .rodata.HAL_RTC_GetTime.str1.4
                0x0000000008008fbc       0x54 build/lora/stm32l1xx_hal_rtc_ex.o
                                         0x52 (size before relaxing)
 .rodata._global_impure_ptr
                0x0000000008009010        0x4 /home/slonegd/code/gcc-arm-none-eabi-7-2018-q2-update/bin/../lib/gcc/arm-none-eabi/7.3.1/../../../../arm-none-eabi/lib/thumb/v7-m/libg_nano.a(lib_a-impure.o)
                0x0000000008009010                _global_impure_ptr
 .rodata.__sf_fake_stderr
                0x0000000008009014       0x20 /home/slonegd/code/gcc-arm-none-eabi-7-2018-q2-update/bin/../lib/gcc/arm-none-eabi/7.3.1/../../../../arm-none-eabi/lib/thumb/v7-m/libg_nano.a(lib_a-findfp.o)
                0x0000000008009014                __sf_fake_stderr
 .rodata.__sf_fake_stdin
                0x0000000008009034       0x20 /home/slonegd/code/gcc-arm-none-eabi-7-2018-q2-update/bin/../lib/gcc/arm-none-eabi/7.3.1/../../../../arm-none-eabi/lib/thumb/v7-m/libg_nano.a(lib_a-findfp.o)
                0x0000000008009034                __sf_fake_stdin
 .rodata.__sf_fake_stdout
                0x0000000008009054       0x20 /home/slonegd/code/gcc-arm-none-eabi-7-2018-q2-update/bin/../lib/gcc/arm-none-eabi/7.3.1/../../../../arm-none-eabi/lib/thumb/v7-m/libg_nano.a(lib_a-findfp.o)
                0x0000000008009054                __sf_fake_stdout
 .rodata._vfprintf_r.str1.1
                0x0000000008009074       0x11 /home/slonegd/code/gcc-arm-none-eabi-7-2018-q2-update/bin/../lib/gcc/arm-none-eabi/7.3.1/../../../../arm-none-eabi/lib/thumb/v7-m/libg_nano.a(lib_a-nano-vfprintf.o)
 .rodata._printf_i.str1.1
                0x0000000008009085       0x22 /home/slonegd/code/gcc-arm-none-eabi-7-2018-q2-update/bin/../lib/gcc/arm-none-eabi/7.3.1/../../../../arm-none-eabi/lib/thumb/v7-m/libg_nano.a(lib_a-nano-vfprintf_i.o)
 *(.eh_frame*)
 *fill*         0x00000000080090a7        0x1 
 .eh_frame      0x00000000080090a8        0x0 /home/slonegd/code/gcc-arm-none-eabi-7-2018-q2-update/bin/../lib/gcc/arm-none-eabi/7.3.1/thumb/v7-m/crtbegin.o
 .eh_frame      0x00000000080090a8        0x4 /home/slonegd/code/gcc-arm-none-eabi-7-2018-q2-update/bin/../lib/gcc/arm-none-eabi/7.3.1/thumb/v7-m/crtend.o

.glue_7         0x00000000080090ac        0x0
 .glue_7        0x00000000080090ac        0x0 linker stubs

.glue_7t        0x00000000080090ac        0x0
 .glue_7t       0x00000000080090ac        0x0 linker stubs

.vfp11_veneer   0x00000000080090ac        0x0
 .vfp11_veneer  0x00000000080090ac        0x0 linker stubs

.v4_bx          0x00000000080090ac        0x0
 .v4_bx         0x00000000080090ac        0x0 linker stubs

.iplt           0x00000000080090ac        0x0
 .iplt          0x00000000080090ac        0x0 /home/slonegd/code/gcc-arm-none-eabi-7-2018-q2-update/bin/../lib/gcc/arm-none-eabi/7.3.1/thumb/v7-m/crtbegin.o

.ARM.extab      0x00000000080090ac       0x9c
 *(.ARM.extab* .gnu.linkonce.armextab.*)
 .ARM.extab.text._Z8OnTxDonev
                0x00000000080090ac        0xc build/main.o
 .ARM.extab.text._Z11OnTxTimeoutv
                0x00000000080090b8        0xc build/main.o
 .ARM.extab.text._Z11OnRxTimeoutv
                0x00000000080090c4        0xc build/main.o
 .ARM.extab.text._Z9OnRxErrorv
                0x00000000080090d0        0xc build/main.o
 .ARM.extab.text.BoardUnusedIoInit
                0x00000000080090dc        0xc build/main.o
 .ARM.extab.text.OnCalibrateSystemWakeupTimeTimerEvent
                0x00000000080090e8        0xc build/main.o
 .ARM.extab.text.BoardDeInitMcu
                0x00000000080090f4        0xc build/main.o
 .ARM.extab.text.SysTick_Handler
                0x0000000008009100        0xc build/main.o
 .ARM.extab.text.LpmEnterSleepMode
                0x000000000800910c        0xc build/main.o
 .ARM.extab.text.BoardLowPowerHandler
                0x0000000008009118        0xc build/main.o
 .ARM.extab.text.assert_failed
                0x0000000008009124        0xc build/main.o
 .ARM.extab.text._ZN3lmn5Radio10board_initEv
                0x0000000008009130        0x0 build/main.o
 .ARM.extab     0x0000000008009130       0x18 /home/slonegd/code/gcc-arm-none-eabi-7-2018-q2-update/bin/../lib/gcc/arm-none-eabi/7.3.1/thumb/v7-m/libgcc.a(pr-support.o)
                0x0000000008009148                __exidx_start = .

.ARM.exidx      0x0000000008009148      0x170
 *(.ARM.exidx* .gnu.linkonce.armexidx.*)
 .ARM.exidx.text._Z8OnTxDonev
                0x0000000008009148        0x8 build/main.o
 .ARM.exidx.text._Z11OnTxTimeoutv
                0x0000000008009150        0x8 build/main.o
 .ARM.exidx.text._Z11OnRxTimeoutv
                0x0000000008009158        0x8 build/main.o
 .ARM.exidx.text._Z9OnRxErrorv
                0x0000000008009160        0x8 build/main.o
 .ARM.exidx.text.BoardUnusedIoInit
                0x0000000008009168        0x8 build/main.o
 .ARM.exidx.text.SystemClockReConfig
                0x0000000008009170        0x8 build/main.o
 .ARM.exidx.text.CalibrateSystemWakeupTime
                0x0000000008009178        0x8 build/main.o
 .ARM.exidx.text.OnCalibrateSystemWakeupTimeTimerEvent
                0x0000000008009180        0x8 build/main.o
 .ARM.exidx.text._Z8OnRxDonePhtsa
                0x0000000008009188        0x8 build/main.o
 .ARM.exidx.text.BoardCriticalSectionBegin
                0x0000000008009190        0x8 build/main.o
 .ARM.exidx.text.BoardCriticalSectionEnd
                0x0000000008009198        0x0 build/main.o
                                          0x8 (size before relaxing)
 .ARM.exidx.text.BoardDeInitMcu
                0x0000000008009198        0x8 build/main.o
 .ARM.exidx.text.SysTick_Handler
                0x00000000080091a0        0x8 build/main.o
 .ARM.exidx.text.GetBoardPowerSource
                0x00000000080091a8        0x8 build/main.o
 .ARM.exidx.text.LpmEnterStopMode
                0x00000000080091b0        0x8 build/main.o
 .ARM.exidx.text.LpmEnterSleepMode
                0x00000000080091b8        0x8 build/main.o
 .ARM.exidx.text.BoardLowPowerHandler
                0x00000000080091c0        0x8 build/main.o
 .ARM.exidx.text._write
                0x00000000080091c8        0x8 build/main.o
 .ARM.exidx.text._read
                0x00000000080091d0        0x8 build/main.o
 .ARM.exidx.text.assert_failed
                0x00000000080091d8        0x8 build/main.o
 .ARM.exidx.text.SystemClockConfig
                0x00000000080091e0        0x8 build/main.o
 .ARM.exidx.text._ZN3lmn5Radio10board_initEv
                0x00000000080091e8        0x8 build/main.o
 .ARM.exidx.text.BoardInitMcu
                0x00000000080091f0        0x0 build/main.o
                                          0x8 (size before relaxing)
 .ARM.exidx.text.LpmExitStopMode
                0x00000000080091f0        0x8 build/main.o
 .ARM.exidx.text.main
                0x00000000080091f8       0x10 build/main.o
                                          0x8 (size before relaxing)
 .ARM.exidx     0x0000000008009208        0x0 /home/slonegd/code/gcc-arm-none-eabi-7-2018-q2-update/bin/../lib/gcc/arm-none-eabi/7.3.1/thumb/v7-m/libgcc.a(_udivmoddi4.o)
                                          0x8 (size before relaxing)
 .ARM.exidx     0x0000000008009208       0x78 /home/slonegd/code/gcc-arm-none-eabi-7-2018-q2-update/bin/../lib/gcc/arm-none-eabi/7.3.1/thumb/v7-m/libgcc.a(unwind-arm.o)
                                         0xd8 (size before relaxing)
 .ARM.exidx     0x0000000008009280       0x38 /home/slonegd/code/gcc-arm-none-eabi-7-2018-q2-update/bin/../lib/gcc/arm-none-eabi/7.3.1/thumb/v7-m/libgcc.a(pr-support.o)
                                         0x48 (size before relaxing)
                0x00000000080092b8                __exidx_end = .
                0x00000000080092b8                __etext = .
                0x00000000080092b8                _sidata = __etext

.rel.dyn        0x00000000080092b8        0x0
 .rel.iplt      0x00000000080092b8        0x0 /home/slonegd/code/gcc-arm-none-eabi-7-2018-q2-update/bin/../lib/gcc/arm-none-eabi/7.3.1/thumb/v7-m/crtbegin.o

.data           0x0000000020000000       0x8c load address 0x00000000080092b8
                0x0000000020000000                __data_start__ = .
                0x0000000020000000                _sdata = .
 *(vtable)
 *(.data*)
 .data.BufferSize
                0x0000000020000000        0x2 build/main.o
                0x0000000020000000                BufferSize
 *fill*         0x0000000020000002        0x2 
 .data.DioIrq   0x0000000020000004       0x18 build/lora/sx1276.o
                0x0000000020000004                DioIrq
 .data.SystemCoreClock
                0x000000002000001c        0x4 build/lora/system_stm32l1xx.o
                0x000000002000001c                SystemCoreClock
 .data._impure_ptr
                0x0000000020000020        0x4 /home/slonegd/code/gcc-arm-none-eabi-7-2018-q2-update/bin/../lib/gcc/arm-none-eabi/7.3.1/../../../../arm-none-eabi/lib/thumb/v7-m/libg_nano.a(lib_a-impure.o)
                0x0000000020000020                _impure_ptr
 .data.impure_data
                0x0000000020000024       0x60 /home/slonegd/code/gcc-arm-none-eabi-7-2018-q2-update/bin/../lib/gcc/arm-none-eabi/7.3.1/../../../../arm-none-eabi/lib/thumb/v7-m/libg_nano.a(lib_a-impure.o)
                0x0000000020000084                . = ALIGN (0x4)
                0x0000000020000084                PROVIDE (__preinit_array_start = .)
 *(.preinit_array)
                0x0000000020000084                PROVIDE (__preinit_array_end = .)
                0x0000000020000084                . = ALIGN (0x4)
                0x0000000020000084                PROVIDE (__init_array_start = .)
 *(SORT_BY_NAME(.init_array.*))
 *(.init_array)
 .init_array    0x0000000020000084        0x4 /home/slonegd/code/gcc-arm-none-eabi-7-2018-q2-update/bin/../lib/gcc/arm-none-eabi/7.3.1/thumb/v7-m/crtbegin.o
                0x0000000020000088                PROVIDE (__init_array_end = .)
                0x0000000020000088                . = ALIGN (0x4)
                [!provide]                        PROVIDE (__fini_array_start = .)
 *(SORT_BY_NAME(.fini_array.*))
 *(.fini_array)
 .fini_array    0x0000000020000088        0x4 /home/slonegd/code/gcc-arm-none-eabi-7-2018-q2-update/bin/../lib/gcc/arm-none-eabi/7.3.1/thumb/v7-m/crtbegin.o
                [!provide]                        PROVIDE (__fini_array_end = .)
 *(.jcr*)
                0x000000002000008c                . = ALIGN (0x4)
                0x000000002000008c                __data_end__ = .
                0x000000002000008c                _edata = .

.igot.plt       0x000000002000008c        0x0 load address 0x0000000008009344
 .igot.plt      0x000000002000008c        0x0 /home/slonegd/code/gcc-arm-none-eabi-7-2018-q2-update/bin/../lib/gcc/arm-none-eabi/7.3.1/thumb/v7-m/crtbegin.o

.bss            0x000000002000008c      0x574 load address 0x0000000008009344
                0x000000002000008c                . = ALIGN (0x4)
                0x000000002000008c                __bss_start__ = .
                0x000000002000008c                _sbss = .
 *(.bss*)
 .bss           0x000000002000008c       0x1c /home/slonegd/code/gcc-arm-none-eabi-7-2018-q2-update/bin/../lib/gcc/arm-none-eabi/7.3.1/thumb/v7-m/crtbegin.o
 .bss.Buffer    0x00000000200000a8       0x40 build/main.o
                0x00000000200000a8                Buffer
 .bss.Led1      0x00000000200000e8       0x14 build/main.o
                0x00000000200000e8                Led1
 .bss.Led2      0x00000000200000fc       0x14 build/main.o
                0x00000000200000fc                Led2
 .bss.RssiValue
                0x0000000020000110        0x1 build/main.o
                0x0000000020000110                RssiValue
 .bss.SnrValue  0x0000000020000111        0x1 build/main.o
                0x0000000020000111                SnrValue
 .bss.State     0x0000000020000112        0x1 build/main.o
                0x0000000020000112                State
 *fill*         0x0000000020000113        0x1 
 .bss.Uart2     0x0000000020000114       0x48 build/main.o
                0x0000000020000114                Uart2
 .bss._ZL11RadioEvents
                0x000000002000015c       0x1c build/main.o
 .bss._ZL14McuInitialized
                0x0000000020000178        0x1 build/main.o
 .bss._ZL14UsbIsConnected
                0x0000000020000179        0x1 build/main.o
 .bss._ZL26SystemWakeupTimeCalibrated
                0x000000002000017a        0x1 build/main.o
 *fill*         0x000000002000017b        0x1 
 .bss._ZL30CalibrateSystemWakeupTimeTimer
                0x000000002000017c       0x18 build/main.o
 .bss._ZN3lmn9c_wrapperE
                0x0000000020000194        0x4 build/main.o
                0x0000000020000194                lmn::c_wrapper
 .bss.RadioEvents
                0x0000000020000198        0x4 build/lora/sx1276.o
 .bss.RxTxBuffer
                0x000000002000019c      0x100 build/lora/sx1276.o
 .bss.TimerListHead
                0x000000002000029c        0x4 build/lora/timer.o
 .bss.RadioIsActive
                0x00000000200002a0        0x1 build/lora/sx1276mb1las-board.o
 *fill*         0x00000000200002a1        0x3 
 .bss.SpiHandle
                0x00000000200002a4       0xb0 build/lora/spi-board.o
 .bss.GpioIrq   0x0000000020000354       0x40 build/lora/gpio-board.o
 .bss.RxData    0x0000000020000394        0x1 build/lora/uart-board.o
                0x0000000020000394                RxData
 .bss.TxData    0x0000000020000395        0x1 build/lora/uart-board.o
                0x0000000020000395                TxData
 *fill*         0x0000000020000396        0x2 
 .bss.UartHandle
                0x0000000020000398       0x40 build/lora/uart-board.o
 .bss.McuWakeUpTimeCal
                0x00000000200003d8        0x2 build/lora/rtc-board.o
 .bss.McuWakeUpTimeInitialized
                0x00000000200003da        0x1 build/lora/rtc-board.o
 *fill*         0x00000000200003db        0x1 
 .bss.RtcAlarm  0x00000000200003dc       0x28 build/lora/rtc-board.o
 .bss.RtcHandle
                0x0000000020000404       0x20 build/lora/rtc-board.o
 .bss.RtcInitialized
                0x0000000020000424        0x1 build/lora/rtc-board.o
 *fill*         0x0000000020000425        0x3 
 .bss.RtcTimerContext
                0x0000000020000428       0x1c build/lora/rtc-board.o
 .bss.OffModeDisable
                0x0000000020000444        0x4 build/lora/lpm-board.o
 .bss.StopModeDisable
                0x0000000020000448        0x4 build/lora/lpm-board.o
 .bss.__malloc_free_list
                0x000000002000044c        0x4 /home/slonegd/code/gcc-arm-none-eabi-7-2018-q2-update/bin/../lib/gcc/arm-none-eabi/7.3.1/../../../../arm-none-eabi/lib/thumb/v7-m/libg_nano.a(lib_a-nano-mallocr.o)
                0x000000002000044c                __malloc_free_list
 .bss.__malloc_sbrk_start
                0x0000000020000450        0x4 /home/slonegd/code/gcc-arm-none-eabi-7-2018-q2-update/bin/../lib/gcc/arm-none-eabi/7.3.1/../../../../arm-none-eabi/lib/thumb/v7-m/libg_nano.a(lib_a-nano-mallocr.o)
                0x0000000020000450                __malloc_sbrk_start
 .bss.heap_end.4102
                0x0000000020000454        0x4 /home/slonegd/code/gcc-arm-none-eabi-7-2018-q2-update/bin/../lib/gcc/arm-none-eabi/7.3.1/../../../../arm-none-eabi/lib/thumb/v7-m/libnosys.a(sbrk.o)
 *(COMMON)
 COMMON         0x0000000020000458      0x18c build/lora/sx1276.o
                0x0000000020000458                TxTimeoutTimer
                0x0000000020000470                RxTimeoutSyncWord
                0x0000000020000488                SX1276
                0x00000000200005cc                RxTimeoutTimer
 COMMON         0x00000000200005e4       0x14 build/lora/sx1276mb1las-board.o
                0x00000000200005e4                AntSwitch
 COMMON         0x00000000200005f8        0x4 build/lora/stm32l1xx_hal.o
                0x00000000200005f8                uwTick
 COMMON         0x00000000200005fc        0x4 /home/slonegd/code/gcc-arm-none-eabi-7-2018-q2-update/bin/../lib/gcc/arm-none-eabi/7.3.1/../../../../arm-none-eabi/lib/thumb/v7-m/libg_nano.a(lib_a-reent.o)
                0x00000000200005fc                errno
                0x0000000020000600                . = ALIGN (0x4)
                0x0000000020000600                __bss_end__ = .
                0x0000000020000600                _ebss = .

.heap           0x0000000020000600        0x0
                0x0000000020000600                __end__ = .
                [!provide]                        PROVIDE (_end = .)
                0x0000000020000600                PROVIDE (end = .)
 *(.heap*)
                0x0000000020000600                __HeapLimit = .

.stack_dummy    0x0000000020000600        0x0
 *(.stack*)
                0x0000000020014000                __StackTop = (ORIGIN (RAM) + LENGTH (RAM))
                0x0000000020014000                __StackLimit = (__StackTop - SIZEOF (.stack_dummy))
                0x0000000020014000                PROVIDE (__stack = __StackTop)
                0x0000000000000001                ASSERT ((__StackLimit >= __HeapLimit), region RAM overflowed with stack)
OUTPUT(build/main.elf elf32-littlearm)

.ARM.attributes
                0x0000000000000000       0x29
 .ARM.attributes
                0x0000000000000000       0x1d /home/slonegd/code/gcc-arm-none-eabi-7-2018-q2-update/bin/../lib/gcc/arm-none-eabi/7.3.1/thumb/v7-m/crti.o
 .ARM.attributes
                0x000000000000001d       0x2d /home/slonegd/code/gcc-arm-none-eabi-7-2018-q2-update/bin/../lib/gcc/arm-none-eabi/7.3.1/thumb/v7-m/crtbegin.o
 .ARM.attributes
                0x000000000000004a       0x2f build/main.o
 .ARM.attributes
                0x0000000000000079       0x21 build/startup_stm32l152xe.o
 .ARM.attributes
                0x000000000000009a       0x2f build/lora/sx1276.o
 .ARM.attributes
                0x00000000000000c9       0x2f build/lora/gpio.o
 .ARM.attributes
                0x00000000000000f8       0x2f build/lora/delay.o
 .ARM.attributes
                0x0000000000000127       0x2f build/lora/timer.o
 .ARM.attributes
                0x0000000000000156       0x2f build/lora/fifo.o
 .ARM.attributes
                0x0000000000000185       0x2f build/lora/uart.o
 .ARM.attributes
                0x00000000000001b4       0x2f build/lora/utilities.o
 .ARM.attributes
                0x00000000000001e3       0x2f build/lora/sx1276mb1las-board.o
 .ARM.attributes
                0x0000000000000212       0x2f build/lora/system_stm32l1xx.o
 .ARM.attributes
                0x0000000000000241       0x2f build/lora/spi-board.o
 .ARM.attributes
                0x0000000000000270       0x2f build/lora/gpio-board.o
 .ARM.attributes
                0x000000000000029f       0x2f build/lora/delay-board.o
 .ARM.attributes
                0x00000000000002ce       0x2f build/lora/uart-board.o
 .ARM.attributes
                0x00000000000002fd       0x2f build/lora/rtc-board.o
 .ARM.attributes
                0x000000000000032c       0x2f build/lora/lpm-board.o
 .ARM.attributes
                0x000000000000035b       0x2f build/lora/sysIrqHandlers.o
 .ARM.attributes
                0x000000000000038a       0x2f build/lora/stm32l1xx_hal_gpio.o
 .ARM.attributes
                0x00000000000003b9       0x2f build/lora/stm32l1xx_hal_uart.o
 .ARM.attributes
                0x00000000000003e8       0x2f build/lora/stm32l1xx_hal_pwr.o
 .ARM.attributes
                0x0000000000000417       0x2f build/lora/stm32l1xx_hal_pwr_ex.o
 .ARM.attributes
                0x0000000000000446       0x2f build/lora/stm32l1xx_hal.o
 .ARM.attributes
                0x0000000000000475       0x2f build/lora/stm32l1xx_hal_rcc.o
 .ARM.attributes
                0x00000000000004a4       0x2f build/lora/stm32l1xx_hal_rcc_ex.o
 .ARM.attributes
                0x00000000000004d3       0x2f build/lora/stm32l1xx_hal_cortex.o
 .ARM.attributes
                0x0000000000000502       0x2f build/lora/stm32l1xx_hal_spi.o
 .ARM.attributes
                0x0000000000000531       0x2f build/lora/stm32l1xx_hal_spi_ex.o
 .ARM.attributes
                0x0000000000000560       0x2f build/lora/stm32l1xx_hal_rtc.o
 .ARM.attributes
                0x000000000000058f       0x2f build/lora/stm32l1xx_hal_rtc_ex.o
 .ARM.attributes
                0x00000000000005be       0x2d /home/slonegd/code/gcc-arm-none-eabi-7-2018-q2-update/bin/../lib/gcc/arm-none-eabi/7.3.1/../../../../arm-none-eabi/lib/thumb/v7-m/libm.a(lib_a-s_ceil.o)
 .ARM.attributes
                0x00000000000005eb       0x2d /home/slonegd/code/gcc-arm-none-eabi-7-2018-q2-update/bin/../lib/gcc/arm-none-eabi/7.3.1/../../../../arm-none-eabi/lib/thumb/v7-m/libm.a(lib_a-s_floor.o)
 .ARM.attributes
                0x0000000000000618       0x2d /home/slonegd/code/gcc-arm-none-eabi-7-2018-q2-update/bin/../lib/gcc/arm-none-eabi/7.3.1/../../../../arm-none-eabi/lib/thumb/v7-m/libm.a(lib_a-s_round.o)
 .ARM.attributes
                0x0000000000000645       0x1d /home/slonegd/code/gcc-arm-none-eabi-7-2018-q2-update/bin/../lib/gcc/arm-none-eabi/7.3.1/thumb/v7-m/libgcc.a(_arm_addsubdf3.o)
 .ARM.attributes
                0x0000000000000662       0x1d /home/slonegd/code/gcc-arm-none-eabi-7-2018-q2-update/bin/../lib/gcc/arm-none-eabi/7.3.1/thumb/v7-m/libgcc.a(_arm_muldivdf3.o)
 .ARM.attributes
                0x000000000000067f       0x1d /home/slonegd/code/gcc-arm-none-eabi-7-2018-q2-update/bin/../lib/gcc/arm-none-eabi/7.3.1/thumb/v7-m/libgcc.a(_arm_cmpdf2.o)
 .ARM.attributes
                0x000000000000069c       0x1d /home/slonegd/code/gcc-arm-none-eabi-7-2018-q2-update/bin/../lib/gcc/arm-none-eabi/7.3.1/thumb/v7-m/libgcc.a(_arm_fixdfsi.o)
 .ARM.attributes
                0x00000000000006b9       0x1d /home/slonegd/code/gcc-arm-none-eabi-7-2018-q2-update/bin/../lib/gcc/arm-none-eabi/7.3.1/thumb/v7-m/libgcc.a(_arm_fixunsdfsi.o)
 .ARM.attributes
                0x00000000000006d6       0x1d /home/slonegd/code/gcc-arm-none-eabi-7-2018-q2-update/bin/../lib/gcc/arm-none-eabi/7.3.1/thumb/v7-m/libgcc.a(_aeabi_uldivmod.o)
 .ARM.attributes
                0x00000000000006f3       0x2d /home/slonegd/code/gcc-arm-none-eabi-7-2018-q2-update/bin/../lib/gcc/arm-none-eabi/7.3.1/thumb/v7-m/libgcc.a(_udivmoddi4.o)
 .ARM.attributes
                0x0000000000000720       0x2d /home/slonegd/code/gcc-arm-none-eabi-7-2018-q2-update/bin/../lib/gcc/arm-none-eabi/7.3.1/thumb/v7-m/libgcc.a(unwind-arm.o)
 .ARM.attributes
                0x000000000000074d       0x1d /home/slonegd/code/gcc-arm-none-eabi-7-2018-q2-update/bin/../lib/gcc/arm-none-eabi/7.3.1/thumb/v7-m/libgcc.a(libunwind.o)
 .ARM.attributes
                0x000000000000076a       0x2d /home/slonegd/code/gcc-arm-none-eabi-7-2018-q2-update/bin/../lib/gcc/arm-none-eabi/7.3.1/thumb/v7-m/libgcc.a(pr-support.o)
 .ARM.attributes
                0x0000000000000797       0x1d /home/slonegd/code/gcc-arm-none-eabi-7-2018-q2-update/bin/../lib/gcc/arm-none-eabi/7.3.1/thumb/v7-m/libgcc.a(_dvmd_tls.o)
 .ARM.attributes
                0x00000000000007b4       0x2d /home/slonegd/code/gcc-arm-none-eabi-7-2018-q2-update/bin/../lib/gcc/arm-none-eabi/7.3.1/../../../../arm-none-eabi/lib/thumb/v7-m/libg_nano.a(lib_a-abort.o)
 .ARM.attributes
                0x00000000000007e1       0x2d /home/slonegd/code/gcc-arm-none-eabi-7-2018-q2-update/bin/../lib/gcc/arm-none-eabi/7.3.1/../../../../arm-none-eabi/lib/thumb/v7-m/libg_nano.a(lib_a-impure.o)
 .ARM.attributes
                0x000000000000080e       0x2d /home/slonegd/code/gcc-arm-none-eabi-7-2018-q2-update/bin/../lib/gcc/arm-none-eabi/7.3.1/../../../../arm-none-eabi/lib/thumb/v7-m/libg_nano.a(lib_a-init.o)
 .ARM.attributes
                0x000000000000083b       0x2d /home/slonegd/code/gcc-arm-none-eabi-7-2018-q2-update/bin/../lib/gcc/arm-none-eabi/7.3.1/../../../../arm-none-eabi/lib/thumb/v7-m/libg_nano.a(lib_a-memcpy-stub.o)
 .ARM.attributes
                0x0000000000000868       0x2d /home/slonegd/code/gcc-arm-none-eabi-7-2018-q2-update/bin/../lib/gcc/arm-none-eabi/7.3.1/../../../../arm-none-eabi/lib/thumb/v7-m/libg_nano.a(lib_a-memset.o)
 .ARM.attributes
                0x0000000000000895       0x2d /home/slonegd/code/gcc-arm-none-eabi-7-2018-q2-update/bin/../lib/gcc/arm-none-eabi/7.3.1/../../../../arm-none-eabi/lib/thumb/v7-m/libg_nano.a(lib_a-printf.o)
 .ARM.attributes
                0x00000000000008c2       0x2d /home/slonegd/code/gcc-arm-none-eabi-7-2018-q2-update/bin/../lib/gcc/arm-none-eabi/7.3.1/../../../../arm-none-eabi/lib/thumb/v7-m/libg_nano.a(lib_a-signal.o)
 .ARM.attributes
                0x00000000000008ef       0x2d /home/slonegd/code/gcc-arm-none-eabi-7-2018-q2-update/bin/../lib/gcc/arm-none-eabi/7.3.1/../../../../arm-none-eabi/lib/thumb/v7-m/libg_nano.a(lib_a-signalr.o)
 .ARM.attributes
                0x000000000000091c       0x2d /home/slonegd/code/gcc-arm-none-eabi-7-2018-q2-update/bin/../lib/gcc/arm-none-eabi/7.3.1/../../../../arm-none-eabi/lib/thumb/v7-m/libg_nano.a(lib_a-strncmp.o)
 .ARM.attributes
                0x0000000000000949       0x2d /home/slonegd/code/gcc-arm-none-eabi-7-2018-q2-update/bin/../lib/gcc/arm-none-eabi/7.3.1/../../../../arm-none-eabi/lib/thumb/v7-m/libg_nano.a(lib_a-findfp.o)
 .ARM.attributes
                0x0000000000000976       0x2d /home/slonegd/code/gcc-arm-none-eabi-7-2018-q2-update/bin/../lib/gcc/arm-none-eabi/7.3.1/../../../../arm-none-eabi/lib/thumb/v7-m/libg_nano.a(lib_a-fwalk.o)
 .ARM.attributes
                0x00000000000009a3       0x2d /home/slonegd/code/gcc-arm-none-eabi-7-2018-q2-update/bin/../lib/gcc/arm-none-eabi/7.3.1/../../../../arm-none-eabi/lib/thumb/v7-m/libg_nano.a(lib_a-nano-mallocr.o)
 .ARM.attributes
                0x00000000000009d0       0x2d /home/slonegd/code/gcc-arm-none-eabi-7-2018-q2-update/bin/../lib/gcc/arm-none-eabi/7.3.1/../../../../arm-none-eabi/lib/thumb/v7-m/libg_nano.a(lib_a-nano-vfprintf.o)
 .ARM.attributes
                0x00000000000009fd       0x2d /home/slonegd/code/gcc-arm-none-eabi-7-2018-q2-update/bin/../lib/gcc/arm-none-eabi/7.3.1/../../../../arm-none-eabi/lib/thumb/v7-m/libg_nano.a(lib_a-nano-vfprintf_i.o)
 .ARM.attributes
                0x0000000000000a2a       0x2d /home/slonegd/code/gcc-arm-none-eabi-7-2018-q2-update/bin/../lib/gcc/arm-none-eabi/7.3.1/../../../../arm-none-eabi/lib/thumb/v7-m/libg_nano.a(lib_a-reent.o)
 .ARM.attributes
                0x0000000000000a57       0x2d /home/slonegd/code/gcc-arm-none-eabi-7-2018-q2-update/bin/../lib/gcc/arm-none-eabi/7.3.1/../../../../arm-none-eabi/lib/thumb/v7-m/libg_nano.a(lib_a-sbrkr.o)
 .ARM.attributes
                0x0000000000000a84       0x2d /home/slonegd/code/gcc-arm-none-eabi-7-2018-q2-update/bin/../lib/gcc/arm-none-eabi/7.3.1/../../../../arm-none-eabi/lib/thumb/v7-m/libg_nano.a(lib_a-stdio.o)
 .ARM.attributes
                0x0000000000000ab1       0x2d /home/slonegd/code/gcc-arm-none-eabi-7-2018-q2-update/bin/../lib/gcc/arm-none-eabi/7.3.1/../../../../arm-none-eabi/lib/thumb/v7-m/libg_nano.a(lib_a-wbuf.o)
 .ARM.attributes
                0x0000000000000ade       0x2d /home/slonegd/code/gcc-arm-none-eabi-7-2018-q2-update/bin/../lib/gcc/arm-none-eabi/7.3.1/../../../../arm-none-eabi/lib/thumb/v7-m/libg_nano.a(lib_a-writer.o)
 .ARM.attributes
                0x0000000000000b0b       0x2d /home/slonegd/code/gcc-arm-none-eabi-7-2018-q2-update/bin/../lib/gcc/arm-none-eabi/7.3.1/../../../../arm-none-eabi/lib/thumb/v7-m/libg_nano.a(lib_a-wsetup.o)
 .ARM.attributes
                0x0000000000000b38       0x2d /home/slonegd/code/gcc-arm-none-eabi-7-2018-q2-update/bin/../lib/gcc/arm-none-eabi/7.3.1/../../../../arm-none-eabi/lib/thumb/v7-m/libg_nano.a(lib_a-closer.o)
 .ARM.attributes
                0x0000000000000b65       0x2d /home/slonegd/code/gcc-arm-none-eabi-7-2018-q2-update/bin/../lib/gcc/arm-none-eabi/7.3.1/../../../../arm-none-eabi/lib/thumb/v7-m/libg_nano.a(lib_a-fflush.o)
 .ARM.attributes
                0x0000000000000b92       0x2d /home/slonegd/code/gcc-arm-none-eabi-7-2018-q2-update/bin/../lib/gcc/arm-none-eabi/7.3.1/../../../../arm-none-eabi/lib/thumb/v7-m/libg_nano.a(lib_a-lseekr.o)
 .ARM.attributes